<?xml version="1.0"?>
<link_info>
   <banner>TI ARM Linker PC v5.1.6</banner>
   <copyright>Copyright (c) 1996-2014 Texas Instruments Incorporated</copyright>
   <link_time>0x55e7cbf6</link_time>
   <link_errors>0x0</link_errors>
   <output_file>httpserver_intergration.out</output_file>
   <entry_point>
      <name>_c_int00</name>
      <address>0x2000d5d1</address>
   </entry_point>
   <input_file_list>
      <input_file id="fl-2">
         <path>.\</path>
         <kind>object</kind>
         <file>gpio_if.obj</file>
         <name>gpio_if.obj</name>
      </input_file>
      <input_file id="fl-3">
         <path>.\</path>
         <kind>object</kind>
         <file>main.obj</file>
         <name>main.obj</name>
      </input_file>
      <input_file id="fl-4">
         <path>.\</path>
         <kind>object</kind>
         <file>pinmux.obj</file>
         <name>pinmux.obj</name>
      </input_file>
      <input_file id="fl-5">
         <path>.\</path>
         <kind>object</kind>
         <file>smartconfig.obj</file>
         <name>smartconfig.obj</name>
      </input_file>
      <input_file id="fl-6">
         <path>.\</path>
         <kind>object</kind>
         <file>startup_ccs.obj</file>
         <name>startup_ccs.obj</name>
      </input_file>
      <input_file id="fl-7">
         <path>.\</path>
         <kind>object</kind>
         <file>uart_if.obj</file>
         <name>uart_if.obj</name>
      </input_file>
      <input_file id="fl-137">
         <path>c:\ti\ccsv6\tools\compiler\arm_5.1.6\lib\</path>
         <kind>archive</kind>
         <file>rtsv7M4_T_le_eabi.lib</file>
         <name>boot.obj</name>
      </input_file>
      <input_file id="fl-138">
         <path>c:\ti\ccsv6\tools\compiler\arm_5.1.6\lib\</path>
         <kind>archive</kind>
         <file>rtsv7M4_T_le_eabi.lib</file>
         <name>copy_decompress_none.obj</name>
      </input_file>
      <input_file id="fl-139">
         <path>c:\ti\ccsv6\tools\compiler\arm_5.1.6\lib\</path>
         <kind>archive</kind>
         <file>rtsv7M4_T_le_eabi.lib</file>
         <name>copy_decompress_rle.obj</name>
      </input_file>
      <input_file id="fl-13a">
         <path>c:\ti\ccsv6\tools\compiler\arm_5.1.6\lib\</path>
         <kind>archive</kind>
         <file>rtsv7M4_T_le_eabi.lib</file>
         <name>copy_zero_init.obj</name>
      </input_file>
      <input_file id="fl-13b">
         <path>c:\ti\ccsv6\tools\compiler\arm_5.1.6\lib\</path>
         <kind>archive</kind>
         <file>rtsv7M4_T_le_eabi.lib</file>
         <name>exit.obj</name>
      </input_file>
      <input_file id="fl-13c">
         <path>c:\ti\ccsv6\tools\compiler\arm_5.1.6\lib\</path>
         <kind>archive</kind>
         <file>rtsv7M4_T_le_eabi.lib</file>
         <name>memcpy_t2.obj</name>
      </input_file>
      <input_file id="fl-13d">
         <path>c:\ti\ccsv6\tools\compiler\arm_5.1.6\lib\</path>
         <kind>archive</kind>
         <file>rtsv7M4_T_le_eabi.lib</file>
         <name>memmov.obj</name>
      </input_file>
      <input_file id="fl-13e">
         <path>c:\ti\ccsv6\tools\compiler\arm_5.1.6\lib\</path>
         <kind>archive</kind>
         <file>rtsv7M4_T_le_eabi.lib</file>
         <name>memory.obj</name>
      </input_file>
      <input_file id="fl-13f">
         <path>c:\ti\ccsv6\tools\compiler\arm_5.1.6\lib\</path>
         <kind>archive</kind>
         <file>rtsv7M4_T_le_eabi.lib</file>
         <name>memset_t2.obj</name>
      </input_file>
      <input_file id="fl-140">
         <path>c:\ti\ccsv6\tools\compiler\arm_5.1.6\lib\</path>
         <kind>archive</kind>
         <file>rtsv7M4_T_le_eabi.lib</file>
         <name>qsort.obj</name>
      </input_file>
      <input_file id="fl-141">
         <path>c:\ti\ccsv6\tools\compiler\arm_5.1.6\lib\</path>
         <kind>archive</kind>
         <file>rtsv7M4_T_le_eabi.lib</file>
         <name>sprintf.obj</name>
      </input_file>
      <input_file id="fl-142">
         <path>c:\ti\ccsv6\tools\compiler\arm_5.1.6\lib\</path>
         <kind>archive</kind>
         <file>rtsv7M4_T_le_eabi.lib</file>
         <name>stkdepth_vars.obj</name>
      </input_file>
      <input_file id="fl-143">
         <path>c:\ti\ccsv6\tools\compiler\arm_5.1.6\lib\</path>
         <kind>archive</kind>
         <file>rtsv7M4_T_le_eabi.lib</file>
         <name>strcat.obj</name>
      </input_file>
      <input_file id="fl-144">
         <path>c:\ti\ccsv6\tools\compiler\arm_5.1.6\lib\</path>
         <kind>archive</kind>
         <file>rtsv7M4_T_le_eabi.lib</file>
         <name>strcpy.obj</name>
      </input_file>
      <input_file id="fl-145">
         <path>c:\ti\ccsv6\tools\compiler\arm_5.1.6\lib\</path>
         <kind>archive</kind>
         <file>rtsv7M4_T_le_eabi.lib</file>
         <name>strlen.obj</name>
      </input_file>
      <input_file id="fl-146">
         <path>c:\ti\ccsv6\tools\compiler\arm_5.1.6\lib\</path>
         <kind>archive</kind>
         <file>rtsv7M4_T_le_eabi.lib</file>
         <name>strncmp.obj</name>
      </input_file>
      <input_file id="fl-147">
         <path>c:\ti\ccsv6\tools\compiler\arm_5.1.6\lib\</path>
         <kind>archive</kind>
         <file>rtsv7M4_T_le_eabi.lib</file>
         <name>strncpy.obj</name>
      </input_file>
      <input_file id="fl-148">
         <path>c:\ti\ccsv6\tools\compiler\arm_5.1.6\lib\</path>
         <kind>archive</kind>
         <file>rtsv7M4_T_le_eabi.lib</file>
         <name>vsnprintf.obj</name>
      </input_file>
      <input_file id="fl-149">
         <path>c:\ti\ccsv6\tools\compiler\arm_5.1.6\lib\</path>
         <kind>archive</kind>
         <file>rtsv7M4_T_le_eabi.lib</file>
         <name>_lock.obj</name>
      </input_file>
      <input_file id="fl-14a">
         <path>c:\ti\ccsv6\tools\compiler\arm_5.1.6\lib\</path>
         <kind>archive</kind>
         <file>rtsv7M4_T_le_eabi.lib</file>
         <name>_printfi.obj</name>
      </input_file>
      <input_file id="fl-14b">
         <path>c:\ti\ccsv6\tools\compiler\arm_5.1.6\lib\</path>
         <kind>archive</kind>
         <file>rtsv7M4_T_le_eabi.lib</file>
         <name>args_main.obj</name>
      </input_file>
      <input_file id="fl-14c">
         <path>c:\ti\ccsv6\tools\compiler\arm_5.1.6\lib\</path>
         <kind>archive</kind>
         <file>rtsv7M4_T_le_eabi.lib</file>
         <name>atoi.obj</name>
      </input_file>
      <input_file id="fl-14d">
         <path>c:\ti\ccsv6\tools\compiler\arm_5.1.6\lib\</path>
         <kind>archive</kind>
         <file>rtsv7M4_T_le_eabi.lib</file>
         <name>auto_init.obj</name>
      </input_file>
      <input_file id="fl-14e">
         <path>c:\ti\ccsv6\tools\compiler\arm_5.1.6\lib\</path>
         <kind>archive</kind>
         <file>rtsv7M4_T_le_eabi.lib</file>
         <name>cpy_tbl.obj</name>
      </input_file>
      <input_file id="fl-14f">
         <path>c:\ti\ccsv6\tools\compiler\arm_5.1.6\lib\</path>
         <kind>archive</kind>
         <file>rtsv7M4_T_le_eabi.lib</file>
         <name>ctype.obj</name>
      </input_file>
      <input_file id="fl-150">
         <path>c:\ti\ccsv6\tools\compiler\arm_5.1.6\lib\</path>
         <kind>archive</kind>
         <file>rtsv7M4_T_le_eabi.lib</file>
         <name>fd_add_t2.obj</name>
      </input_file>
      <input_file id="fl-151">
         <path>c:\ti\ccsv6\tools\compiler\arm_5.1.6\lib\</path>
         <kind>archive</kind>
         <file>rtsv7M4_T_le_eabi.lib</file>
         <name>fd_cmp_t2.obj</name>
      </input_file>
      <input_file id="fl-152">
         <path>c:\ti\ccsv6\tools\compiler\arm_5.1.6\lib\</path>
         <kind>archive</kind>
         <file>rtsv7M4_T_le_eabi.lib</file>
         <name>fd_div_t2.obj</name>
      </input_file>
      <input_file id="fl-153">
         <path>c:\ti\ccsv6\tools\compiler\arm_5.1.6\lib\</path>
         <kind>archive</kind>
         <file>rtsv7M4_T_le_eabi.lib</file>
         <name>fd_mul_t2.obj</name>
      </input_file>
      <input_file id="fl-154">
         <path>c:\ti\ccsv6\tools\compiler\arm_5.1.6\lib\</path>
         <kind>archive</kind>
         <file>rtsv7M4_T_le_eabi.lib</file>
         <name>fd_toi_t2.obj</name>
      </input_file>
      <input_file id="fl-155">
         <path>c:\ti\ccsv6\tools\compiler\arm_5.1.6\lib\</path>
         <kind>archive</kind>
         <file>rtsv7M4_T_le_eabi.lib</file>
         <name>i_tofd_t2.obj</name>
      </input_file>
      <input_file id="fl-156">
         <path>c:\ti\ccsv6\tools\compiler\arm_5.1.6\lib\</path>
         <kind>archive</kind>
         <file>rtsv7M4_T_le_eabi.lib</file>
         <name>ll_mul_t2.obj</name>
      </input_file>
      <input_file id="fl-157">
         <path>c:\ti\ccsv6\tools\compiler\arm_5.1.6\lib\</path>
         <kind>archive</kind>
         <file>rtsv7M4_T_le_eabi.lib</file>
         <name>ltoa.obj</name>
      </input_file>
      <input_file id="fl-158">
         <path>c:\ti\ccsv6\tools\compiler\arm_5.1.6\lib\</path>
         <kind>archive</kind>
         <file>rtsv7M4_T_le_eabi.lib</file>
         <name>memccpy.obj</name>
      </input_file>
      <input_file id="fl-159">
         <path>c:\ti\ccsv6\tools\compiler\arm_5.1.6\lib\</path>
         <kind>archive</kind>
         <file>rtsv7M4_T_le_eabi.lib</file>
         <name>ull_div_t2.obj</name>
      </input_file>
      <input_file id="fl-15a">
         <path>c:\ti\ccsv6\tools\compiler\arm_5.1.6\lib\</path>
         <kind>archive</kind>
         <file>rtsv7M4_T_le_eabi.lib</file>
         <name>xdclass.obj</name>
      </input_file>
      <input_file id="fl-15b">
         <path>c:\ti\ccsv6\tools\compiler\arm_5.1.6\lib\</path>
         <kind>archive</kind>
         <file>rtsv7M4_T_le_eabi.lib</file>
         <name>xdtest.obj</name>
      </input_file>
      <input_file id="fl-15c">
         <path>C:\ti\CC3200SDK_1.0.0\cc3200-sdk\simplelink\ccs\OS\</path>
         <kind>archive</kind>
         <file>simplelink.a</file>
         <name>device.obj</name>
      </input_file>
      <input_file id="fl-15d">
         <path>C:\ti\CC3200SDK_1.0.0\cc3200-sdk\simplelink\ccs\OS\</path>
         <kind>archive</kind>
         <file>simplelink.a</file>
         <name>driver.obj</name>
      </input_file>
      <input_file id="fl-15e">
         <path>C:\ti\CC3200SDK_1.0.0\cc3200-sdk\simplelink\ccs\OS\</path>
         <kind>archive</kind>
         <file>simplelink.a</file>
         <name>flowcont.obj</name>
      </input_file>
      <input_file id="fl-15f">
         <path>C:\ti\CC3200SDK_1.0.0\cc3200-sdk\simplelink\ccs\OS\</path>
         <kind>archive</kind>
         <file>simplelink.a</file>
         <name>netapp.obj</name>
      </input_file>
      <input_file id="fl-160">
         <path>C:\ti\CC3200SDK_1.0.0\cc3200-sdk\simplelink\ccs\OS\</path>
         <kind>archive</kind>
         <file>simplelink.a</file>
         <name>netcfg.obj</name>
      </input_file>
      <input_file id="fl-161">
         <path>C:\ti\CC3200SDK_1.0.0\cc3200-sdk\simplelink\ccs\OS\</path>
         <kind>archive</kind>
         <file>simplelink.a</file>
         <name>socket.obj</name>
      </input_file>
      <input_file id="fl-162">
         <path>C:\ti\CC3200SDK_1.0.0\cc3200-sdk\simplelink\ccs\OS\</path>
         <kind>archive</kind>
         <file>simplelink.a</file>
         <name>wlan.obj</name>
      </input_file>
      <input_file id="fl-163">
         <path>C:\ti\CC3200SDK_1.0.0\cc3200-sdk\simplelink\ccs\OS\</path>
         <kind>archive</kind>
         <file>simplelink.a</file>
         <name>cc_pal.obj</name>
      </input_file>
      <input_file id="fl-164">
         <path>C:\ti\CC3200SDK_1.0.0\cc3200-sdk\driverlib\ccs\Release\</path>
         <kind>archive</kind>
         <file>driverlib.a</file>
         <name>gpio.obj</name>
      </input_file>
      <input_file id="fl-165">
         <path>C:\ti\CC3200SDK_1.0.0\cc3200-sdk\driverlib\ccs\Release\</path>
         <kind>archive</kind>
         <file>driverlib.a</file>
         <name>interrupt.obj</name>
      </input_file>
      <input_file id="fl-166">
         <path>C:\ti\CC3200SDK_1.0.0\cc3200-sdk\driverlib\ccs\Release\</path>
         <kind>archive</kind>
         <file>driverlib.a</file>
         <name>pin.obj</name>
      </input_file>
      <input_file id="fl-167">
         <path>C:\ti\CC3200SDK_1.0.0\cc3200-sdk\driverlib\ccs\Release\</path>
         <kind>archive</kind>
         <file>driverlib.a</file>
         <name>prcm.obj</name>
      </input_file>
      <input_file id="fl-168">
         <path>C:\ti\CC3200SDK_1.0.0\cc3200-sdk\driverlib\ccs\Release\</path>
         <kind>archive</kind>
         <file>driverlib.a</file>
         <name>spi.obj</name>
      </input_file>
      <input_file id="fl-169">
         <path>C:\ti\CC3200SDK_1.0.0\cc3200-sdk\driverlib\ccs\Release\</path>
         <kind>archive</kind>
         <file>driverlib.a</file>
         <name>uart.obj</name>
      </input_file>
      <input_file id="fl-16a">
         <path>C:\ti\CC3200SDK_1.0.0\cc3200-sdk\driverlib\ccs\Release\</path>
         <kind>archive</kind>
         <file>driverlib.a</file>
         <name>udma.obj</name>
      </input_file>
      <input_file id="fl-16b">
         <path>C:\ti\CC3200SDK_1.0.0\cc3200-sdk\driverlib\ccs\Release\</path>
         <kind>archive</kind>
         <file>driverlib.a</file>
         <name>utils.obj</name>
      </input_file>
      <input_file id="fl-16c">
         <path>C:\ti\CC3200SDK_1.0.0\cc3200-sdk\driverlib\ccs\Release\</path>
         <kind>archive</kind>
         <file>driverlib.a</file>
         <name>cpu.obj</name>
      </input_file>
      <input_file id="fl-16d">
         <path>C:\ti\CC3200SDK_1.0.0\cc3200-sdk\driverlib\ccs\Release\</path>
         <kind>archive</kind>
         <file>driverlib.a</file>
         <name>flash.obj</name>
      </input_file>
      <input_file id="fl-16e">
         <path>C:\ti\CC3200SDK_1.0.0\cc3200-sdk\oslib\ccs\free_rtos\</path>
         <kind>archive</kind>
         <file>free_rtos.a</file>
         <name>osi_freertos.obj</name>
      </input_file>
      <input_file id="fl-16f">
         <path>C:\ti\CC3200SDK_1.0.0\cc3200-sdk\oslib\ccs\free_rtos\</path>
         <kind>archive</kind>
         <file>free_rtos.a</file>
         <name>port.obj</name>
      </input_file>
      <input_file id="fl-170">
         <path>C:\ti\CC3200SDK_1.0.0\cc3200-sdk\oslib\ccs\free_rtos\</path>
         <kind>archive</kind>
         <file>free_rtos.a</file>
         <name>portasm.obj</name>
      </input_file>
      <input_file id="fl-171">
         <path>C:\ti\CC3200SDK_1.0.0\cc3200-sdk\oslib\ccs\free_rtos\</path>
         <kind>archive</kind>
         <file>free_rtos.a</file>
         <name>queue.obj</name>
      </input_file>
      <input_file id="fl-172">
         <path>C:\ti\CC3200SDK_1.0.0\cc3200-sdk\oslib\ccs\free_rtos\</path>
         <kind>archive</kind>
         <file>free_rtos.a</file>
         <name>tasks.obj</name>
      </input_file>
      <input_file id="fl-173">
         <path>C:\ti\CC3200SDK_1.0.0\cc3200-sdk\oslib\ccs\free_rtos\</path>
         <kind>archive</kind>
         <file>free_rtos.a</file>
         <name>heap_3.obj</name>
      </input_file>
      <input_file id="fl-174">
         <path>C:\ti\CC3200SDK_1.0.0\cc3200-sdk\oslib\ccs\free_rtos\</path>
         <kind>archive</kind>
         <file>free_rtos.a</file>
         <name>list.obj</name>
      </input_file>
      <input_file id="fl-175">
         <path>c:\ti\ccsv6\tools\compiler\arm_5.1.6\lib\</path>
         <kind>archive</kind>
         <file>rtsv7M4_T_le_eabi.lib</file>
         <name>ll_lsr_t2.obj</name>
      </input_file>
   </input_file_list>
   <object_component_list>
      <object_component id="oc-e">
         <name>.intvecs</name>
         <load_address>0x20004000</load_address>
         <run_address>0x20004000</run_address>
         <size>0x400</size>
         <input_file_ref idref="fl-6"/>
      </object_component>
      <object_component id="oc-a1">
         <name>.text</name>
         <load_address>0x20004400</load_address>
         <run_address>0x20004400</run_address>
         <size>0x18b0</size>
         <input_file_ref idref="fl-3"/>
      </object_component>
      <object_component id="oc-7a">
         <name>.text</name>
         <load_address>0x20005cb0</load_address>
         <run_address>0x20005cb0</run_address>
         <size>0x1258</size>
         <input_file_ref idref="fl-172"/>
      </object_component>
      <object_component id="oc-3c0">
         <name>.text</name>
         <load_address>0x20006f08</load_address>
         <run_address>0x20006f08</run_address>
         <size>0xec0</size>
         <input_file_ref idref="fl-14a"/>
      </object_component>
      <object_component id="oc-3e2">
         <name>.text</name>
         <load_address>0x20007dc8</load_address>
         <run_address>0x20007dc8</run_address>
         <size>0xb24</size>
         <input_file_ref idref="fl-171"/>
      </object_component>
      <object_component id="oc-1ec">
         <name>.text</name>
         <load_address>0x200088ec</load_address>
         <run_address>0x200088ec</run_address>
         <size>0x45c</size>
         <input_file_ref idref="fl-16e"/>
      </object_component>
      <object_component id="oc-25b">
         <name>.text</name>
         <load_address>0x20008d48</load_address>
         <run_address>0x20008d48</run_address>
         <size>0x3cc</size>
         <input_file_ref idref="fl-13e"/>
      </object_component>
      <object_component id="oc-601">
         <name>.text:_SlDrvMsgRead</name>
         <load_address>0x20009114</load_address>
         <run_address>0x20009114</run_address>
         <size>0x3a6</size>
         <input_file_ref idref="fl-15d"/>
      </object_component>
      <object_component id="oc-5ad">
         <name>.text:IntDefaultHandler</name>
         <load_address>0x200094ba</load_address>
         <run_address>0x200094ba</run_address>
         <size>0x2</size>
         <input_file_ref idref="fl-165"/>
      </object_component>
      <object_component id="oc-143">
         <name>.text</name>
         <load_address>0x200094bc</load_address>
         <run_address>0x200094bc</run_address>
         <size>0x354</size>
         <input_file_ref idref="fl-2"/>
      </object_component>
      <object_component id="oc-607">
         <name>.text:_SlAsyncEventGenericHandler</name>
         <load_address>0x20009810</load_address>
         <run_address>0x20009810</run_address>
         <size>0x34c</size>
         <input_file_ref idref="fl-15d"/>
      </object_component>
      <object_component id="oc-113">
         <name>.text</name>
         <load_address>0x20009b5c</load_address>
         <run_address>0x20009b5c</run_address>
         <size>0x2e0</size>
         <input_file_ref idref="fl-7"/>
      </object_component>
      <object_component id="oc-551">
         <name>.text</name>
         <load_address>0x20009e3c</load_address>
         <run_address>0x20009e3c</run_address>
         <size>0x1f4</size>
         <input_file_ref idref="fl-159"/>
      </object_component>
      <object_component id="oc-57f">
         <name>.text</name>
         <load_address>0x2000a030</load_address>
         <run_address>0x2000a030</run_address>
         <size>0x1b6</size>
         <input_file_ref idref="fl-150"/>
      </object_component>
      <object_component id="oc-1bc">
         <name>.text:sl_WlanConnect</name>
         <load_address>0x2000a1e8</load_address>
         <run_address>0x2000a1e8</run_address>
         <size>0x19c</size>
         <input_file_ref idref="fl-162"/>
      </object_component>
      <object_component id="oc-3a1">
         <name>.text:_SlDrvDataReadOp</name>
         <load_address>0x2000a384</load_address>
         <run_address>0x2000a384</run_address>
         <size>0x164</size>
         <input_file_ref idref="fl-15d"/>
      </object_component>
      <object_component id="oc-68c">
         <name>.text:_SlDrvRxHdrRead</name>
         <load_address>0x2000a4e8</load_address>
         <run_address>0x2000a4e8</run_address>
         <size>0x140</size>
         <input_file_ref idref="fl-15d"/>
      </object_component>
      <object_component id="oc-565">
         <name>.text</name>
         <load_address>0x2000a628</load_address>
         <run_address>0x2000a628</run_address>
         <size>0x136</size>
         <input_file_ref idref="fl-152"/>
      </object_component>
      <object_component id="oc-207">
         <name>.text:PRCMCC3200MCUInit</name>
         <load_address>0x2000a760</load_address>
         <run_address>0x2000a760</run_address>
         <size>0x134</size>
         <input_file_ref idref="fl-167"/>
      </object_component>
      <object_component id="oc-2d2">
         <name>.text:spi_Open</name>
         <load_address>0x2000a894</load_address>
         <run_address>0x2000a894</run_address>
         <size>0x130</size>
         <input_file_ref idref="fl-163"/>
      </object_component>
      <object_component id="oc-38f">
         <name>.text:_SlDrvDataWriteOp</name>
         <load_address>0x2000a9c4</load_address>
         <run_address>0x2000a9c4</run_address>
         <size>0x12c</size>
         <input_file_ref idref="fl-15d"/>
      </object_component>
      <object_component id="oc-d2">
         <name>.text</name>
         <load_address>0x2000aaf0</load_address>
         <run_address>0x2000aaf0</run_address>
         <size>0x12a</size>
         <input_file_ref idref="fl-174"/>
      </object_component>
      <object_component id="oc-4f9">
         <name>.text:_SlDrvMsgWrite</name>
         <load_address>0x2000ac1c</load_address>
         <run_address>0x2000ac1c</run_address>
         <size>0x114</size>
         <input_file_ref idref="fl-15d"/>
      </object_component>
      <object_component id="oc-37">
         <name>.text</name>
         <load_address>0x2000ad30</load_address>
         <run_address>0x2000ad30</run_address>
         <size>0x110</size>
         <input_file_ref idref="fl-16f"/>
      </object_component>
      <object_component id="oc-2d8">
         <name>.text:_SlDrvWaitForPoolObj</name>
         <load_address>0x2000ae40</load_address>
         <run_address>0x2000ae40</run_address>
         <size>0x10c</size>
         <input_file_ref idref="fl-15d"/>
      </object_component>
      <object_component id="oc-2f0">
         <name>.text:_SlDrvReleasePoolObj</name>
         <load_address>0x2000af4c</load_address>
         <run_address>0x2000af4c</run_address>
         <size>0x104</size>
         <input_file_ref idref="fl-15d"/>
      </object_component>
      <object_component id="oc-560">
         <name>.text</name>
         <load_address>0x2000b050</load_address>
         <run_address>0x2000b050</run_address>
         <size>0xfc</size>
         <input_file_ref idref="fl-153"/>
      </object_component>
      <object_component id="oc-6be">
         <name>.text:uDMAChannelTransferSet</name>
         <load_address>0x2000b14c</load_address>
         <run_address>0x2000b14c</run_address>
         <size>0xf0</size>
         <input_file_ref idref="fl-16a"/>
      </object_component>
      <object_component id="oc-1b0">
         <name>.text:sl_Connect</name>
         <load_address>0x2000b23c</load_address>
         <run_address>0x2000b23c</run_address>
         <size>0xe8</size>
         <input_file_ref idref="fl-161"/>
      </object_component>
      <object_component id="oc-611">
         <name>.text:spi_Write</name>
         <load_address>0x2000b324</load_address>
         <run_address>0x2000b324</run_address>
         <size>0xe8</size>
         <input_file_ref idref="fl-163"/>
      </object_component>
      <object_component id="oc-698">
         <name>.text:spi_Read</name>
         <load_address>0x2000b40c</load_address>
         <run_address>0x2000b40c</run_address>
         <size>0xcc</size>
         <input_file_ref idref="fl-163"/>
      </object_component>
      <object_component id="oc-14f">
         <name>.text:sl_Stop</name>
         <load_address>0x2000b4d8</load_address>
         <run_address>0x2000b4d8</run_address>
         <size>0xc4</size>
         <input_file_ref idref="fl-15c"/>
      </object_component>
      <object_component id="oc-1ca">
         <name>.text</name>
         <load_address>0x2000b59c</load_address>
         <run_address>0x2000b59c</run_address>
         <size>0xc0</size>
         <input_file_ref idref="fl-140"/>
      </object_component>
      <object_component id="oc-13d">
         <name>.text:sl_Start</name>
         <load_address>0x2000b65c</load_address>
         <run_address>0x2000b65c</run_address>
         <size>0xc0</size>
         <input_file_ref idref="fl-15c"/>
      </object_component>
      <object_component id="oc-32">
         <name>.text</name>
         <load_address>0x2000b71c</load_address>
         <run_address>0x2000b71c</run_address>
         <size>0xba</size>
         <input_file_ref idref="fl-170"/>
      </object_component>
      <object_component id="oc-4ff">
         <name>.text:_SlDrvMsgReadCmdCtx</name>
         <load_address>0x2000b7d8</load_address>
         <run_address>0x2000b7d8</run_address>
         <size>0xb4</size>
         <input_file_ref idref="fl-15d"/>
      </object_component>
      <object_component id="oc-6f6">
         <name>.text:_SlDrvNetAppEventHandler</name>
         <load_address>0x2000b88c</load_address>
         <run_address>0x2000b88c</run_address>
         <size>0xb2</size>
         <input_file_ref idref="fl-15f"/>
      </object_component>
      <object_component id="oc-18c">
         <name>.text:sl_Send</name>
         <load_address>0x2000b940</load_address>
         <run_address>0x2000b940</run_address>
         <size>0xb0</size>
         <input_file_ref idref="fl-161"/>
      </object_component>
      <object_component id="oc-3d6">
         <name>.text:IntDisable</name>
         <load_address>0x2000b9f0</load_address>
         <run_address>0x2000b9f0</run_address>
         <size>0xa8</size>
         <input_file_ref idref="fl-165"/>
      </object_component>
      <object_component id="oc-201">
         <name>.text:IntEnable</name>
         <load_address>0x2000ba98</load_address>
         <run_address>0x2000ba98</run_address>
         <size>0xa8</size>
         <input_file_ref idref="fl-165"/>
      </object_component>
      <object_component id="oc-477">
         <name>.text:SPIConfigSetExpClk</name>
         <load_address>0x2000bb40</load_address>
         <run_address>0x2000bb40</run_address>
         <size>0xa0</size>
         <input_file_ref idref="fl-168"/>
      </object_component>
      <object_component id="oc-55">
         <name>.text</name>
         <load_address>0x2000bbe0</load_address>
         <run_address>0x2000bbe0</run_address>
         <size>0x9c</size>
         <input_file_ref idref="fl-13c"/>
      </object_component>
      <object_component id="oc-69e">
         <name>.text:_SlFindAndSetActiveObj</name>
         <load_address>0x2000bc7c</load_address>
         <run_address>0x2000bc7c</run_address>
         <size>0x98</size>
         <input_file_ref idref="fl-15d"/>
      </object_component>
      <object_component id="oc-281">
         <name>.text:PRCMPeripheralClockGet</name>
         <load_address>0x2000bd14</load_address>
         <run_address>0x2000bd14</run_address>
         <size>0x94</size>
         <input_file_ref idref="fl-167"/>
      </object_component>
      <object_component id="oc-692">
         <name>.text:_SlDrvClassifyRxMsg</name>
         <load_address>0x2000bda8</load_address>
         <run_address>0x2000bda8</run_address>
         <size>0x94</size>
         <input_file_ref idref="fl-15d"/>
      </object_component>
      <object_component id="oc-40">
         <name>.text</name>
         <load_address>0x2000be3c</load_address>
         <run_address>0x2000be3c</run_address>
         <size>0x94</size>
         <input_file_ref idref="fl-14d"/>
      </object_component>
      <object_component id="oc-4df">
         <name>.text:_SlDrvMsgReadSpawnCtx</name>
         <load_address>0x2000bed0</load_address>
         <run_address>0x2000bed0</run_address>
         <size>0x90</size>
         <input_file_ref idref="fl-15d"/>
      </object_component>
      <object_component id="oc-5ce">
         <name>.text:PinConfigSet</name>
         <load_address>0x2000bf60</load_address>
         <run_address>0x2000bf60</run_address>
         <size>0x88</size>
         <input_file_ref idref="fl-166"/>
      </object_component>
      <object_component id="oc-293">
         <name>.text</name>
         <load_address>0x2000bfe8</load_address>
         <run_address>0x2000bfe8</run_address>
         <size>0x88</size>
         <input_file_ref idref="fl-148"/>
      </object_component>
      <object_component id="oc-37b">
         <name>.text:sl_NetAppMDNSRegisterUnregisterService</name>
         <load_address>0x2000c070</load_address>
         <run_address>0x2000c070</run_address>
         <size>0x88</size>
         <input_file_ref idref="fl-15f"/>
      </object_component>
      <object_component id="oc-55b">
         <name>.text:__aeabi_cdcmple</name>
         <load_address>0x2000c0f8</load_address>
         <run_address>0x2000c0f8</run_address>
         <size>0x86</size>
         <input_file_ref idref="fl-151"/>
      </object_component>
      <object_component id="oc-56a">
         <name>.text:__aeabi_cdrcmple</name>
         <load_address>0x2000c17e</load_address>
         <run_address>0x2000c17e</run_address>
         <size>0x86</size>
         <input_file_ref idref="fl-151"/>
      </object_component>
      <object_component id="oc-33a">
         <name>.text:_SlDrvCmdOp</name>
         <load_address>0x2000c204</load_address>
         <run_address>0x2000c204</run_address>
         <size>0x84</size>
         <input_file_ref idref="fl-15d"/>
      </object_component>
      <object_component id="oc-30d">
         <name>.text:GPIOIntTypeSet</name>
         <load_address>0x2000c288</load_address>
         <run_address>0x2000c288</run_address>
         <size>0x82</size>
         <input_file_ref idref="fl-164"/>
      </object_component>
      <object_component id="oc-2c6">
         <name>.text:NwpPowerOnPreamble</name>
         <load_address>0x2000c30c</load_address>
         <run_address>0x2000c30c</run_address>
         <size>0x80</size>
         <input_file_ref idref="fl-163"/>
      </object_component>
      <object_component id="oc-2cc">
         <name>.text:_SlDrvDriverCBInit</name>
         <load_address>0x2000c38c</load_address>
         <run_address>0x2000c38c</run_address>
         <size>0x7c</size>
         <input_file_ref idref="fl-15d"/>
      </object_component>
      <object_component id="oc-62f">
         <name>.text:_sl_HandleAsync_DnsGetHostByName</name>
         <load_address>0x2000c408</load_address>
         <run_address>0x2000c408</run_address>
         <size>0x7c</size>
         <input_file_ref idref="fl-15f"/>
      </object_component>
      <object_component id="oc-155">
         <name>.text:sl_DevGet</name>
         <load_address>0x2000c484</load_address>
         <run_address>0x2000c484</run_address>
         <size>0x7c</size>
         <input_file_ref idref="fl-15c"/>
      </object_component>
      <object_component id="oc-703">
         <name>.text:SetupDMAReceive</name>
         <load_address>0x2000c500</load_address>
         <run_address>0x2000c500</run_address>
         <size>0x78</size>
         <input_file_ref idref="fl-163"/>
      </object_component>
      <object_component id="oc-ee">
         <name>.text</name>
         <load_address>0x2000c578</load_address>
         <run_address>0x2000c578</run_address>
         <size>0x78</size>
         <input_file_ref idref="fl-13f"/>
      </object_component>
      <object_component id="oc-1d9">
         <name>.text:sl_NetCfgGet</name>
         <load_address>0x2000c5f0</load_address>
         <run_address>0x2000c5f0</run_address>
         <size>0x78</size>
         <input_file_ref idref="fl-160"/>
      </object_component>
      <object_component id="oc-287">
         <name>.text:UARTConfigSetExpClk</name>
         <load_address>0x2000c668</load_address>
         <run_address>0x2000c668</run_address>
         <size>0x76</size>
         <input_file_ref idref="fl-169"/>
      </object_component>
      <object_component id="oc-724">
         <name>.text:_sl_HandleAsync_InitComplete</name>
         <load_address>0x2000c6e0</load_address>
         <run_address>0x2000c6e0</run_address>
         <size>0x74</size>
         <input_file_ref idref="fl-15c"/>
      </object_component>
      <object_component id="oc-34b">
         <name>.text:spi_Close</name>
         <load_address>0x2000c754</load_address>
         <run_address>0x2000c754</run_address>
         <size>0x74</size>
         <input_file_ref idref="fl-163"/>
      </object_component>
      <object_component id="oc-63b">
         <name>.text:_sl_HandleAsync_PingResponse</name>
         <load_address>0x2000c7c8</load_address>
         <run_address>0x2000c7c8</run_address>
         <size>0x70</size>
         <input_file_ref idref="fl-15f"/>
      </object_component>
      <object_component id="oc-389">
         <name>.text:_sl_TruncatePayloadByProtocol</name>
         <load_address>0x2000c838</load_address>
         <run_address>0x2000c838</run_address>
         <size>0x6e</size>
         <input_file_ref idref="fl-161"/>
      </object_component>
      <object_component id="oc-623">
         <name>.text:_sl_HandleAsync_Connect</name>
         <load_address>0x2000c8a8</load_address>
         <run_address>0x2000c8a8</run_address>
         <size>0x68</size>
         <input_file_ref idref="fl-161"/>
      </object_component>
      <object_component id="oc-635">
         <name>.text:_sl_HandleAsync_DnsGetHostByService</name>
         <load_address>0x2000c910</load_address>
         <run_address>0x2000c910</run_address>
         <size>0x68</size>
         <input_file_ref idref="fl-15f"/>
      </object_component>
      <object_component id="oc-61d">
         <name>.text:_sl_HandleAsync_Accept</name>
         <load_address>0x2000c978</load_address>
         <run_address>0x2000c978</run_address>
         <size>0x64</size>
         <input_file_ref idref="fl-161"/>
      </object_component>
      <object_component id="oc-489">
         <name>.text:uDMAChannelAttributeDisable</name>
         <load_address>0x2000c9dc</load_address>
         <run_address>0x2000c9dc</run_address>
         <size>0x64</size>
         <input_file_ref idref="fl-16a"/>
      </object_component>
      <object_component id="oc-6b8">
         <name>.text:uDMAChannelAttributeEnable</name>
         <load_address>0x2000ca40</load_address>
         <run_address>0x2000ca40</run_address>
         <size>0x64</size>
         <input_file_ref idref="fl-16a"/>
      </object_component>
      <object_component id="oc-1e0">
         <name>.text</name>
         <load_address>0x2000caa4</load_address>
         <run_address>0x2000caa4</run_address>
         <size>0x60</size>
         <input_file_ref idref="fl-141"/>
      </object_component>
      <object_component id="oc-68">
         <name>.text</name>
         <load_address>0x2000cb04</load_address>
         <run_address>0x2000cb04</run_address>
         <size>0x5e</size>
         <input_file_ref idref="fl-139"/>
      </object_component>
      <object_component id="oc-574">
         <name>.text</name>
         <load_address>0x2000cb62</load_address>
         <run_address>0x2000cb62</run_address>
         <size>0x5a</size>
         <input_file_ref idref="fl-157"/>
      </object_component>
      <object_component id="oc-4c2">
         <name>.text:IntPendClear</name>
         <load_address>0x2000cbbc</load_address>
         <run_address>0x2000cbbc</run_address>
         <size>0x58</size>
         <input_file_ref idref="fl-165"/>
      </object_component>
      <object_component id="oc-40c">
         <name>.text:PRCMPeripheralReset</name>
         <load_address>0x2000cc14</load_address>
         <run_address>0x2000cc14</run_address>
         <size>0x58</size>
         <input_file_ref idref="fl-167"/>
      </object_component>
      <object_component id="oc-351">
         <name>.text:_SlDrvDriverCBDeinit</name>
         <load_address>0x2000cc6c</load_address>
         <run_address>0x2000cc6c</run_address>
         <size>0x58</size>
         <input_file_ref idref="fl-15d"/>
      </object_component>
      <object_component id="oc-629">
         <name>.text:_sl_HandleAsync_Select</name>
         <load_address>0x2000ccc4</load_address>
         <run_address>0x2000ccc4</run_address>
         <size>0x58</size>
         <input_file_ref idref="fl-161"/>
      </object_component>
      <object_component id="oc-3d0">
         <name>.text:IntPrioritySet</name>
         <load_address>0x2000cd1c</load_address>
         <run_address>0x2000cd1c</run_address>
         <size>0x54</size>
         <input_file_ref idref="fl-165"/>
      </object_component>
      <object_component id="oc-641">
         <name>.text:_sl_HandleAsync_Stop</name>
         <load_address>0x2000cd70</load_address>
         <run_address>0x2000cd70</run_address>
         <size>0x54</size>
         <input_file_ref idref="fl-15c"/>
      </object_component>
      <object_component id="oc-71d">
         <name>.text:sl_NetAppSendTokenValue</name>
         <load_address>0x2000cdc4</load_address>
         <run_address>0x2000cdc4</run_address>
         <size>0x54</size>
         <input_file_ref idref="fl-15f"/>
      </object_component>
      <object_component id="oc-1c4">
         <name>.text:sl_WlanGetNetworkList</name>
         <load_address>0x2000ce18</load_address>
         <run_address>0x2000ce18</run_address>
         <size>0x50</size>
         <input_file_ref idref="fl-162"/>
      </object_component>
      <object_component id="oc-4a1">
         <name>.text:SPIIntEnable</name>
         <load_address>0x2000ce68</load_address>
         <run_address>0x2000ce68</run_address>
         <size>0x4c</size>
         <input_file_ref idref="fl-168"/>
      </object_component>
      <object_component id="oc-590">
         <name>.text</name>
         <load_address>0x2000ceb4</load_address>
         <run_address>0x2000ceb4</run_address>
         <size>0x4c</size>
         <input_file_ref idref="fl-14c"/>
      </object_component>
      <object_component id="oc-483">
         <name>.text:uDMAChannelAssign</name>
         <load_address>0x2000cf00</load_address>
         <run_address>0x2000cf00</run_address>
         <size>0x4c</size>
         <input_file_ref idref="fl-16a"/>
      </object_component>
      <object_component id="oc-2f6">
         <name>.text:_sl_GetStartResponseConvert</name>
         <load_address>0x2000cf4c</load_address>
         <run_address>0x2000cf4c</run_address>
         <size>0x4a</size>
         <input_file_ref idref="fl-15c"/>
      </object_component>
      <object_component id="oc-4e9">
         <name>.text:GPIOGetIntNumber</name>
         <load_address>0x2000cf96</load_address>
         <run_address>0x2000cf96</run_address>
         <size>0x48</size>
         <input_file_ref idref="fl-164"/>
      </object_component>
      <object_component id="oc-5f3">
         <name>.text:SPIIntClear</name>
         <load_address>0x2000cfe0</load_address>
         <run_address>0x2000cfe0</run_address>
         <size>0x48</size>
         <input_file_ref idref="fl-168"/>
      </object_component>
      <object_component id="oc-56f">
         <name>.text</name>
         <load_address>0x2000d028</load_address>
         <run_address>0x2000d028</run_address>
         <size>0x48</size>
         <input_file_ref idref="fl-154"/>
      </object_component>
      <object_component id="oc-173">
         <name>.text:sl_WlanSet</name>
         <load_address>0x2000d070</load_address>
         <run_address>0x2000d070</run_address>
         <size>0x48</size>
         <input_file_ref idref="fl-162"/>
      </object_component>
      <object_component id="oc-5e9">
         <name>.text:SPIDmaMaskGet</name>
         <load_address>0x2000d0b8</load_address>
         <run_address>0x2000d0b8</run_address>
         <size>0x44</size>
         <input_file_ref idref="fl-168"/>
      </object_component>
      <object_component id="oc-20d">
         <name>.text</name>
         <load_address>0x2000d0fc</load_address>
         <run_address>0x2000d0fc</run_address>
         <size>0x44</size>
         <input_file_ref idref="fl-4"/>
      </object_component>
      <object_component id="oc-9a">
         <name>.text</name>
         <load_address>0x2000d140</load_address>
         <run_address>0x2000d140</run_address>
         <size>0x44</size>
         <input_file_ref idref="fl-14e"/>
      </object_component>
      <object_component id="oc-4b">
         <name>.text</name>
         <load_address>0x2000d184</load_address>
         <run_address>0x2000d184</run_address>
         <size>0x44</size>
         <input_file_ref idref="fl-13b"/>
      </object_component>
      <object_component id="oc-656">
         <name>.text</name>
         <load_address>0x2000d1c8</load_address>
         <run_address>0x2000d1c8</run_address>
         <size>0x44</size>
         <input_file_ref idref="fl-15b"/>
      </object_component>
      <object_component id="oc-16d">
         <name>.text:sl_NetCfgSet</name>
         <load_address>0x2000d20c</load_address>
         <run_address>0x2000d20c</run_address>
         <size>0x44</size>
         <input_file_ref idref="fl-160"/>
      </object_component>
      <object_component id="oc-198">
         <name>.text:sl_Recv</name>
         <load_address>0x2000d250</load_address>
         <run_address>0x2000d250</run_address>
         <size>0x44</size>
         <input_file_ref idref="fl-161"/>
      </object_component>
      <object_component id="oc-5c8">
         <name>.text:PinModeSet</name>
         <load_address>0x2000d294</load_address>
         <run_address>0x2000d294</run_address>
         <size>0x40</size>
         <input_file_ref idref="fl-166"/>
      </object_component>
      <object_component id="oc-2ff">
         <name>.text:_SlDrvRxIrqHandler</name>
         <load_address>0x2000d2d4</load_address>
         <run_address>0x2000d2d4</run_address>
         <size>0x40</size>
         <input_file_ref idref="fl-15d"/>
      </object_component>
      <object_component id="oc-4ca">
         <name>.text:_SlRemoveFromList</name>
         <load_address>0x2000d314</load_address>
         <run_address>0x2000d314</run_address>
         <size>0x40</size>
         <input_file_ref idref="fl-15d"/>
      </object_component>
      <object_component id="oc-15b">
         <name>.text:sl_WlanPolicySet</name>
         <load_address>0x2000d354</load_address>
         <run_address>0x2000d354</run_address>
         <size>0x40</size>
         <input_file_ref idref="fl-162"/>
      </object_component>
      <object_component id="oc-182">
         <name>.text:sl_WlanRxFilterSet</name>
         <load_address>0x2000d394</load_address>
         <run_address>0x2000d394</run_address>
         <size>0x40</size>
         <input_file_ref idref="fl-162"/>
      </object_component>
      <object_component id="oc-2de">
         <name>.text:NwpPowerOff</name>
         <load_address>0x2000d3d4</load_address>
         <run_address>0x2000d3d4</run_address>
         <size>0x3c</size>
         <input_file_ref idref="fl-163"/>
      </object_component>
      <object_component id="oc-406">
         <name>.text:PRCMPeripheralClkEnable</name>
         <load_address>0x2000d410</load_address>
         <run_address>0x2000d410</run_address>
         <size>0x3c</size>
         <input_file_ref idref="fl-167"/>
      </object_component>
      <object_component id="oc-458">
         <name>.text:_SlDrvObjInit</name>
         <load_address>0x2000d44c</load_address>
         <run_address>0x2000d44c</run_address>
         <size>0x3c</size>
         <input_file_ref idref="fl-15d"/>
      </object_component>
      <object_component id="oc-6b2">
         <name>.text:uDMAChannelControlSet</name>
         <load_address>0x2000d488</load_address>
         <run_address>0x2000d488</run_address>
         <size>0x3c</size>
         <input_file_ref idref="fl-16a"/>
      </object_component>
      <object_component id="oc-e8">
         <name>.text</name>
         <load_address>0x2000d4c4</load_address>
         <run_address>0x2000d4c4</run_address>
         <size>0x38</size>
         <input_file_ref idref="fl-173"/>
      </object_component>
      <object_component id="oc-1a4">
         <name>.text:sl_Htonl</name>
         <load_address>0x2000d4fc</load_address>
         <run_address>0x2000d4fc</run_address>
         <size>0x38</size>
         <input_file_ref idref="fl-161"/>
      </object_component>
      <object_component id="oc-47d">
         <name>.text:PRCMPeripheralStatusGet</name>
         <load_address>0x2000d534</load_address>
         <run_address>0x2000d534</run_address>
         <size>0x34</size>
         <input_file_ref idref="fl-167"/>
      </object_component>
      <object_component id="oc-49b">
         <name>.text:SPIFIFOLevelSet</name>
         <load_address>0x2000d568</load_address>
         <run_address>0x2000d568</run_address>
         <size>0x34</size>
         <input_file_ref idref="fl-168"/>
      </object_component>
      <object_component id="oc-368">
         <name>.text:_SlDrvBasicCmd</name>
         <load_address>0x2000d59c</load_address>
         <run_address>0x2000d59c</run_address>
         <size>0x34</size>
         <input_file_ref idref="fl-15d"/>
      </object_component>
      <object_component id="oc-11">
         <name>.text</name>
         <load_address>0x2000d5d0</load_address>
         <run_address>0x2000d5d0</run_address>
         <size>0x34</size>
         <input_file_ref idref="fl-137"/>
      </object_component>
      <object_component id="oc-19e">
         <name>.text:sl_Htons</name>
         <load_address>0x2000d604</load_address>
         <run_address>0x2000d604</run_address>
         <size>0x34</size>
         <input_file_ref idref="fl-161"/>
      </object_component>
      <object_component id="oc-2ea">
         <name>.text:NwpPowerOn</name>
         <load_address>0x2000d638</load_address>
         <run_address>0x2000d638</run_address>
         <size>0x30</size>
         <input_file_ref idref="fl-163"/>
      </object_component>
      <object_component id="oc-434">
         <name>.text:UARTDisable</name>
         <load_address>0x2000d668</load_address>
         <run_address>0x2000d668</run_address>
         <size>0x30</size>
         <input_file_ref idref="fl-169"/>
      </object_component>
      <object_component id="oc-1d0">
         <name>.text</name>
         <load_address>0x2000d698</load_address>
         <run_address>0x2000d698</run_address>
         <size>0x30</size>
         <input_file_ref idref="fl-147"/>
      </object_component>
      <object_component id="oc-1aa">
         <name>.text:sl_Socket</name>
         <load_address>0x2000d6c8</load_address>
         <run_address>0x2000d6c8</run_address>
         <size>0x30</size>
         <input_file_ref idref="fl-161"/>
      </object_component>
      <object_component id="oc-57a">
         <name>.text</name>
         <load_address>0x2000d6f8</load_address>
         <run_address>0x2000d6f8</run_address>
         <size>0x2e</size>
         <input_file_ref idref="fl-155"/>
      </object_component>
      <object_component id="oc-4b0">
         <name>.text:DmaSpiSwIntHandler</name>
         <load_address>0x2000d728</load_address>
         <run_address>0x2000d728</run_address>
         <size>0x2c</size>
         <input_file_ref idref="fl-163"/>
      </object_component>
      <object_component id="oc-418">
         <name>.text:PRCMSysResetCauseGet</name>
         <load_address>0x2000d754</load_address>
         <run_address>0x2000d754</run_address>
         <size>0x2c</size>
         <input_file_ref idref="fl-167"/>
      </object_component>
      <object_component id="oc-51c">
         <name>.text:_SlDrvFlowContDeinit</name>
         <load_address>0x2000d780</load_address>
         <run_address>0x2000d780</run_address>
         <size>0x2c</size>
         <input_file_ref idref="fl-15e"/>
      </object_component>
      <object_component id="oc-45e">
         <name>.text:_SlDrvFlowContInit</name>
         <load_address>0x2000d7ac</load_address>
         <run_address>0x2000d7ac</run_address>
         <size>0x2c</size>
         <input_file_ref idref="fl-15e"/>
      </object_component>
      <object_component id="oc-412">
         <name>.text:PRCMPeripheralClkDisable</name>
         <load_address>0x2000d7d8</load_address>
         <run_address>0x2000d7d8</run_address>
         <size>0x28</size>
         <input_file_ref idref="fl-167"/>
      </object_component>
      <object_component id="oc-3b0">
         <name>.text:_sl_BuildAddress</name>
         <load_address>0x2000d800</load_address>
         <run_address>0x2000d800</run_address>
         <size>0x28</size>
         <input_file_ref idref="fl-161"/>
      </object_component>
      <object_component id="oc-149">
         <name>.text:sl_WlanSetMode</name>
         <load_address>0x2000d828</load_address>
         <run_address>0x2000d828</run_address>
         <size>0x28</size>
         <input_file_ref idref="fl-162"/>
      </object_component>
      <object_component id="oc-12d">
         <name>.text</name>
         <load_address>0x2000d850</load_address>
         <run_address>0x2000d850</run_address>
         <size>0x26</size>
         <input_file_ref idref="fl-146"/>
      </object_component>
      <object_component id="oc-3dc">
         <name>.text:IntUnregister</name>
         <load_address>0x2000d878</load_address>
         <run_address>0x2000d878</run_address>
         <size>0x24</size>
         <input_file_ref idref="fl-165"/>
      </object_component>
      <object_component id="oc-43a">
         <name>.text:UARTEnable</name>
         <load_address>0x2000d89c</load_address>
         <run_address>0x2000d89c</run_address>
         <size>0x24</size>
         <input_file_ref idref="fl-169"/>
      </object_component>
      <object_component id="oc-29f">
         <name>.text</name>
         <load_address>0x2000d8c0</load_address>
         <run_address>0x2000d8c0</run_address>
         <size>0x24</size>
         <input_file_ref idref="fl-13d"/>
      </object_component>
      <object_component id="oc-192">
         <name>.text:sl_Close</name>
         <load_address>0x2000d8e4</load_address>
         <run_address>0x2000d8e4</run_address>
         <size>0x24</size>
         <input_file_ref idref="fl-161"/>
      </object_component>
      <object_component id="oc-161">
         <name>.text:sl_WlanProfileDel</name>
         <load_address>0x2000d908</load_address>
         <run_address>0x2000d908</run_address>
         <size>0x24</size>
         <input_file_ref idref="fl-162"/>
      </object_component>
      <object_component id="oc-2e4">
         <name>.text:NwpRegisterInterruptHandler</name>
         <load_address>0x2000d92c</load_address>
         <run_address>0x2000d92c</run_address>
         <size>0x22</size>
         <input_file_ref idref="fl-163"/>
      </object_component>
      <object_component id="oc-471">
         <name>.text:SPIReset</name>
         <load_address>0x2000d94e</load_address>
         <run_address>0x2000d94e</run_address>
         <size>0x22</size>
         <input_file_ref idref="fl-168"/>
      </object_component>
      <object_component id="oc-6ca">
         <name>.text:SPIWordCountSet</name>
         <load_address>0x2000d970</load_address>
         <run_address>0x2000d970</run_address>
         <size>0x22</size>
         <input_file_ref idref="fl-168"/>
      </object_component>
      <object_component id="oc-325">
         <name>.text:GPIOPinWrite</name>
         <load_address>0x2000d992</load_address>
         <run_address>0x2000d992</run_address>
         <size>0x20</size>
         <input_file_ref idref="fl-164"/>
      </object_component>
      <object_component id="oc-3ca">
         <name>.text:IntRegister</name>
         <load_address>0x2000d9b4</load_address>
         <run_address>0x2000d9b4</run_address>
         <size>0x20</size>
         <input_file_ref idref="fl-165"/>
      </object_component>
      <object_component id="oc-733">
         <name>.text:_SlDrvCmdSend</name>
         <load_address>0x2000d9d4</load_address>
         <run_address>0x2000d9d4</run_address>
         <size>0x20</size>
         <input_file_ref idref="fl-15d"/>
      </object_component>
      <object_component id="oc-313">
         <name>.text:GPIOIntRegister</name>
         <load_address>0x2000d9f4</load_address>
         <run_address>0x2000d9f4</run_address>
         <size>0x1e</size>
         <input_file_ref idref="fl-164"/>
      </object_component>
      <object_component id="oc-28d">
         <name>.text:UARTCharPut</name>
         <load_address>0x2000da12</load_address>
         <run_address>0x2000da12</run_address>
         <size>0x1e</size>
         <input_file_ref idref="fl-169"/>
      </object_component>
      <object_component id="oc-522">
         <name>.text:_SlDrvObjDeInit</name>
         <load_address>0x2000da30</load_address>
         <run_address>0x2000da30</run_address>
         <size>0x1c</size>
         <input_file_ref idref="fl-15d"/>
      </object_component>
      <object_component id="oc-58a">
         <name>.text</name>
         <load_address>0x2000da4c</load_address>
         <run_address>0x2000da4c</run_address>
         <size>0x1c</size>
         <input_file_ref idref="fl-158"/>
      </object_component>
      <object_component id="oc-6c4">
         <name>.text:uDMAChannelEnable</name>
         <load_address>0x2000da68</load_address>
         <run_address>0x2000da68</run_address>
         <size>0x1c</size>
         <input_file_ref idref="fl-16a"/>
      </object_component>
      <object_component id="oc-6d6">
         <name>.text:CopyPingResultsToReport</name>
         <load_address>0x2000da84</load_address>
         <run_address>0x2000da84</run_address>
         <size>0x1a</size>
         <input_file_ref idref="fl-15f"/>
      </object_component>
      <object_component id="oc-31f">
         <name>.text:GPIOIntEnable</name>
         <load_address>0x2000da9e</load_address>
         <run_address>0x2000da9e</run_address>
         <size>0x1a</size>
         <input_file_ref idref="fl-164"/>
      </object_component>
      <object_component id="oc-41f">
         <name>.text:PinTypeUART</name>
         <load_address>0x2000dab8</load_address>
         <run_address>0x2000dab8</run_address>
         <size>0x1a</size>
         <input_file_ref idref="fl-166"/>
      </object_component>
      <object_component id="oc-515">
         <name>.text:SPIDmaDisable</name>
         <load_address>0x2000dad2</load_address>
         <run_address>0x2000dad2</run_address>
         <size>0x1a</size>
         <input_file_ref idref="fl-168"/>
      </object_component>
      <object_component id="oc-495">
         <name>.text:SPIDmaEnable</name>
         <load_address>0x2000daec</load_address>
         <run_address>0x2000daec</run_address>
         <size>0x1a</size>
         <input_file_ref idref="fl-168"/>
      </object_component>
      <object_component id="oc-50f">
         <name>.text:SPIFIFODisable</name>
         <load_address>0x2000db06</load_address>
         <run_address>0x2000db06</run_address>
         <size>0x1a</size>
         <input_file_ref idref="fl-168"/>
      </object_component>
      <object_component id="oc-48f">
         <name>.text:SPIFIFOEnable</name>
         <load_address>0x2000db20</load_address>
         <run_address>0x2000db20</run_address>
         <size>0x1a</size>
         <input_file_ref idref="fl-168"/>
      </object_component>
      <object_component id="oc-6fc">
         <name>.text:_SlDrvDeviceEventHandler</name>
         <load_address>0x2000db3a</load_address>
         <run_address>0x2000db3a</run_address>
         <size>0x1a</size>
         <input_file_ref idref="fl-15c"/>
      </object_component>
      <object_component id="oc-1e6">
         <name>.text</name>
         <load_address>0x2000db54</load_address>
         <run_address>0x2000db54</run_address>
         <size>0x1a</size>
         <input_file_ref idref="fl-143"/>
      </object_component>
      <object_component id="oc-32b">
         <name>.text:GPIOPinRead</name>
         <load_address>0x2000db6e</load_address>
         <run_address>0x2000db6e</run_address>
         <size>0x18</size>
         <input_file_ref idref="fl-164"/>
      </object_component>
      <object_component id="oc-465">
         <name>.text:SPICSDisable</name>
         <load_address>0x2000db86</load_address>
         <run_address>0x2000db86</run_address>
         <size>0x18</size>
         <input_file_ref idref="fl-168"/>
      </object_component>
      <object_component id="oc-6ac">
         <name>.text:SPICSEnable</name>
         <load_address>0x2000db9e</load_address>
         <run_address>0x2000db9e</run_address>
         <size>0x18</size>
         <input_file_ref idref="fl-168"/>
      </object_component>
      <object_component id="oc-46b">
         <name>.text:SPIDisable</name>
         <load_address>0x2000dbb6</load_address>
         <run_address>0x2000dbb6</run_address>
         <size>0x18</size>
         <input_file_ref idref="fl-168"/>
      </object_component>
      <object_component id="oc-4a7">
         <name>.text:SPIEnable</name>
         <load_address>0x2000dbce</load_address>
         <run_address>0x2000dbce</run_address>
         <size>0x18</size>
         <input_file_ref idref="fl-168"/>
      </object_component>
      <object_component id="oc-45">
         <name>.text</name>
         <load_address>0x2000dbe8</load_address>
         <run_address>0x2000dbe8</run_address>
         <size>0x18</size>
         <input_file_ref idref="fl-14b"/>
      </object_component>
      <object_component id="oc-556">
         <name>.text</name>
         <load_address>0x2000dc00</load_address>
         <run_address>0x2000dc00</run_address>
         <size>0x18</size>
         <input_file_ref idref="fl-156"/>
      </object_component>
      <object_component id="oc-3fa">
         <name>.text:PRCMHIBRegRead</name>
         <load_address>0x2000dc18</load_address>
         <run_address>0x2000dc18</run_address>
         <size>0x16</size>
         <input_file_ref idref="fl-167"/>
      </object_component>
      <object_component id="oc-400">
         <name>.text:PRCMHIBRegWrite</name>
         <load_address>0x2000dc2e</load_address>
         <run_address>0x2000dc2e</run_address>
         <size>0x16</size>
         <input_file_ref idref="fl-167"/>
      </object_component>
      <object_component id="oc-299">
         <name>.text:UARTCharGet</name>
         <load_address>0x2000dc44</load_address>
         <run_address>0x2000dc44</run_address>
         <size>0x16</size>
         <input_file_ref idref="fl-169"/>
      </object_component>
      <object_component id="oc-3ef">
         <name>.text:CPUcpsie</name>
         <load_address>0x2000dc5a</load_address>
         <run_address>0x2000dc5a</run_address>
         <size>0x14</size>
         <input_file_ref idref="fl-16c"/>
      </object_component>
      <object_component id="oc-319">
         <name>.text:GPIOIntClear</name>
         <load_address>0x2000dc6e</load_address>
         <run_address>0x2000dc6e</run_address>
         <size>0x14</size>
         <input_file_ref idref="fl-164"/>
      </object_component>
      <object_component id="oc-1f5">
         <name>.text:IntVTableBaseSet</name>
         <load_address>0x2000dc84</load_address>
         <run_address>0x2000dc84</run_address>
         <size>0x14</size>
         <input_file_ref idref="fl-165"/>
      </object_component>
      <object_component id="oc-6ef">
         <name>.text:_SlDrvShiftDWord</name>
         <load_address>0x2000dc98</load_address>
         <run_address>0x2000dc98</run_address>
         <size>0x14</size>
         <input_file_ref idref="fl-15d"/>
      </object_component>
      <object_component id="oc-238">
         <name>.text</name>
         <load_address>0x2000dcac</load_address>
         <run_address>0x2000dcac</run_address>
         <size>0x14</size>
         <input_file_ref idref="fl-149"/>
      </object_component>
      <object_component id="oc-127">
         <name>.text</name>
         <load_address>0x2000dcc0</load_address>
         <run_address>0x2000dcc0</run_address>
         <size>0x14</size>
         <input_file_ref idref="fl-145"/>
      </object_component>
      <object_component id="oc-1c">
         <name>.text:decompress:ZI</name>
         <load_address>0x2000dcd4</load_address>
         <run_address>0x2000dcd4</run_address>
         <size>0x12</size>
         <input_file_ref idref="fl-13a"/>
      </object_component>
      <object_component id="oc-179">
         <name>.text:sl_NetAppMDNSUnRegisterService</name>
         <load_address>0x2000dce6</load_address>
         <run_address>0x2000dce6</run_address>
         <size>0x12</size>
         <input_file_ref idref="fl-15f"/>
      </object_component>
      <object_component id="oc-4d9">
         <name>.text:NwpMaskInterrupt</name>
         <load_address>0x2000dcf8</load_address>
         <run_address>0x2000dcf8</run_address>
         <size>0x10</size>
         <input_file_ref idref="fl-163"/>
      </object_component>
      <object_component id="oc-1b6">
         <name>.text</name>
         <load_address>0x2000dd08</load_address>
         <run_address>0x2000dd08</run_address>
         <size>0x10</size>
         <input_file_ref idref="fl-144"/>
      </object_component>
      <object_component id="oc-16">
         <name>.text:decompress:none</name>
         <load_address>0x2000dd18</load_address>
         <run_address>0x2000dd18</run_address>
         <size>0xe</size>
         <input_file_ref idref="fl-138"/>
      </object_component>
      <object_component id="oc-584">
         <name>.text</name>
         <load_address>0x2000dd26</load_address>
         <run_address>0x2000dd26</run_address>
         <size>0xe</size>
         <input_file_ref idref="fl-15a"/>
      </object_component>
      <object_component id="oc-2c">
         <name>.text</name>
         <load_address>0x2000dd34</load_address>
         <run_address>0x2000dd34</run_address>
         <size>0xe</size>
         <input_file_ref idref="fl-6"/>
      </object_component>
      <object_component id="oc-6a4">
         <name>.text:NwpUnMaskInterrupt</name>
         <load_address>0x2000dd44</load_address>
         <run_address>0x2000dd44</run_address>
         <size>0xc</size>
         <input_file_ref idref="fl-163"/>
      </object_component>
      <object_component id="oc-1fb">
         <name>.text:IntMasterEnable</name>
         <load_address>0x2000dd50</load_address>
         <run_address>0x2000dd50</run_address>
         <size>0xa</size>
         <input_file_ref idref="fl-165"/>
      </object_component>
      <object_component id="oc-167">
         <name>.text:sl_WlanDisconnect</name>
         <load_address>0x2000dd5a</load_address>
         <run_address>0x2000dd5a</run_address>
         <size>0x8</size>
         <input_file_ref idref="fl-162"/>
      </object_component>
      <object_component id="oc-1c2">
         <name>.text:UtilsDelay</name>
         <load_address>0x2000dd62</load_address>
         <run_address>0x2000dd62</run_address>
         <size>0x6</size>
         <input_file_ref idref="fl-16b"/>
      </object_component>
      <object_component id="oc-22">
         <name>.text:decompress:rle24</name>
         <load_address>0x2000dd68</load_address>
         <run_address>0x2000dd68</run_address>
         <size>0x6</size>
         <input_file_ref idref="fl-139"/>
      </object_component>
      <object_component id="oc-65f">
         <name>.const:.string:_ctypes_</name>
         <load_address>0x2000dd70</load_address>
         <run_address>0x2000dd70</run_address>
         <size>0x102</size>
         <input_file_ref idref="fl-14f"/>
      </object_component>
      <object_component id="oc-682">
         <name>.const:g_ulPinToPadMap</name>
         <load_address>0x2000de74</load_address>
         <run_address>0x2000de74</run_address>
         <size>0x100</size>
         <input_file_ref idref="fl-166"/>
      </object_component>
      <object_component id="oc-340">
         <name>.const</name>
         <load_address>0x2000df74</load_address>
         <run_address>0x2000df74</run_address>
         <size>0xec</size>
         <input_file_ref idref="fl-162"/>
      </object_component>
      <object_component id="oc-5a8">
         <name>.const:g_pulRegs</name>
         <load_address>0x2000e060</load_address>
         <run_address>0x2000e060</run_address>
         <size>0xd4</size>
         <input_file_ref idref="fl-165"/>
      </object_component>
      <object_component id="oc-5c0">
         <name>.const:PRCM_PeriphRegsList</name>
         <load_address>0x2000e134</load_address>
         <run_address>0x2000e134</run_address>
         <size>0xa8</size>
         <input_file_ref idref="fl-167"/>
      </object_component>
      <object_component id="oc-3f6">
         <name>.const</name>
         <load_address>0x2000e1dc</load_address>
         <run_address>0x2000e1dc</run_address>
         <size>0x80</size>
         <input_file_ref idref="fl-165"/>
      </object_component>
      <object_component id="oc-530">
         <name>.const</name>
         <load_address>0x2000e25c</load_address>
         <run_address>0x2000e25c</run_address>
         <size>0x4c</size>
         <input_file_ref idref="fl-15d"/>
      </object_component>
      <object_component id="oc-1c3">
         <name>.const:.string</name>
         <load_address>0x2000e2a8</load_address>
         <run_address>0x2000e2a8</run_address>
         <size>0x3f</size>
         <input_file_ref idref="fl-3"/>
      </object_component>
      <object_component id="oc-395">
         <name>.const</name>
         <load_address>0x2000e2e8</load_address>
         <run_address>0x2000e2e8</run_address>
         <size>0x34</size>
         <input_file_ref idref="fl-161"/>
      </object_component>
      <object_component id="oc-17f">
         <name>.const:$P$T1$2</name>
         <load_address>0x2000e31c</load_address>
         <run_address>0x2000e31c</run_address>
         <size>0x2c</size>
         <input_file_ref idref="fl-3"/>
      </object_component>
      <object_component id="oc-538">
         <name>.const</name>
         <load_address>0x2000e348</load_address>
         <run_address>0x2000e348</run_address>
         <size>0x28</size>
         <input_file_ref idref="fl-15f"/>
      </object_component>
      <object_component id="oc-18b">
         <name>.const:.string:$P$T0$1</name>
         <load_address>0x2000e370</load_address>
         <run_address>0x2000e370</run_address>
         <size>0x22</size>
         <input_file_ref idref="fl-3"/>
      </object_component>
      <object_component id="oc-188">
         <name>.const</name>
         <load_address>0x2000e394</load_address>
         <run_address>0x2000e394</run_address>
         <size>0x20</size>
         <input_file_ref idref="fl-3"/>
      </object_component>
      <object_component id="oc-687">
         <name>.const</name>
         <load_address>0x2000e3b4</load_address>
         <run_address>0x2000e3b4</run_address>
         <size>0x18</size>
         <input_file_ref idref="fl-168"/>
      </object_component>
      <object_component id="oc-357">
         <name>.const</name>
         <load_address>0x2000e3cc</load_address>
         <run_address>0x2000e3cc</run_address>
         <size>0x14</size>
         <input_file_ref idref="fl-15c"/>
      </object_component>
      <object_component id="oc-36f">
         <name>.const</name>
         <load_address>0x2000e3e0</load_address>
         <run_address>0x2000e3e0</run_address>
         <size>0x8</size>
         <input_file_ref idref="fl-160"/>
      </object_component>
      <object_component id="oc-75a">
         <name>.cinit..data.load</name>
         <load_address>0x2000e3e8</load_address>
         <run_address>0x2000e3e8</run_address>
         <size>0x51</size>
      </object_component>
      <object_component id="oc-758">
         <name>__TI_handler_table</name>
         <load_address>0x2000e43c</load_address>
         <run_address>0x2000e43c</run_address>
         <size>0xc</size>
      </object_component>
      <object_component id="oc-75b">
         <name>.cinit..bss.load</name>
         <load_address>0x2000e448</load_address>
         <run_address>0x2000e448</run_address>
         <size>0x8</size>
      </object_component>
      <object_component id="oc-759">
         <name>__TI_cinit_table</name>
         <load_address>0x2000e450</load_address>
         <run_address>0x2000e450</run_address>
         <size>0x10</size>
      </object_component>
      <object_component id="oc-51">
         <name>.data</name>
         <load_address>0x200213f8</load_address>
         <run_address>0x200213f8</run_address>
         <size>0x4</size>
         <input_file_ref idref="fl-142"/>
      </object_component>
      <object_component id="oc-80">
         <name>.data</name>
         <load_address>0x2002135c</load_address>
         <run_address>0x2002135c</run_address>
         <size>0x34</size>
         <input_file_ref idref="fl-172"/>
      </object_component>
      <object_component id="oc-84">
         <name>.data</name>
         <load_address>0x200213f4</load_address>
         <run_address>0x200213f4</run_address>
         <size>0x4</size>
         <input_file_ref idref="fl-16f"/>
      </object_component>
      <object_component id="oc-a9">
         <name>.data</name>
         <load_address>0x200213e4</load_address>
         <run_address>0x200213e4</run_address>
         <size>0x8</size>
         <input_file_ref idref="fl-149"/>
      </object_component>
      <object_component id="oc-ac">
         <name>.data</name>
         <load_address>0x200213ec</load_address>
         <run_address>0x200213ec</run_address>
         <size>0x8</size>
         <input_file_ref idref="fl-13b"/>
      </object_component>
      <object_component id="oc-119">
         <name>.data</name>
         <load_address>0x200213b0</load_address>
         <run_address>0x200213b0</run_address>
         <size>0x1c</size>
         <input_file_ref idref="fl-3"/>
      </object_component>
      <object_component id="oc-2fc">
         <name>.data</name>
         <load_address>0x20021174</load_address>
         <run_address>0x20021174</run_address>
         <size>0x184</size>
         <input_file_ref idref="fl-15d"/>
      </object_component>
      <object_component id="oc-331">
         <name>.data</name>
         <load_address>0x20021390</load_address>
         <run_address>0x20021390</run_address>
         <size>0x20</size>
         <input_file_ref idref="fl-2"/>
      </object_component>
      <object_component id="oc-3e8">
         <name>.data</name>
         <load_address>0x200213cc</load_address>
         <run_address>0x200213cc</run_address>
         <size>0xc</size>
         <input_file_ref idref="fl-16e"/>
      </object_component>
      <object_component id="oc-42d">
         <name>.data</name>
         <load_address>0x200213d8</load_address>
         <run_address>0x200213d8</run_address>
         <size>0xc</size>
         <input_file_ref idref="fl-13e"/>
      </object_component>
      <object_component id="oc-4ad">
         <name>.data</name>
         <load_address>0x200212f8</load_address>
         <run_address>0x200212f8</run_address>
         <size>0x64</size>
         <input_file_ref idref="fl-163"/>
      </object_component>
      <object_component id="oc-d8">
         <name>.bss:pxReadyTasksLists</name>
         <uninitialized>true</uninitialized>
         <run_address>0x20020f90</run_address>
         <size>0xc8</size>
         <input_file_ref idref="fl-172"/>
      </object_component>
      <object_component id="oc-11c">
         <name>.bss:g_ucConnectionSSID</name>
         <uninitialized>true</uninitialized>
         <run_address>0x200210a8</run_address>
         <size>0x24</size>
         <input_file_ref idref="fl-3"/>
      </object_component>
      <object_component id="oc-134">
         <name>.bss:netEntries</name>
         <uninitialized>true</uninitialized>
         <run_address>0x2001f000</run_address>
         <size>0x1130</size>
         <input_file_ref idref="fl-3"/>
      </object_component>
      <object_component id="oc-137">
         <name>.bss:testAP</name>
         <uninitialized>true</uninitialized>
         <run_address>0x20020c20</run_address>
         <size>0x370</size>
         <input_file_ref idref="fl-3"/>
      </object_component>
      <object_component id="oc-1f2">
         <name>.bss:tcpSendBuf</name>
         <uninitialized>true</uninitialized>
         <run_address>0x200206a8</run_address>
         <size>0x578</size>
         <input_file_ref idref="fl-3"/>
      </object_component>
      <object_component id="oc-213">
         <name>.bss:tcpRcvBuf</name>
         <uninitialized>true</uninitialized>
         <run_address>0x20020130</run_address>
         <size>0x578</size>
         <input_file_ref idref="fl-3"/>
      </object_component>
      <object_component id="oc-5b4">
         <name>.bss:xQueueRegistry</name>
         <uninitialized>true</uninitialized>
         <run_address>0x20021058</run_address>
         <size>0x50</size>
         <input_file_ref idref="fl-171"/>
      </object_component>
      <object_component id="oc-334">
         <name>.common:g_ucLED1Pin</name>
         <uninitialized>true</uninitialized>
         <run_address>0x20021170</run_address>
         <size>0x1</size>
      </object_component>
      <object_component id="oc-337">
         <name>.common:g_ucLED2Pin</name>
         <uninitialized>true</uninitialized>
         <run_address>0x20021171</run_address>
         <size>0x1</size>
      </object_component>
      <object_component id="oc-338">
         <name>.common:g_ucLED3Pin</name>
         <uninitialized>true</uninitialized>
         <run_address>0x20021172</run_address>
         <size>0x1</size>
      </object_component>
      <object_component id="oc-1d7">
         <name>.common:ConSid</name>
         <uninitialized>true</uninitialized>
         <run_address>0x200210cc</run_address>
         <size>0x20</size>
      </object_component>
      <object_component id="oc-1d8">
         <name>.common:ConRssi</name>
         <uninitialized>true</uninitialized>
         <run_address>0x20021158</run_address>
         <size>0x4</size>
      </object_component>
      <object_component id="oc-13b">
         <name>.common:g_ucConnectionBSSID</name>
         <uninitialized>true</uninitialized>
         <run_address>0x20021150</run_address>
         <size>0x8</size>
      </object_component>
      <object_component id="oc-1d6">
         <name>.common:scanCount</name>
         <uninitialized>true</uninitialized>
         <run_address>0x20021168</run_address>
         <size>0x4</size>
      </object_component>
      <object_component id="oc-216">
         <name>.common:socketID</name>
         <uninitialized>true</uninitialized>
         <run_address>0x2002116c</run_address>
         <size>0x4</size>
      </object_component>
      <object_component id="oc-2a5">
         <name>.common:__Errorlog</name>
         <uninitialized>true</uninitialized>
         <run_address>0x2002115c</run_address>
         <size>0x4</size>
      </object_component>
      <object_component id="oc-f3">
         <name>.common:xDelayedTaskList1</name>
         <uninitialized>true</uninitialized>
         <run_address>0x200210ec</run_address>
         <size>0x14</size>
      </object_component>
      <object_component id="oc-f4">
         <name>.common:xDelayedTaskList2</name>
         <uninitialized>true</uninitialized>
         <run_address>0x20021100</run_address>
         <size>0x14</size>
      </object_component>
      <object_component id="oc-f7">
         <name>.common:pxDelayedTaskList</name>
         <uninitialized>true</uninitialized>
         <run_address>0x20021160</run_address>
         <size>0x4</size>
      </object_component>
      <object_component id="oc-f8">
         <name>.common:pxOverflowDelayedTaskList</name>
         <uninitialized>true</uninitialized>
         <run_address>0x20021164</run_address>
         <size>0x4</size>
      </object_component>
      <object_component id="oc-e7">
         <name>.common:xPendingReadyList</name>
         <uninitialized>true</uninitialized>
         <run_address>0x20021114</run_address>
         <size>0x14</size>
      </object_component>
      <object_component id="oc-f9">
         <name>.common:xTasksWaitingTermination</name>
         <uninitialized>true</uninitialized>
         <run_address>0x2002113c</run_address>
         <size>0x14</size>
      </object_component>
      <object_component id="oc-f6">
         <name>.common:xSuspendedTaskList</name>
         <uninitialized>true</uninitialized>
         <run_address>0x20021128</run_address>
         <size>0x14</size>
      </object_component>
      <object_component id="oc-29">
         <name>.sysmem</name>
         <uninitialized>true</uninitialized>
         <run_address>0x20017000</run_address>
         <size>0x8</size>
         <input_file_ref idref="fl-13e"/>
      </object_component>
      <object_component id="oc-75d">
         <name>.sysmem</name>
         <uninitialized>true</uninitialized>
         <run_address>0x20017000</run_address>
         <size>0x0</size>
      </object_component>
      <object_component id="oc-28">
         <name>.stack</name>
         <uninitialized>true</uninitialized>
         <run_address>0x2002f800</run_address>
         <size>0x0</size>
         <input_file_ref idref="fl-137"/>
      </object_component>
      <object_component id="oc-75c">
         <name>.stack</name>
         <uninitialized>true</uninitialized>
         <run_address>0x2002f800</run_address>
         <size>0x0</size>
      </object_component>
      <object_component id="oc-f">
         <name>.debug_info</name>
         <load_address>0x0</load_address>
         <run_address>0x0</run_address>
         <size>0x10f</size>
         <input_file_ref idref="fl-6"/>
      </object_component>
      <object_component id="oc-13">
         <name>.debug_info</name>
         <load_address>0x10f</load_address>
         <run_address>0x10f</run_address>
         <size>0x10a</size>
         <input_file_ref idref="fl-137"/>
      </object_component>
      <object_component id="oc-18">
         <name>.debug_info</name>
         <load_address>0x219</load_address>
         <run_address>0x219</run_address>
         <size>0x1ab</size>
         <input_file_ref idref="fl-138"/>
      </object_component>
      <object_component id="oc-1e">
         <name>.debug_info</name>
         <load_address>0x3c4</load_address>
         <run_address>0x3c4</run_address>
         <size>0x181</size>
         <input_file_ref idref="fl-13a"/>
      </object_component>
      <object_component id="oc-23">
         <name>.debug_info</name>
         <load_address>0x545</load_address>
         <run_address>0x545</run_address>
         <size>0x1a5</size>
         <input_file_ref idref="fl-139"/>
      </object_component>
      <object_component id="oc-2a">
         <name>.debug_info</name>
         <load_address>0x6ea</load_address>
         <run_address>0x6ea</run_address>
         <size>0xcd</size>
         <input_file_ref idref="fl-13e"/>
      </object_component>
      <object_component id="oc-30">
         <name>.debug_info</name>
         <load_address>0x7b7</load_address>
         <run_address>0x7b7</run_address>
         <size>0x430</size>
         <input_file_ref idref="fl-6"/>
      </object_component>
      <object_component id="oc-34">
         <name>.debug_info</name>
         <load_address>0xbe7</load_address>
         <run_address>0xbe7</run_address>
         <size>0x1ad</size>
         <input_file_ref idref="fl-170"/>
      </object_component>
[...]
      </symbol>
      <symbol id="sm-103f">
         <name>osi_TaskDelete</name>
         <value>0x20008a83</value>
         <object_component_ref idref="oc-1ec"/>
      </symbol>
      <symbol id="sm-1040">
         <name>xHigherPriorityTaskWoken</name>
         <value>0x200213cc</value>
         <object_component_ref idref="oc-3e8"/>
      </symbol>
      <symbol id="sm-1041">
         <name>osi_InterruptRegister</name>
         <value>0x200088ed</value>
         <object_component_ref idref="oc-1ec"/>
      </symbol>
      <symbol id="sm-1042">
         <name>mem_set</name>
         <value>0x20008cc5</value>
         <object_component_ref idref="oc-1ec"/>
      </symbol>
      <symbol id="sm-1043">
         <name>osi_LockObjCreate</name>
         <value>0x20008a1d</value>
         <object_component_ref idref="oc-1ec"/>
      </symbol>
      <symbol id="sm-1044">
         <name>osi_SyncObjSignal</name>
         <value>0x2000896f</value>
         <object_component_ref idref="oc-1ec"/>
      </symbol>
      <symbol id="sm-1045">
         <name>mem_Malloc</name>
         <value>0x20008cad</value>
         <object_component_ref idref="oc-1ec"/>
      </symbol>
      <symbol id="sm-1046">
         <name>osi_SyncObjCreate</name>
         <value>0x20008925</value>
         <object_component_ref idref="oc-1ec"/>
      </symbol>
      <symbol id="sm-1047">
         <name>osi_SyncObjWait</name>
         <value>0x200089cf</value>
         <object_component_ref idref="oc-1ec"/>
      </symbol>
      <symbol id="sm-1048">
         <name>osi_SyncObjSignalFromISR</name>
         <value>0x20008997</value>
         <object_component_ref idref="oc-1ec"/>
      </symbol>
      <symbol id="sm-1049">
         <name>osi_ContextRestore</name>
         <value>0x20008d2f</value>
         <object_component_ref idref="oc-1ec"/>
      </symbol>
      <symbol id="sm-104a">
         <name>osi_start</name>
         <value>0x20008d01</value>
         <object_component_ref idref="oc-1ec"/>
      </symbol>
      <symbol id="sm-104b">
         <name>osi_EnterCritical</name>
         <value>0x20008ced</value>
         <object_component_ref idref="oc-1ec"/>
      </symbol>
      <symbol id="sm-104c">
         <name>osi_TaskCreate</name>
         <value>0x20008a43</value>
         <object_component_ref idref="oc-1ec"/>
      </symbol>
      <symbol id="sm-104d">
         <name>osi_MsgQRead</name>
         <value>0x20008c71</value>
         <object_component_ref idref="oc-1ec"/>
      </symbol>
      <symbol id="sm-104e">
         <name>osi_MsgQCreate</name>
         <value>0x20008be1</value>
         <object_component_ref idref="oc-1ec"/>
      </symbol>
      <symbol id="sm-104f">
         <name>osi_ExitCritical</name>
         <value>0x20008cf7</value>
         <object_component_ref idref="oc-1ec"/>
      </symbol>
      <symbol id="sm-1050">
         <name>osi_LockObjLock</name>
         <value>0x20008aa1</value>
         <object_component_ref idref="oc-1ec"/>
      </symbol>
      <symbol id="sm-1051">
         <name>VDeleteSimpleLinkSpawnTask</name>
         <value>0x20008bb5</value>
         <object_component_ref idref="oc-1ec"/>
      </symbol>
      <symbol id="sm-1052">
         <name>osi_SyncObjClear</name>
         <value>0x200089fb</value>
         <object_component_ref idref="oc-1ec"/>
      </symbol>
      <symbol id="sm-1053">
         <name>VStartSimpleLinkSpawnTask</name>
         <value>0x20008b65</value>
         <object_component_ref idref="oc-1ec"/>
      </symbol>
      <symbol id="sm-1054">
         <name>osi_MsgQWrite</name>
         <value>0x20008c3f</value>
         <object_component_ref idref="oc-1ec"/>
      </symbol>
      <symbol id="sm-1055">
         <name>osi_Sleep</name>
         <value>0x20008d09</value>
         <object_component_ref idref="oc-1ec"/>
      </symbol>
      <symbol id="sm-1056">
         <name>osi_SyncObjDelete</name>
         <value>0x20008955</value>
         <object_component_ref idref="oc-1ec"/>
      </symbol>
      <symbol id="sm-1057">
         <name>osi_TaskDisable</name>
         <value>0x20008d19</value>
         <object_component_ref idref="oc-1ec"/>
      </symbol>
      <symbol id="sm-1058">
         <name>osi_Spawn</name>
         <value>0x20008af7</value>
         <object_component_ref idref="oc-1ec"/>
      </symbol>
      <symbol id="sm-1059">
         <name>mem_Free</name>
         <value>0x20008cb9</value>
         <object_component_ref idref="oc-1ec"/>
      </symbol>
      <symbol id="sm-105a">
         <name>osi_ContextSave</name>
         <value>0x20008d2d</value>
         <object_component_ref idref="oc-1ec"/>
      </symbol>
      <symbol id="sm-105b">
         <name>xSimpleLinkSpawnQueue</name>
         <value>0x200213d0</value>
         <object_component_ref idref="oc-3e8"/>
      </symbol>
      <symbol id="sm-105c">
         <name>xSimpleLinkSpawnTaskHndl</name>
         <value>0x200213d4</value>
         <object_component_ref idref="oc-3e8"/>
      </symbol>
      <symbol id="sm-1084">
         <name>vPortSetupTimerInterrupt</name>
         <value>0x2000ae0d</value>
         <object_component_ref idref="oc-37"/>
      </symbol>
      <symbol id="sm-1085">
         <name>vPortEndScheduler</name>
         <value>0x2000adad</value>
         <object_component_ref idref="oc-37"/>
      </symbol>
      <symbol id="sm-1086">
         <name>vPortYield</name>
         <value>0x2000adaf</value>
         <object_component_ref idref="oc-37"/>
      </symbol>
      <symbol id="sm-1087">
         <name>xPortSysTickHandler</name>
         <value>0x2000adf1</value>
         <object_component_ref idref="oc-37"/>
      </symbol>
      <symbol id="sm-1088">
         <name>pxPortInitialiseStack</name>
         <value>0x2000ad31</value>
         <object_component_ref idref="oc-37"/>
      </symbol>
      <symbol id="sm-1089">
         <name>vPortExitCritical</name>
         <value>0x2000add9</value>
         <object_component_ref idref="oc-37"/>
      </symbol>
      <symbol id="sm-108a">
         <name>xPortStartScheduler</name>
         <value>0x2000ad81</value>
         <object_component_ref idref="oc-37"/>
      </symbol>
      <symbol id="sm-108b">
         <name>vPortEnterCritical</name>
         <value>0x2000adc1</value>
         <object_component_ref idref="oc-37"/>
      </symbol>
      <symbol id="sm-109c">
         <name>portCLZ</name>
         <value>0x2000b7d1</value>
         <object_component_ref idref="oc-32"/>
      </symbol>
      <symbol id="sm-109d">
         <name>xPortPendSVHandler</name>
         <value>0x2000b745</value>
         <object_component_ref idref="oc-32"/>
      </symbol>
      <symbol id="sm-109e">
         <name>vPortClearInterruptMask</name>
         <value>0x2000b737</value>
         <object_component_ref idref="oc-32"/>
      </symbol>
      <symbol id="sm-109f">
         <name>ulPortSetInterruptMask</name>
         <value>0x2000b721</value>
         <object_component_ref idref="oc-32"/>
      </symbol>
      <symbol id="sm-10a0">
         <name>prvPortStartFirstTask</name>
         <value>0x2000b7b9</value>
         <object_component_ref idref="oc-32"/>
      </symbol>
      <symbol id="sm-10a1">
         <name>vPortSVCHandler</name>
         <value>0x2000b791</value>
         <object_component_ref idref="oc-32"/>
      </symbol>
      <symbol id="sm-1150">
         <name>xQueuePeekFromISR</name>
         <value>0x20008479</value>
         <object_component_ref idref="oc-3e2"/>
      </symbol>
      <symbol id="sm-1151">
         <name>xQueueIsQueueEmptyFromISR</name>
         <value>0x200086ff</value>
         <object_component_ref idref="oc-3e2"/>
      </symbol>
      <symbol id="sm-1152">
         <name>xQueueGenericSendFromISR</name>
         <value>0x20008223</value>
         <object_component_ref idref="oc-3e2"/>
      </symbol>
      <symbol id="sm-1153">
         <name>uxQueueMessagesWaiting</name>
         <value>0x200084bd</value>
         <object_component_ref idref="oc-3e2"/>
      </symbol>
      <symbol id="sm-1154">
         <name>vQueueAddToRegistry</name>
         <value>0x20008763</value>
         <object_component_ref idref="oc-3e2"/>
      </symbol>
      <symbol id="sm-1155">
         <name>xQueueIsQueueFullFromISR</name>
         <value>0x20008741</value>
         <object_component_ref idref="oc-3e2"/>
      </symbol>
      <symbol id="sm-1156">
         <name>xQueueSelectFromSet</name>
         <value>0x20008869</value>
         <object_component_ref idref="oc-3e2"/>
      </symbol>
      <symbol id="sm-1157">
         <name>xQueueGenericCreate</name>
         <value>0x20007e59</value>
         <object_component_ref idref="oc-3e2"/>
      </symbol>
      <symbol id="sm-1158">
         <name>xQueueSelectFromSetFromISR</name>
         <value>0x20008883</value>
         <object_component_ref idref="oc-3e2"/>
      </symbol>
      <symbol id="sm-1159">
         <name>xQueueCreateMutex</name>
         <value>0x20007ecf</value>
         <object_component_ref idref="oc-3e2"/>
      </symbol>
      <symbol id="sm-115a">
         <name>vQueueSetQueueNumber</name>
         <value>0x20008537</value>
         <object_component_ref idref="oc-3e2"/>
      </symbol>
      <symbol id="sm-115b">
         <name>xQueueGenericSend</name>
         <value>0x20007f6d</value>
         <object_component_ref idref="oc-3e2"/>
      </symbol>
      <symbol id="sm-115c">
         <name>xQueueGenericReset</name>
         <value>0x20007dc9</value>
         <object_component_ref idref="oc-3e2"/>
      </symbol>
      <symbol id="sm-115d">
         <name>xQueueReceiveFromISR</name>
         <value>0x20008401</value>
         <object_component_ref idref="oc-3e2"/>
      </symbol>
      <symbol id="sm-115e">
         <name>uxQueueSpacesAvailable</name>
         <value>0x200084d3</value>
         <object_component_ref idref="oc-3e2"/>
      </symbol>
      <symbol id="sm-115f">
         <name>xQueueRegistry</name>
         <value>0x20021058</value>
         <object_component_ref idref="oc-5b4"/>
      </symbol>
      <symbol id="sm-1160">
         <name>vQueueUnregisterQueue</name>
         <value>0x200087a5</value>
         <object_component_ref idref="oc-3e2"/>
      </symbol>
      <symbol id="sm-1161">
         <name>xQueueAltGenericReceive</name>
         <value>0x20008125</value>
         <object_component_ref idref="oc-3e2"/>
      </symbol>
      <symbol id="sm-1162">
         <name>uxQueueMessagesWaitingFromISR</name>
         <value>0x200084f3</value>
         <object_component_ref idref="oc-3e2"/>
      </symbol>
      <symbol id="sm-1163">
         <name>uxQueueGetQueueNumber</name>
         <value>0x20008529</value>
         <object_component_ref idref="oc-3e2"/>
      </symbol>
      <symbol id="sm-1164">
         <name>xQueueGenericReceive</name>
         <value>0x200082bf</value>
         <object_component_ref idref="oc-3e2"/>
      </symbol>
      <symbol id="sm-1165">
         <name>xQueueCreateCountingSemaphore</name>
         <value>0x20007f4d</value>
         <object_component_ref idref="oc-3e2"/>
      </symbol>
      <symbol id="sm-1166">
         <name>vQueueDelete</name>
         <value>0x20008505</value>
         <object_component_ref idref="oc-3e2"/>
      </symbol>
      <symbol id="sm-1167">
         <name>xQueueAddToSet</name>
         <value>0x200087f3</value>
         <object_component_ref idref="oc-3e2"/>
      </symbol>
      <symbol id="sm-1168">
         <name>xQueueAltGenericSend</name>
         <value>0x20008079</value>
         <object_component_ref idref="oc-3e2"/>
      </symbol>
      <symbol id="sm-1169">
         <name>xQueueCreateSet</name>
         <value>0x200087df</value>
         <object_component_ref idref="oc-3e2"/>
      </symbol>
      <symbol id="sm-116a">
         <name>xQueueRemoveFromSet</name>
         <value>0x20008827</value>
         <object_component_ref idref="oc-3e2"/>
      </symbol>
      <symbol id="sm-116b">
         <name>ucQueueGetQueueType</name>
         <value>0x20008549</value>
         <object_component_ref idref="oc-3e2"/>
      </symbol>
      <symbol id="sm-12db">
         <name>vTaskDelay</name>
         <value>0x20005eeb</value>
         <object_component_ref idref="oc-7a"/>
      </symbol>
      <symbol id="sm-12dc">
         <name>vTaskSuspendAll</name>
         <value>0x2000634f</value>
         <object_component_ref idref="oc-7a"/>
      </symbol>
      <symbol id="sm-12dd">
         <name>vTaskPriorityInherit</name>
         <value>0x20006d8d</value>
         <object_component_ref idref="oc-7a"/>
      </symbol>
      <symbol id="sm-12de">
         <name>vTaskPlaceOnEventList</name>
         <value>0x20006701</value>
         <object_component_ref idref="oc-7a"/>
      </symbol>
      <symbol id="sm-12df">
         <name>vTaskSetTaskNumber</name>
         <value>0x20006999</value>
         <object_component_ref idref="oc-7a"/>
      </symbol>
      <symbol id="sm-12e0">
         <name>xTaskCheckForTimeOut</name>
         <value>0x200068f1</value>
         <object_component_ref idref="oc-7a"/>
      </symbol>
      <symbol id="sm-12e1">
         <name>xTaskRemoveFromUnorderedEventList</name>
         <value>0x2000685d</value>
         <object_component_ref idref="oc-7a"/>
      </symbol>
      <symbol id="sm-12e2">
         <name>vTaskPrioritySet</name>
         <value>0x2000600d</value>
         <object_component_ref idref="oc-7a"/>
      </symbol>
      <symbol id="sm-12e3">
         <name>vTaskStartScheduler</name>
         <value>0x200062f3</value>
         <object_component_ref idref="oc-7a"/>
      </symbol>
      <symbol id="sm-12e4">
         <name>pcTaskGetTaskName</name>
         <value>0x20006465</value>
         <object_component_ref idref="oc-7a"/>
      </symbol>
      <symbol id="sm-12e5">
         <name>vTaskPriorityDisinherit</name>
         <value>0x20006e47</value>
         <object_component_ref idref="oc-7a"/>
      </symbol>
      <symbol id="sm-12e6">
         <name>vTaskDelayUntil</name>
         <value>0x20005e4f</value>
         <object_component_ref idref="oc-7a"/>
      </symbol>
      <symbol id="sm-12e7">
         <name>uxTaskGetTaskNumber</name>
         <value>0x20006979</value>
         <object_component_ref idref="oc-7a"/>
      </symbol>
      <symbol id="sm-12e8">
         <name>vTaskEndScheduler</name>
         <value>0x2000633d</value>
         <object_component_ref idref="oc-7a"/>
      </symbol>
      <symbol id="sm-12e9">
         <name>vTaskMissedYield</name>
         <value>0x2000696b</value>
         <object_component_ref idref="oc-7a"/>
      </symbol>
      <symbol id="sm-12ea">
         <name>uxTaskGetNumberOfTasks</name>
         <value>0x20006459</value>
         <object_component_ref idref="oc-7a"/>
      </symbol>
      <symbol id="sm-12eb">
         <name>uxTaskPriorityGet</name>
         <value>0x20005fd5</value>
         <object_component_ref idref="oc-7a"/>
      </symbol>
      <symbol id="sm-12ec">
         <name>xTaskResumeAll</name>
         <value>0x20006361</value>
         <object_component_ref idref="oc-7a"/>
      </symbol>
      <symbol id="sm-12ed">
         <name>xTaskGetTickCount</name>
         <value>0x2000642d</value>
         <object_component_ref idref="oc-7a"/>
      </symbol>
      <symbol id="sm-12ee">
         <name>xTaskGenericCreate</name>
         <value>0x20005cb1</value>
         <object_component_ref idref="oc-7a"/>
      </symbol>
      <symbol id="sm-12ef">
         <name>uxTaskGetSystemState</name>
         <value>0x20006489</value>
         <object_component_ref idref="oc-7a"/>
      </symbol>
      <symbol id="sm-12f0">
         <name>vTaskDelete</name>
         <value>0x20005dbf</value>
         <object_component_ref idref="oc-7a"/>
      </symbol>
      <symbol id="sm-12f1">
         <name>pxCurrentTCB</name>
         <value>0x2002135c</value>
         <object_component_ref idref="oc-80"/>
      </symbol>
      <symbol id="sm-12f2">
         <name>eTaskGetState</name>
         <value>0x20005f41</value>
         <object_component_ref idref="oc-7a"/>
      </symbol>
      <symbol id="sm-12f3">
         <name>vTaskSuspend</name>
         <value>0x20006111</value>
         <object_component_ref idref="oc-7a"/>
      </symbol>
      <symbol id="sm-12f4">
         <name>xTaskGetIdleTaskHandle</name>
         <value>0x20006547</value>
         <object_component_ref idref="oc-7a"/>
      </symbol>
      <symbol id="sm-12f5">
         <name>xTaskGetTickCountFromISR</name>
         <value>0x20006441</value>
         <object_component_ref idref="oc-7a"/>
      </symbol>
      <symbol id="sm-12f6">
         <name>vTaskResume</name>
         <value>0x20006205</value>
         <object_component_ref idref="oc-7a"/>
      </symbol>
      <symbol id="sm-12f7">
         <name>vTaskSetTimeOutState</name>
         <value>0x200068cb</value>
         <object_component_ref idref="oc-7a"/>
      </symbol>
      <symbol id="sm-12f8">
         <name>xTaskIncrementTick</name>
         <value>0x20006565</value>
         <object_component_ref idref="oc-7a"/>
      </symbol>
      <symbol id="sm-12f9">
         <name>vTaskSwitchContext</name>
         <value>0x20006681</value>
         <object_component_ref idref="oc-7a"/>
      </symbol>
      <symbol id="sm-12fa">
         <name>uxTaskResetEventItemValue</name>
         <value>0x20006ed1</value>
         <object_component_ref idref="oc-7a"/>
      </symbol>
      <symbol id="sm-12fb">
         <name>xTaskGetSchedulerState</name>
         <value>0x20006d55</value>
         <object_component_ref idref="oc-7a"/>
      </symbol>
      <symbol id="sm-12fc">
         <name>xTaskResumeFromISR</name>
         <value>0x20006279</value>
         <object_component_ref idref="oc-7a"/>
      </symbol>
      <symbol id="sm-12fd">
         <name>xTaskGetCurrentTaskHandle</name>
         <value>0x20006d41</value>
         <object_component_ref idref="oc-7a"/>
      </symbol>
      <symbol id="sm-12fe">
         <name>vTaskPlaceOnUnorderedEventList</name>
         <value>0x20006765</value>
         <object_component_ref idref="oc-7a"/>
      </symbol>
      <symbol id="sm-12ff">
         <name>xTaskRemoveFromEventList</name>
         <value>0x200067d5</value>
         <object_component_ref idref="oc-7a"/>
      </symbol>
      <symbol id="sm-130f">
         <name>pvPortMalloc</name>
         <value>0x2000d4c5</value>
         <object_component_ref idref="oc-e8"/>
      </symbol>
      <symbol id="sm-1310">
         <name>vPortFree</name>
         <value>0x2000d4e5</value>
         <object_component_ref idref="oc-e8"/>
      </symbol>
      <symbol id="sm-1326">
         <name>uxListRemove</name>
         <value>0x2000abd3</value>
         <object_component_ref idref="oc-d2"/>
      </symbol>
      <symbol id="sm-1327">
         <name>vListInsert</name>
         <value>0x2000ab6d</value>
         <object_component_ref idref="oc-d2"/>
      </symbol>
      <symbol id="sm-1328">
         <name>vListInitialiseItem</name>
         <value>0x2000ab21</value>
         <object_component_ref idref="oc-d2"/>
      </symbol>
      <symbol id="sm-1329">
         <name>vListInsertEnd</name>
         <value>0x2000ab31</value>
         <object_component_ref idref="oc-d2"/>
      </symbol>
      <symbol id="sm-132a">
         <name>vListInitialise</name>
         <value>0x2000aaf1</value>
         <object_component_ref idref="oc-d2"/>
      </symbol>
      <symbol id="sm-132c">
         <name>__TI_static_base__</name>
         <value>0x2000e3e8</value>
      </symbol>
      <symbol id="sm-132d">
         <name>__TI_args_main</name>
         <value>0x1</value>
      </symbol>
      <symbol id="sm-132e">
         <name>SHT$$INIT_ARRAY$$Limit</name>
         <value>0x0</value>
      </symbol>
      <symbol id="sm-132f">
         <name>SHT$$INIT_ARRAY$$Base</name>
         <value>0x0</value>
      </symbol>
   </symbol_table>
   <title>Link successful</title>
</link_info>
