******************************************************************************
                  TI ARM Linker PC v5.1.6                      
******************************************************************************
>> Linked Wed Jul 08 13:32:56 2015

OUTPUT FILE NAME:   <httpserver_intergration.out>
ENTRY POINT SYMBOL: "_c_int00"  address: 2000d5a9


MEMORY CONFIGURATION

         name            origin    length      used     unused   attr    fill
----------------------  --------  ---------  --------  --------  ----  --------
  SRAM_CODE             20004000   00013000  0000a436  00008bca  RW X
  SRAM_DATA             20017000   00019000  00009ba7  0000f459  RW X


SEGMENT ALLOCATION MAP

run origin  load origin   length   init length attrs members
----------  ----------- ---------- ----------- ----- -------
20004000    20004000    0000a438   0000a438    r-x
  20004000    20004000    00000400   00000400    r-- .intvecs
  20004400    20004400    00009946   00009946    r-x .text
  2000dd48    2000dd48    00000678   00000678    r-- .const
  2000e3c0    2000e3c0    00000078   00000078    r-- .cinit
20017000    20017000    000093a8   00000000    rw-
  20017000    20017000    00008000   00000000    rw- .sysmem
  2001f000    2001f000    0000111f   00000000    rw- .bss
  20020120    20020120    00000288   00000000    rw- .data
2002f800    2002f800    00000800   00000000    rw-
  2002f800    2002f800    00000800   00000000    rw- .stack


SECTION ALLOCATION MAP

 output                                  attributes/
section   page    origin      length       input sections
--------  ----  ----------  ----------   ----------------
.init_array 
*          0    20004000    00000000     UNINITIALIZED

.intvecs   0    20004000    00000400     
                  20004000    00000400     startup_ccs.obj (.intvecs)

.text      0    20004400    00009946     
                  20004400    00001888     main.obj (.text)
                  20005c88    00001258     free_rtos.a : tasks.obj (.text)
                  20006ee0    00000ec0     rtsv7M4_T_le_eabi.lib : _printfi.obj (.text)
                  20007da0    00000b24     free_rtos.a : queue.obj (.text)
                  200088c4    0000045c                 : osi_freertos.obj (.text)
                  20008d20    000003cc     rtsv7M4_T_le_eabi.lib : memory.obj (.text)
                  200090ec    000003a6     simplelink.a : driver.obj (.text:_SlDrvMsgRead)
                  20009492    00000002     driverlib.a : interrupt.obj (.text:IntDefaultHandler)
                  20009494    00000354     gpio_if.obj (.text)
                  200097e8    0000034c     simplelink.a : driver.obj (.text:_SlAsyncEventGenericHandler)
                  20009b34    000002e0     uart_if.obj (.text)
                  20009e14    000001f4     rtsv7M4_T_le_eabi.lib : ull_div_t2.obj (.text)
                  2000a008    000001b6                           : fd_add_t2.obj (.text)
                  2000a1be    00000002     --HOLE-- [fill = 0]
                  2000a1c0    0000019c     simplelink.a : wlan.obj (.text:sl_WlanConnect)
                  2000a35c    00000164                  : driver.obj (.text:_SlDrvDataReadOp)
                  2000a4c0    00000140                  : driver.obj (.text:_SlDrvRxHdrRead)
                  2000a600    00000136     rtsv7M4_T_le_eabi.lib : fd_div_t2.obj (.text)
                  2000a736    00000002     --HOLE-- [fill = 0]
                  2000a738    00000134     driverlib.a : prcm.obj (.text:PRCMCC3200MCUInit)
                  2000a86c    00000130     simplelink.a : cc_pal.obj (.text:spi_Open)
                  2000a99c    0000012c                  : driver.obj (.text:_SlDrvDataWriteOp)
                  2000aac8    0000012a     free_rtos.a : list.obj (.text)
                  2000abf2    00000002     --HOLE-- [fill = 0]
                  2000abf4    00000114     simplelink.a : driver.obj (.text:_SlDrvMsgWrite)
                  2000ad08    00000110     free_rtos.a : port.obj (.text)
                  2000ae18    0000010c     simplelink.a : driver.obj (.text:_SlDrvWaitForPoolObj)
                  2000af24    00000104                  : driver.obj (.text:_SlDrvReleasePoolObj)
                  2000b028    000000fc     rtsv7M4_T_le_eabi.lib : fd_mul_t2.obj (.text)
                  2000b124    000000f0     driverlib.a : udma.obj (.text:uDMAChannelTransferSet)
                  2000b214    000000e8     simplelink.a : socket.obj (.text:sl_Connect)
                  2000b2fc    000000e8                  : cc_pal.obj (.text:spi_Write)
                  2000b3e4    000000cc                  : cc_pal.obj (.text:spi_Read)
                  2000b4b0    000000c4                  : device.obj (.text:sl_Stop)
                  2000b574    000000c0     rtsv7M4_T_le_eabi.lib : qsort.obj (.text)
                  2000b634    000000c0     simplelink.a : device.obj (.text:sl_Start)
                  2000b6f4    000000ba     free_rtos.a : portasm.obj (.text)
                  2000b7ae    00000002     --HOLE-- [fill = 0]
                  2000b7b0    000000b4     simplelink.a : driver.obj (.text:_SlDrvMsgReadCmdCtx)
                  2000b864    000000b2                  : netapp.obj (.text:_SlDrvNetAppEventHandler)
                  2000b916    00000002     --HOLE-- [fill = 0]
                  2000b918    000000b0                  : socket.obj (.text:sl_Send)
                  2000b9c8    000000a8     driverlib.a : interrupt.obj (.text:IntDisable)
                  2000ba70    000000a8                 : interrupt.obj (.text:IntEnable)
                  2000bb18    000000a0                 : spi.obj (.text:SPIConfigSetExpClk)
                  2000bbb8    0000009c     rtsv7M4_T_le_eabi.lib : memcpy_t2.obj (.text)
                  2000bc54    00000098     simplelink.a : driver.obj (.text:_SlFindAndSetActiveObj)
                  2000bcec    00000094     driverlib.a : prcm.obj (.text:PRCMPeripheralClockGet)
                  2000bd80    00000094     simplelink.a : driver.obj (.text:_SlDrvClassifyRxMsg)
                  2000be14    00000094     rtsv7M4_T_le_eabi.lib : auto_init.obj (.text)
                  2000bea8    00000090     simplelink.a : driver.obj (.text:_SlDrvMsgReadSpawnCtx)
                  2000bf38    00000088     driverlib.a : pin.obj (.text:PinConfigSet)
                  2000bfc0    00000088     rtsv7M4_T_le_eabi.lib : vsnprintf.obj (.text)
                  2000c048    00000088     simplelink.a : netapp.obj (.text:sl_NetAppMDNSRegisterUnregisterService)
                  2000c0d0    00000086     rtsv7M4_T_le_eabi.lib : fd_cmp_t2.obj (.text:__aeabi_cdcmple)
                  2000c156    00000086                           : fd_cmp_t2.obj (.text:__aeabi_cdrcmple)
                  2000c1dc    00000084     simplelink.a : driver.obj (.text:_SlDrvCmdOp)
                  2000c260    00000082     driverlib.a : gpio.obj (.text:GPIOIntTypeSet)
                  2000c2e2    00000002     --HOLE-- [fill = 0]
                  2000c2e4    00000080     simplelink.a : cc_pal.obj (.text:NwpPowerOnPreamble)
                  2000c364    0000007c                  : driver.obj (.text:_SlDrvDriverCBInit)
                  2000c3e0    0000007c                  : netapp.obj (.text:_sl_HandleAsync_DnsGetHostByName)
                  2000c45c    0000007c                  : device.obj (.text:sl_DevGet)
                  2000c4d8    00000078                  : cc_pal.obj (.text:SetupDMAReceive)
                  2000c550    00000078     rtsv7M4_T_le_eabi.lib : memset_t2.obj (.text)
                  2000c5c8    00000078     simplelink.a : netcfg.obj (.text:sl_NetCfgGet)
                  2000c640    00000076     driverlib.a : uart.obj (.text:UARTConfigSetExpClk)
                  2000c6b6    00000002     --HOLE-- [fill = 0]
                  2000c6b8    00000074     simplelink.a : device.obj (.text:_sl_HandleAsync_InitComplete)
                  2000c72c    00000074                  : cc_pal.obj (.text:spi_Close)
                  2000c7a0    00000070                  : netapp.obj (.text:_sl_HandleAsync_PingResponse)
                  2000c810    0000006e                  : socket.obj (.text:_sl_TruncatePayloadByProtocol)
                  2000c87e    00000002     --HOLE-- [fill = 0]
                  2000c880    00000068                  : socket.obj (.text:_sl_HandleAsync_Connect)
                  2000c8e8    00000068                  : netapp.obj (.text:_sl_HandleAsync_DnsGetHostByService)
                  2000c950    00000064                  : socket.obj (.text:_sl_HandleAsync_Accept)
                  2000c9b4    00000064     driverlib.a : udma.obj (.text:uDMAChannelAttributeDisable)
                  2000ca18    00000064                 : udma.obj (.text:uDMAChannelAttributeEnable)
                  2000ca7c    00000060     rtsv7M4_T_le_eabi.lib : sprintf.obj (.text)
                  2000cadc    0000005e                           : copy_decompress_rle.obj (.text)
                  2000cb3a    0000005a                           : ltoa.obj (.text)
                  2000cb94    00000058     driverlib.a : interrupt.obj (.text:IntPendClear)
                  2000cbec    00000058                 : prcm.obj (.text:PRCMPeripheralReset)
                  2000cc44    00000058     simplelink.a : driver.obj (.text:_SlDrvDriverCBDeinit)
                  2000cc9c    00000058                  : socket.obj (.text:_sl_HandleAsync_Select)
                  2000ccf4    00000054     driverlib.a : interrupt.obj (.text:IntPrioritySet)
                  2000cd48    00000054     simplelink.a : device.obj (.text:_sl_HandleAsync_Stop)
                  2000cd9c    00000054                  : netapp.obj (.text:sl_NetAppSendTokenValue)
                  2000cdf0    00000050                  : wlan.obj (.text:sl_WlanGetNetworkList)
                  2000ce40    0000004c     driverlib.a : spi.obj (.text:SPIIntEnable)
                  2000ce8c    0000004c     rtsv7M4_T_le_eabi.lib : atoi.obj (.text)
                  2000ced8    0000004c     driverlib.a : udma.obj (.text:uDMAChannelAssign)
                  2000cf24    0000004a     simplelink.a : device.obj (.text:_sl_GetStartResponseConvert)
                  2000cf6e    00000048     driverlib.a : gpio.obj (.text:GPIOGetIntNumber)
                  2000cfb6    00000002     --HOLE-- [fill = 0]
                  2000cfb8    00000048                 : spi.obj (.text:SPIIntClear)
                  2000d000    00000048     rtsv7M4_T_le_eabi.lib : fd_toi_t2.obj (.text)
                  2000d048    00000048     simplelink.a : wlan.obj (.text:sl_WlanSet)
                  2000d090    00000044     driverlib.a : spi.obj (.text:SPIDmaMaskGet)
                  2000d0d4    00000044     pinmux.obj (.text)
                  2000d118    00000044     rtsv7M4_T_le_eabi.lib : cpy_tbl.obj (.text)
                  2000d15c    00000044                           : exit.obj (.text)
                  2000d1a0    00000044                           : xdtest.obj (.text)
                  2000d1e4    00000044     simplelink.a : netcfg.obj (.text:sl_NetCfgSet)
                  2000d228    00000044                  : socket.obj (.text:sl_Recv)
                  2000d26c    00000040     driverlib.a : pin.obj (.text:PinModeSet)
                  2000d2ac    00000040     simplelink.a : driver.obj (.text:_SlDrvRxIrqHandler)
                  2000d2ec    00000040                  : driver.obj (.text:_SlRemoveFromList)
                  2000d32c    00000040                  : wlan.obj (.text:sl_WlanPolicySet)
                  2000d36c    00000040                  : wlan.obj (.text:sl_WlanRxFilterSet)
                  2000d3ac    0000003c                  : cc_pal.obj (.text:NwpPowerOff)
                  2000d3e8    0000003c     driverlib.a : prcm.obj (.text:PRCMPeripheralClkEnable)
                  2000d424    0000003c     simplelink.a : driver.obj (.text:_SlDrvObjInit)
                  2000d460    0000003c     driverlib.a : udma.obj (.text:uDMAChannelControlSet)
                  2000d49c    00000038     free_rtos.a : heap_3.obj (.text)
                  2000d4d4    00000038     simplelink.a : socket.obj (.text:sl_Htonl)
                  2000d50c    00000034     driverlib.a : prcm.obj (.text:PRCMPeripheralStatusGet)
                  2000d540    00000034                 : spi.obj (.text:SPIFIFOLevelSet)
                  2000d574    00000034     simplelink.a : driver.obj (.text:_SlDrvBasicCmd)
                  2000d5a8    00000034     rtsv7M4_T_le_eabi.lib : boot.obj (.text)
                  2000d5dc    00000034     simplelink.a : socket.obj (.text:sl_Htons)
                  2000d610    00000030                  : cc_pal.obj (.text:NwpPowerOn)
                  2000d640    00000030     driverlib.a : uart.obj (.text:UARTDisable)
                  2000d670    00000030     rtsv7M4_T_le_eabi.lib : strncpy.obj (.text)
                  2000d6a0    00000030     simplelink.a : socket.obj (.text:sl_Socket)
                  2000d6d0    0000002e     rtsv7M4_T_le_eabi.lib : i_tofd_t2.obj (.text)
                  2000d6fe    00000002     --HOLE-- [fill = 0]
                  2000d700    0000002c     simplelink.a : cc_pal.obj (.text:DmaSpiSwIntHandler)
                  2000d72c    0000002c     driverlib.a : prcm.obj (.text:PRCMSysResetCauseGet)
                  2000d758    0000002c     simplelink.a : flowcont.obj (.text:_SlDrvFlowContDeinit)
                  2000d784    0000002c                  : flowcont.obj (.text:_SlDrvFlowContInit)
                  2000d7b0    00000028     driverlib.a : prcm.obj (.text:PRCMPeripheralClkDisable)
                  2000d7d8    00000028     simplelink.a : socket.obj (.text:_sl_BuildAddress)
                  2000d800    00000028                  : wlan.obj (.text:sl_WlanSetMode)
                  2000d828    00000026     rtsv7M4_T_le_eabi.lib : strncmp.obj (.text)
                  2000d84e    00000002     --HOLE-- [fill = 0]
                  2000d850    00000024     driverlib.a : interrupt.obj (.text:IntUnregister)
                  2000d874    00000024                 : uart.obj (.text:UARTEnable)
                  2000d898    00000024     rtsv7M4_T_le_eabi.lib : memmov.obj (.text)
                  2000d8bc    00000024     simplelink.a : socket.obj (.text:sl_Close)
                  2000d8e0    00000024                  : wlan.obj (.text:sl_WlanProfileDel)
                  2000d904    00000022                  : cc_pal.obj (.text:NwpRegisterInterruptHandler)
                  2000d926    00000022     driverlib.a : spi.obj (.text:SPIReset)
                  2000d948    00000022                 : spi.obj (.text:SPIWordCountSet)
                  2000d96a    00000020                 : gpio.obj (.text:GPIOPinWrite)
                  2000d98a    00000002     --HOLE-- [fill = 0]
                  2000d98c    00000020                 : interrupt.obj (.text:IntRegister)
                  2000d9ac    00000020     simplelink.a : driver.obj (.text:_SlDrvCmdSend)
                  2000d9cc    0000001e     driverlib.a : gpio.obj (.text:GPIOIntRegister)
                  2000d9ea    0000001e                 : uart.obj (.text:UARTCharPut)
                  2000da08    0000001c     simplelink.a : driver.obj (.text:_SlDrvObjDeInit)
                  2000da24    0000001c     rtsv7M4_T_le_eabi.lib : memccpy.obj (.text)
                  2000da40    0000001c     driverlib.a : udma.obj (.text:uDMAChannelEnable)
                  2000da5c    0000001a     simplelink.a : netapp.obj (.text:CopyPingResultsToReport)
                  2000da76    0000001a     driverlib.a : gpio.obj (.text:GPIOIntEnable)
                  2000da90    0000001a                 : pin.obj (.text:PinTypeUART)
                  2000daaa    0000001a                 : spi.obj (.text:SPIDmaDisable)
                  2000dac4    0000001a                 : spi.obj (.text:SPIDmaEnable)
                  2000dade    0000001a                 : spi.obj (.text:SPIFIFODisable)
                  2000daf8    0000001a                 : spi.obj (.text:SPIFIFOEnable)
                  2000db12    0000001a     simplelink.a : device.obj (.text:_SlDrvDeviceEventHandler)
                  2000db2c    0000001a     rtsv7M4_T_le_eabi.lib : strcat.obj (.text)
                  2000db46    00000018     driverlib.a : gpio.obj (.text:GPIOPinRead)
                  2000db5e    00000018                 : spi.obj (.text:SPICSDisable)
                  2000db76    00000018                 : spi.obj (.text:SPICSEnable)
                  2000db8e    00000018                 : spi.obj (.text:SPIDisable)
                  2000dba6    00000018                 : spi.obj (.text:SPIEnable)
                  2000dbbe    00000002     --HOLE-- [fill = 0]
                  2000dbc0    00000018     rtsv7M4_T_le_eabi.lib : args_main.obj (.text)
                  2000dbd8    00000018                           : ll_mul_t2.obj (.text)
                  2000dbf0    00000016     driverlib.a : prcm.obj (.text:PRCMHIBRegRead)
                  2000dc06    00000016                 : prcm.obj (.text:PRCMHIBRegWrite)
                  2000dc1c    00000016                 : uart.obj (.text:UARTCharGet)
                  2000dc32    00000014                 : cpu.obj (.text:CPUcpsie)
                  2000dc46    00000014                 : gpio.obj (.text:GPIOIntClear)
                  2000dc5a    00000002     --HOLE-- [fill = 0]
                  2000dc5c    00000014                 : interrupt.obj (.text:IntVTableBaseSet)
                  2000dc70    00000014     simplelink.a : driver.obj (.text:_SlDrvShiftDWord)
                  2000dc84    00000014     rtsv7M4_T_le_eabi.lib : _lock.obj (.text)
                  2000dc98    00000014                           : strlen.obj (.text)
                  2000dcac    00000012                           : copy_zero_init.obj (.text:decompress:ZI)
                  2000dcbe    00000012     simplelink.a : netapp.obj (.text:sl_NetAppMDNSUnRegisterService)
                  2000dcd0    00000010                  : cc_pal.obj (.text:NwpMaskInterrupt)
                  2000dce0    00000010     rtsv7M4_T_le_eabi.lib : strcpy.obj (.text)
                  2000dcf0    0000000e                           : copy_decompress_none.obj (.text:decompress:none)
                  2000dcfe    0000000e                           : xdclass.obj (.text)
                  2000dd0c    0000000e     startup_ccs.obj (.text)
                  2000dd1a    00000002     --HOLE-- [fill = 0]
                  2000dd1c    0000000c     simplelink.a : cc_pal.obj (.text:NwpUnMaskInterrupt)
                  2000dd28    0000000a     driverlib.a : interrupt.obj (.text:IntMasterEnable)
                  2000dd32    00000008     simplelink.a : wlan.obj (.text:sl_WlanDisconnect)
                  2000dd3a    00000006     driverlib.a : utils.obj (.text:UtilsDelay)
                  2000dd40    00000006     rtsv7M4_T_le_eabi.lib : copy_decompress_rle.obj (.text:decompress:rle24)

.const     0    2000dd48    00000678     
                  2000dd48    00000102     rtsv7M4_T_le_eabi.lib : ctype.obj (.const:.string:_ctypes_)
                  2000de4a    00000002     --HOLE-- [fill = 0]
                  2000de4c    00000100     driverlib.a : pin.obj (.const:g_ulPinToPadMap)
                  2000df4c    000000ec     simplelink.a : wlan.obj (.const)
                  2000e038    000000d4     driverlib.a : interrupt.obj (.const:g_pulRegs)
                  2000e10c    000000a8                 : prcm.obj (.const:PRCM_PeriphRegsList)
                  2000e1b4    00000080                 : interrupt.obj (.const)
                  2000e234    0000004c     simplelink.a : driver.obj (.const)
                  2000e280    0000003f     main.obj (.const:.string)
                  2000e2bf    00000001     --HOLE-- [fill = 0]
                  2000e2c0    00000034     simplelink.a : socket.obj (.const)
                  2000e2f4    0000002c     main.obj (.const:$P$T1$2)
                  2000e320    00000028     simplelink.a : netapp.obj (.const)
                  2000e348    00000022     main.obj (.const:.string:$P$T0$1)
                  2000e36a    00000002     --HOLE-- [fill = 0]
                  2000e36c    00000020     main.obj (.const)
                  2000e38c    00000018     driverlib.a : spi.obj (.const)
                  2000e3a4    00000014     simplelink.a : device.obj (.const)
                  2000e3b8    00000008                  : netcfg.obj (.const)

.cinit     0    2000e3c0    00000078     
                  2000e3c0    00000051     (.cinit..data.load) [load image, compression = rle]
                  2000e411    00000003     --HOLE-- [fill = 0]
                  2000e414    0000000c     (__TI_handler_table)
                  2000e420    00000008     (.cinit..bss.load) [load image, compression = zero_init]
                  2000e428    00000010     (__TI_cinit_table)

.sysmem    0    20017000    00008000     UNINITIALIZED
                  20017000    00000008     rtsv7M4_T_le_eabi.lib : memory.obj (.sysmem)
                  20017008    00007ff8     --HOLE--

.bss       0    2001f000    0000111f     UNINITIALIZED
                  2001f000    00000578     main.obj (.bss:tcpRcvBuf)
                  2001f578    00000578     main.obj (.bss:tcpSendBuf)
                  2001faf0    00000370     main.obj (.bss:netEntries)
                  2001fe60    000000dc     main.obj (.bss:testAP)
                  2001ff3c    000000c8     free_rtos.a : tasks.obj (.bss:pxReadyTasksLists)
                  20020004    00000050                 : queue.obj (.bss:xQueueRegistry)
                  20020054    00000024     main.obj (.bss:g_ucConnectionSSID)
                  20020078    00000020     (.common:ConSid)
                  20020098    00000014     (.common:xDelayedTaskList1)
                  200200ac    00000014     (.common:xDelayedTaskList2)
                  200200c0    00000014     (.common:xPendingReadyList)
                  200200d4    00000014     (.common:xSuspendedTaskList)
                  200200e8    00000014     (.common:xTasksWaitingTermination)
                  200200fc    00000008     (.common:g_ucConnectionBSSID)
                  20020104    00000004     (.common:ConRssi)
                  20020108    00000004     (.common:__Errorlog)
                  2002010c    00000004     (.common:pxDelayedTaskList)
                  20020110    00000004     (.common:pxOverflowDelayedTaskList)
                  20020114    00000004     (.common:scanCount)
                  20020118    00000004     (.common:socketID)
                  2002011c    00000001     (.common:g_ucLED1Pin)
                  2002011d    00000001     (.common:g_ucLED2Pin)
                  2002011e    00000001     (.common:g_ucLED3Pin)

.data      0    20020120    00000288     UNINITIALIZED
                  20020120    00000184     simplelink.a : driver.obj (.data)
                  200202a4    00000064                  : cc_pal.obj (.data)
                  20020308    00000034     free_rtos.a : tasks.obj (.data)
                  2002033c    00000020     gpio_if.obj (.data)
                  2002035c    0000001c     main.obj (.data)
                  20020378    0000000c     free_rtos.a : osi_freertos.obj (.data)
                  20020384    0000000c     rtsv7M4_T_le_eabi.lib : memory.obj (.data)
                  20020390    00000008                           : _lock.obj (.data)
                  20020398    00000008                           : exit.obj (.data)
                  200203a0    00000004     free_rtos.a : port.obj (.data)
                  200203a4    00000004     rtsv7M4_T_le_eabi.lib : stkdepth_vars.obj (.data)

.stack     0    2002f800    00000800     UNINITIALIZED
                  2002f800    00000800     --HOLE--


LINKER GENERATED COPY TABLES

__TI_cinit_table @ 2000e428 records: 2, size/record: 8, table size: 16
	.data: load addr=2000e3c0, load size=00000051 bytes, run addr=20020120, run size=00000288 bytes, compression=rle
	.bss: load addr=2000e420, load size=00000008 bytes, run addr=2001f000, run size=0000111f bytes, compression=zero_init


LINKER GENERATED HANDLER TABLE

__TI_handler_table @ 2000e414 records: 3, size/record: 4, table size: 12
	index: 0, handler: __TI_decompress_rle24
	index: 1, handler: __TI_decompress_none
	index: 2, handler: __TI_zero_init


GLOBAL SYMBOLS: SORTED ALPHABETICALLY BY Name 

address    name
--------   ----
2000d15d   C$$EXIT
2000dc33   CPUcpsie
20009b89   ClearTerm
2000da5d   CopyPingResultsToReport
200202b0   DMAMsgQ
2000d701   DmaSpiSwIntHandler
20009b93   Error
2000dc47   GPIOIntClear
2000da77   GPIOIntEnable
2000d9cd   GPIOIntRegister
2000c261   GPIOIntTypeSet
2000db47   GPIOPinRead
2000d96b   GPIOPinWrite
20009719   GPIO_IF_ConfigureNIntEnable
2000978f   GPIO_IF_Get
200096d3   GPIO_IF_GetPortNPin
20009495   GPIO_IF_LedConfigure
20009587   GPIO_IF_LedOff
200094d3   GPIO_IF_LedOn
2000963b   GPIO_IF_LedStatus
200096a5   GPIO_IF_LedToggle
20009755   GPIO_IF_Set
20009bcb   GetCmd
20009c5d   GetPic
20009b35   InitTerm
2000b9c9   IntDisable
2000ba71   IntEnable
2000dd29   IntMasterEnable
2000cb95   IntPendClear
2000ccf5   IntPrioritySet
2000d98d   IntRegister
2000d851   IntUnregister
2000dc5d   IntVTableBaseSet
20009b67   Message
2000dcd1   NwpMaskInterrupt
2000d3ad   NwpPowerOff
2000d611   NwpPowerOn
2000c2e5   NwpPowerOnPreamble
2000d905   NwpRegisterInterruptHandler
2000dd1d   NwpUnMaskInterrupt
2000a739   PRCMCC3200MCUInit
2000dbf1   PRCMHIBRegRead
2000dc07   PRCMHIBRegWrite
2000d7b1   PRCMPeripheralClkDisable
2000d3e9   PRCMPeripheralClkEnable
2000bced   PRCMPeripheralClockGet
2000cbed   PRCMPeripheralReset
2000d50d   PRCMPeripheralStatusGet
2000d72d   PRCMSysResetCauseGet
20009c83   PicUartn
2000bf39   PinConfigSet
2000d26d   PinModeSet
2000d0d5   PinMuxConfig
2000da91   PinTypeUART
20009d55   Report
2000dd0d   ResetISR
UNDEFED    SHT$$INIT_ARRAY$$Base
UNDEFED    SHT$$INIT_ARRAY$$Limit
2000db5f   SPICSDisable
2000db77   SPICSEnable
2000bb19   SPIConfigSetExpClk
2000db8f   SPIDisable
2000daab   SPIDmaDisable
2000dac5   SPIDmaEnable
2000dba7   SPIEnable
2000dadf   SPIFIFODisable
2000daf9   SPIFIFOEnable
2000d541   SPIFIFOLevelSet
2000cfb9   SPIIntClear
2000ce41   SPIIntEnable
2000d927   SPIReset
2000d949   SPIWordCountSet
20009c6f   SetPic
200045f5   SimpleLinkGeneralEventHandler
200045dd   SimpleLinkHttpServerCallback
20004529   SimpleLinkNetAppEventHandler
20004619   SimpleLinkSockEventHandler
20004419   SimpleLinkWlanEventHandler
20009cb9   TrimSpace
2000dc1d   UARTCharGet
2000d9eb   UARTCharPut
2000c641   UARTConfigSetExpClk
2000d641   UARTDisable
2000d875   UARTEnable
2000dd3b   UtilsDelay
20008b8d   VDeleteSimpleLinkSpawnTask
20008b3d   VStartSimpleLinkSpawnTask
20005625   WlanStationMode
2000dcff   _Dclass
2000d1a1   _Dtest
2000e2e0   _SlAcceptCmdCtrl
2000e248   _SlActionLookupTable
200097e9   _SlAsyncEventGenericHandler
2000e3b0   _SlDeviceGetCmdCtrl
2000e3b4   _SlDeviceSetCmdCtrl
2000d575   _SlDrvBasicCmd
2000bd81   _SlDrvClassifyRxMsg
2000c1dd   _SlDrvCmdOp
2000d9ad   _SlDrvCmdSend
2000a35d   _SlDrvDataReadOp
2000a99d   _SlDrvDataWriteOp
2000db13   _SlDrvDeviceEventHandler
2000cc45   _SlDrvDriverCBDeinit
2000c365   _SlDrvDriverCBInit
2000d759   _SlDrvFlowContDeinit
2000d785   _SlDrvFlowContInit
200090ed   _SlDrvMsgRead
2000b7b1   _SlDrvMsgReadCmdCtx
2000bea9   _SlDrvMsgReadSpawnCtx
2000abf5   _SlDrvMsgWrite
2000b865   _SlDrvNetAppEventHandler
2000da09   _SlDrvObjDeInit
2000d425   _SlDrvObjInit
2000af25   _SlDrvReleasePoolObj
2000a4c1   _SlDrvRxHdrRead
2000d2ad   _SlDrvRxIrqHandler
2000dc71   _SlDrvShiftDWord
2000ae19   _SlDrvWaitForPoolObj
2000e3ac   _SlEventMaskGetCmdCtrl
2000e3a8   _SlEventMaskSetCmdCtrl
2000bc55   _SlFindAndSetActiveObj
2000e338   _SlGetHostByNameCtrl
2000e334   _SlGetHostByServiceCtrl
2000e32c   _SlGetServiceListeCtrl
2000e2ec   _SlGetSockOptCmdCtrl
2000e2dc   _SlListenCmdCtrl
2000e344   _SlNetAppGetCmdCtrl
2000e340   _SlNetAppSendTokenValueCmdCtrl
2000e33c   _SlNetAppSetCmdCtrl
2000e324   _SlNetAppStartCtrl
2000e328   _SlNetAppStopCtrl
2000e3bc   _SlNetCfgGetCmdCtrl
2000e3b8   _SlNetCfgSetCmdCtrl
2000df54   _SlPolicyGetCmdCtrl
2000df50   _SlPolicySetCmdCtrl
2000df5c   _SlProfileDelCmdCtrl
2000df58   _SlProfileGetCmdCtrl
2000e2e4   _SlRecvCmdCtrl
2000e2d4   _SlRecvfomCmdCtrl
2000e330   _SlRegisterServiceCtrl
2000d2ed   _SlRemoveFromList
2000df64   _SlRxFilterAddtCmdCtrl
2000df6c   _SlRxFilterGetCmdCtrl
2000df68   _SlRxFilterSetCmdCtrl
2000e2f0   _SlSelectCmdCtrl
2000e2d8   _SlSendCmdCtrl
2000e2e8   _SlSetSockOptCmdCtrl
2000df70   _SlSmartConfigStartCmdCtrl
2000e2d0   _SlSockCloseCmdCtrl
2000e2cc   _SlSockSocketCmdCtrl
2000e3a4   _SlStopCmdCtrl
2000df7c   _SlWlanCfgGetCmdCtrl
2000df78   _SlWlanCfgSetCmdCtrl
2000df60   _SlWlanGetNetworkListCtrl
2000df74   _SlWlanSetModeCmdCtrl
20030000   __STACK_END
00000800   __STACK_SIZE
00008000   __SYSMEM_SIZE
2000e428   __TI_CINIT_Base
2000e438   __TI_CINIT_Limit
2000e414   __TI_Handler_Table_Base
2000e420   __TI_Handler_Table_Limit
00000001   __TI_args_main
2000be15   __TI_auto_init
20020398   __TI_cleanup_ptr
2000dcf1   __TI_decompress_none
2000dd41   __TI_decompress_rle24
2002039c   __TI_dtors_ptr
20007a97   __TI_printfi
2000e3c0   __TI_static_base__
2000dcad   __TI_zero_init
2000c0d1   __aeabi_cdcmpeq
2000c0d1   __aeabi_cdcmple
2000c157   __aeabi_cdrcmple
2000d001   __aeabi_d2iz
2000a013   __aeabi_dadd
2000a601   __aeabi_ddiv
2000b029   __aeabi_dmul
2000a009   __aeabi_dsub
2000d6d1   __aeabi_i2d
2000dbd9   __aeabi_lmul
2000c551   __aeabi_memclr
2000c551   __aeabi_memclr4
2000c551   __aeabi_memclr8
2000bbb9   __aeabi_memcpy
2000bbb9   __aeabi_memcpy4
2000bbb9   __aeabi_memcpy8
2000c553   __aeabi_memset
2000c553   __aeabi_memset4
2000c553   __aeabi_memset8
20009e15   __aeabi_uldivmod
ffffffff   __binit__
ffffffff   __c_args__
2002f800   __stack
2000dbc1   _args_main
2000d5a9   _c_int00
2000dd48   _ctypes_
20020390   _lock
2000dc93   _nop
2000dc8b   _register_lock
2000dc85   _register_unlock
2000d7d9   _sl_BuildAddress
2000cf25   _sl_GetStartResponseConvert
2000c951   _sl_HandleAsync_Accept
2000c881   _sl_HandleAsync_Connect
2000c3e1   _sl_HandleAsync_DnsGetHostByName
2000c8e9   _sl_HandleAsync_DnsGetHostByService
2000c6b9   _sl_HandleAsync_InitComplete
2000c7a1   _sl_HandleAsync_PingResponse
2000cc9d   _sl_HandleAsync_Select
2000cd49   _sl_HandleAsync_Stop
2000c811   _sl_TruncatePayloadByProtocol
20017000   _sys_memory
20020394   _unlock
2000d161   abort
2000ce8d   atoi
ffffffff   binit
200090b5   calloc
2000d119   copy_in
20020370   curtick
20005f19   eTaskGetState
2000d169   exit
20008e0f   free
20020124   gFirstCmdMode
2000e240   g_H2NCnysPattern
2000e238   g_H2NSyncPattern
200202a4   g_SpiFd
2002012c   g_StatMem
200202b4   g_cDummy
20020128   g_pCB
200202a8   g_pHostIntHdl
20004000   g_pfnVectors
200200fc   g_ucConnectionBSSID
20020054   g_ucConnectionSSID
20020368   g_ucConnectionStatus
200202ac   g_ucDMAEnabled
200202b8   g_ucDinDout
2002011c   g_ucLED1Pin
2002011d   g_ucLED2Pin
2002011e   g_ucLED3Pin
20020369   g_ucSimplelinkstarted
20020350   g_uiLED1Port
20020354   g_uiLED2Port
20020358   g_uiLED3Port
20020364   g_uiPortNum
20020360   g_ulDestinationIp
20020374   g_ulGatewayIP
2002036c   g_ulIpAddr
2002035c   g_ulStatus
2000cb3b   ltoa
20005b1d   main
200203a4   main_func_sp
20008dad   malloc
20008c91   mem_Free
20008c85   mem_Malloc
20008cb1   mem_copy
20008c9d   mem_set
20008fd5   memalign
2000da25   memccpy
2000bbb9   memcpy
2000d899   memmove
2000c559   memset
20008d21   minit
2001faf0   netEntries
20008d07   osi_ContextRestore
20008d05   osi_ContextSave
20008cc5   osi_EnterCritical
20008ccf   osi_ExitCritical
200088eb   osi_InterruptDeRegister
200088c5   osi_InterruptRegister
200089f5   osi_LockObjCreate
20008a69   osi_LockObjDelete
20008a79   osi_LockObjLock
20008aa5   osi_LockObjUnlock
20008bb9   osi_MsgQCreate
20008bfd   osi_MsgQDelete
20008c49   osi_MsgQRead
20008c17   osi_MsgQWrite
20008ce1   osi_Sleep
20008acf   osi_Spawn
200089d3   osi_SyncObjClear
200088fd   osi_SyncObjCreate
2000892d   osi_SyncObjDelete
20008947   osi_SyncObjSignal
2000896f   osi_SyncObjSignalFromISR
200089a7   osi_SyncObjWait
20008a1b   osi_TaskCreate
20008a5b   osi_TaskDelete
20008cf1   osi_TaskDisable
20008cfb   osi_TaskEnable
20008cd9   osi_start
20020120   pPingCallBackFunc
2000643d   pcTaskGetTaskName
2000b7a9   portCLZ
2000b791   prvPortStartFirstTask
2000d49d   pvPortMalloc
20020308   pxCurrentTCB
2000ad09   pxPortInitialiseStack
2000b575   qsort
20008ecf   realloc
20020114   scanCount
2000d8bd   sl_Close
2000b215   sl_Connect
2000c45d   sl_DevGet
2000d4d5   sl_Htonl
2000d5dd   sl_Htons
2000c049   sl_NetAppMDNSRegisterUnregisterService
2000dcbf   sl_NetAppMDNSUnRegisterService
2000cd9d   sl_NetAppSendTokenValue
2000c5c9   sl_NetCfgGet
2000d1e5   sl_NetCfgSet
2000d229   sl_Recv
2000b919   sl_Send
2000d6a1   sl_Socket
2000b635   sl_Start
2000b4b1   sl_Stop
2000a1c1   sl_WlanConnect
2000dd33   sl_WlanDisconnect
2000cdf1   sl_WlanGetNetworkList
2000d32d   sl_WlanPolicySet
2000d8e1   sl_WlanProfileDel
2000d36d   sl_WlanRxFilterSet
2000d049   sl_WlanSet
2000d801   sl_WlanSetMode
20020118   socketID
2000c72d   spi_Close
2000a86d   spi_Open
2000b3e5   spi_Read
2000b2fd   spi_Write
2000ca7d   sprintf
2000db2d   strcat
2000dce1   strcpy
2000dc99   strlen
2000d829   strncmp
2000d671   strncpy
20004fa5   tcpClientConnect
2001f000   tcpRcvBuf
2001f578   tcpSendBuf
2001fe60   testAP
2000ced9   uDMAChannelAssign
2000c9b5   uDMAChannelAttributeDisable
2000ca19   uDMAChannelAttributeEnable
2000d461   uDMAChannelControlSet
2000da41   uDMAChannelEnable
2000b125   uDMAChannelTransferSet
20008521   ucQueueGetQueueType
2000b6f9   ulPortSetInterruptMask
2000abab   uxListRemove
20008501   uxQueueGetQueueNumber
20008495   uxQueueMessagesWaiting
200084cb   uxQueueMessagesWaitingFromISR
200084ab   uxQueueSpacesAvailable
20006431   uxTaskGetNumberOfTasks
20006461   uxTaskGetSystemState
20006951   uxTaskGetTaskNumber
20005fad   uxTaskPriorityGet
20006ea9   uxTaskResetEventItemValue
2000440b   vApplicationIdleHook
2000440d   vApplicationMallocFailedHook
2000440f   vApplicationStackOverflowHook
20004401   vAssertCalled
2000aac9   vListInitialise
2000aaf9   vListInitialiseItem
2000ab45   vListInsert
2000ab09   vListInsertEnd
2000b70f   vPortClearInterruptMask
2000ad85   vPortEndScheduler
2000ad99   vPortEnterCritical
2000adb1   vPortExitCritical
2000d4bd   vPortFree
2000b769   vPortSVCHandler
2000ade5   vPortSetupTimerInterrupt
2000ad87   vPortYield
2000873b   vQueueAddToRegistry
200084dd   vQueueDelete
2000850f   vQueueSetQueueNumber
2000877d   vQueueUnregisterQueue
20005ec3   vTaskDelay
20005e27   vTaskDelayUntil
20005d97   vTaskDelete
20006315   vTaskEndScheduler
20006943   vTaskMissedYield
200066d9   vTaskPlaceOnEventList
2000673d   vTaskPlaceOnUnorderedEventList
20006e1f   vTaskPriorityDisinherit
20006d65   vTaskPriorityInherit
20005fe5   vTaskPrioritySet
200061dd   vTaskResume
20006971   vTaskSetTaskNumber
200068a3   vTaskSetTimeOutState
200062cb   vTaskStartScheduler
200060e9   vTaskSuspend
20006327   vTaskSuspendAll
20006659   vTaskSwitchContext
2000bfc1   vsnprintf
20020378   xHigherPriorityTaskWoken
2000b71d   xPortPendSVHandler
2000ad59   xPortStartScheduler
2000adc9   xPortSysTickHandler
200087cb   xQueueAddToSet
200080fd   xQueueAltGenericReceive
20008051   xQueueAltGenericSend
20007f25   xQueueCreateCountingSemaphore
20007ea7   xQueueCreateMutex
200087b7   xQueueCreateSet
20007e31   xQueueGenericCreate
20008297   xQueueGenericReceive
20007da1   xQueueGenericReset
20007f45   xQueueGenericSend
200081fb   xQueueGenericSendFromISR
200086d7   xQueueIsQueueEmptyFromISR
20008719   xQueueIsQueueFullFromISR
20008451   xQueuePeekFromISR
200083d9   xQueueReceiveFromISR
20020004   xQueueRegistry
200087ff   xQueueRemoveFromSet
20008841   xQueueSelectFromSet
2000885b   xQueueSelectFromSetFromISR
2002037c   xSimpleLinkSpawnQueue
20020380   xSimpleLinkSpawnTaskHndl
200068c9   xTaskCheckForTimeOut
20005c89   xTaskGenericCreate
20006d19   xTaskGetCurrentTaskHandle
2000651f   xTaskGetIdleTaskHandle
20006d2d   xTaskGetSchedulerState
20006405   xTaskGetTickCount
20006419   xTaskGetTickCountFromISR
2000653d   xTaskIncrementTick
200067ad   xTaskRemoveFromEventList
20006835   xTaskRemoveFromUnorderedEventList
20006339   xTaskResumeAll
20006251   xTaskResumeFromISR


GLOBAL SYMBOLS: SORTED BY Symbol Address 

address    name
--------   ----
00000001   __TI_args_main
00000800   __STACK_SIZE
00008000   __SYSMEM_SIZE
20004000   g_pfnVectors
20004401   vAssertCalled
2000440b   vApplicationIdleHook
2000440d   vApplicationMallocFailedHook
2000440f   vApplicationStackOverflowHook
20004419   SimpleLinkWlanEventHandler
20004529   SimpleLinkNetAppEventHandler
200045dd   SimpleLinkHttpServerCallback
200045f5   SimpleLinkGeneralEventHandler
20004619   SimpleLinkSockEventHandler
20004fa5   tcpClientConnect
20005625   WlanStationMode
20005b1d   main
20005c89   xTaskGenericCreate
20005d97   vTaskDelete
20005e27   vTaskDelayUntil
20005ec3   vTaskDelay
20005f19   eTaskGetState
20005fad   uxTaskPriorityGet
20005fe5   vTaskPrioritySet
200060e9   vTaskSuspend
200061dd   vTaskResume
20006251   xTaskResumeFromISR
200062cb   vTaskStartScheduler
20006315   vTaskEndScheduler
20006327   vTaskSuspendAll
20006339   xTaskResumeAll
20006405   xTaskGetTickCount
20006419   xTaskGetTickCountFromISR
20006431   uxTaskGetNumberOfTasks
2000643d   pcTaskGetTaskName
20006461   uxTaskGetSystemState
2000651f   xTaskGetIdleTaskHandle
2000653d   xTaskIncrementTick
20006659   vTaskSwitchContext
200066d9   vTaskPlaceOnEventList
2000673d   vTaskPlaceOnUnorderedEventList
200067ad   xTaskRemoveFromEventList
20006835   xTaskRemoveFromUnorderedEventList
200068a3   vTaskSetTimeOutState
200068c9   xTaskCheckForTimeOut
20006943   vTaskMissedYield
20006951   uxTaskGetTaskNumber
20006971   vTaskSetTaskNumber
20006d19   xTaskGetCurrentTaskHandle
20006d2d   xTaskGetSchedulerState
20006d65   vTaskPriorityInherit
20006e1f   vTaskPriorityDisinherit
20006ea9   uxTaskResetEventItemValue
20007a97   __TI_printfi
20007da1   xQueueGenericReset
20007e31   xQueueGenericCreate
20007ea7   xQueueCreateMutex
20007f25   xQueueCreateCountingSemaphore
20007f45   xQueueGenericSend
20008051   xQueueAltGenericSend
200080fd   xQueueAltGenericReceive
200081fb   xQueueGenericSendFromISR
20008297   xQueueGenericReceive
200083d9   xQueueReceiveFromISR
20008451   xQueuePeekFromISR
20008495   uxQueueMessagesWaiting
200084ab   uxQueueSpacesAvailable
200084cb   uxQueueMessagesWaitingFromISR
200084dd   vQueueDelete
20008501   uxQueueGetQueueNumber
2000850f   vQueueSetQueueNumber
20008521   ucQueueGetQueueType
200086d7   xQueueIsQueueEmptyFromISR
20008719   xQueueIsQueueFullFromISR
2000873b   vQueueAddToRegistry
2000877d   vQueueUnregisterQueue
200087b7   xQueueCreateSet
200087cb   xQueueAddToSet
200087ff   xQueueRemoveFromSet
20008841   xQueueSelectFromSet
2000885b   xQueueSelectFromSetFromISR
200088c5   osi_InterruptRegister
200088eb   osi_InterruptDeRegister
200088fd   osi_SyncObjCreate
2000892d   osi_SyncObjDelete
20008947   osi_SyncObjSignal
2000896f   osi_SyncObjSignalFromISR
200089a7   osi_SyncObjWait
200089d3   osi_SyncObjClear
200089f5   osi_LockObjCreate
20008a1b   osi_TaskCreate
20008a5b   osi_TaskDelete
20008a69   osi_LockObjDelete
20008a79   osi_LockObjLock
20008aa5   osi_LockObjUnlock
20008acf   osi_Spawn
20008b3d   VStartSimpleLinkSpawnTask
20008b8d   VDeleteSimpleLinkSpawnTask
20008bb9   osi_MsgQCreate
20008bfd   osi_MsgQDelete
20008c17   osi_MsgQWrite
20008c49   osi_MsgQRead
20008c85   mem_Malloc
20008c91   mem_Free
20008c9d   mem_set
20008cb1   mem_copy
20008cc5   osi_EnterCritical
20008ccf   osi_ExitCritical
20008cd9   osi_start
20008ce1   osi_Sleep
20008cf1   osi_TaskDisable
20008cfb   osi_TaskEnable
20008d05   osi_ContextSave
20008d07   osi_ContextRestore
20008d21   minit
20008dad   malloc
20008e0f   free
20008ecf   realloc
20008fd5   memalign
200090b5   calloc
200090ed   _SlDrvMsgRead
20009495   GPIO_IF_LedConfigure
200094d3   GPIO_IF_LedOn
20009587   GPIO_IF_LedOff
2000963b   GPIO_IF_LedStatus
200096a5   GPIO_IF_LedToggle
200096d3   GPIO_IF_GetPortNPin
20009719   GPIO_IF_ConfigureNIntEnable
20009755   GPIO_IF_Set
2000978f   GPIO_IF_Get
200097e9   _SlAsyncEventGenericHandler
20009b35   InitTerm
20009b67   Message
20009b89   ClearTerm
20009b93   Error
20009bcb   GetCmd
20009c5d   GetPic
20009c6f   SetPic
20009c83   PicUartn
20009cb9   TrimSpace
20009d55   Report
20009e15   __aeabi_uldivmod
2000a009   __aeabi_dsub
2000a013   __aeabi_dadd
2000a1c1   sl_WlanConnect
2000a35d   _SlDrvDataReadOp
2000a4c1   _SlDrvRxHdrRead
2000a601   __aeabi_ddiv
2000a739   PRCMCC3200MCUInit
2000a86d   spi_Open
2000a99d   _SlDrvDataWriteOp
2000aac9   vListInitialise
2000aaf9   vListInitialiseItem
2000ab09   vListInsertEnd
2000ab45   vListInsert
2000abab   uxListRemove
2000abf5   _SlDrvMsgWrite
2000ad09   pxPortInitialiseStack
2000ad59   xPortStartScheduler
2000ad85   vPortEndScheduler
2000ad87   vPortYield
2000ad99   vPortEnterCritical
2000adb1   vPortExitCritical
2000adc9   xPortSysTickHandler
2000ade5   vPortSetupTimerInterrupt
2000ae19   _SlDrvWaitForPoolObj
2000af25   _SlDrvReleasePoolObj
2000b029   __aeabi_dmul
2000b125   uDMAChannelTransferSet
2000b215   sl_Connect
2000b2fd   spi_Write
2000b3e5   spi_Read
2000b4b1   sl_Stop
2000b575   qsort
2000b635   sl_Start
2000b6f9   ulPortSetInterruptMask
2000b70f   vPortClearInterruptMask
2000b71d   xPortPendSVHandler
2000b769   vPortSVCHandler
2000b791   prvPortStartFirstTask
2000b7a9   portCLZ
2000b7b1   _SlDrvMsgReadCmdCtx
2000b865   _SlDrvNetAppEventHandler
2000b919   sl_Send
2000b9c9   IntDisable
2000ba71   IntEnable
2000bb19   SPIConfigSetExpClk
2000bbb9   __aeabi_memcpy
2000bbb9   __aeabi_memcpy4
2000bbb9   __aeabi_memcpy8
2000bbb9   memcpy
2000bc55   _SlFindAndSetActiveObj
2000bced   PRCMPeripheralClockGet
2000bd81   _SlDrvClassifyRxMsg
2000be15   __TI_auto_init
2000bea9   _SlDrvMsgReadSpawnCtx
2000bf39   PinConfigSet
2000bfc1   vsnprintf
2000c049   sl_NetAppMDNSRegisterUnregisterService
2000c0d1   __aeabi_cdcmpeq
2000c0d1   __aeabi_cdcmple
2000c157   __aeabi_cdrcmple
2000c1dd   _SlDrvCmdOp
2000c261   GPIOIntTypeSet
2000c2e5   NwpPowerOnPreamble
2000c365   _SlDrvDriverCBInit
2000c3e1   _sl_HandleAsync_DnsGetHostByName
2000c45d   sl_DevGet
2000c551   __aeabi_memclr
2000c551   __aeabi_memclr4
2000c551   __aeabi_memclr8
2000c553   __aeabi_memset
2000c553   __aeabi_memset4
2000c553   __aeabi_memset8
2000c559   memset
2000c5c9   sl_NetCfgGet
2000c641   UARTConfigSetExpClk
2000c6b9   _sl_HandleAsync_InitComplete
2000c72d   spi_Close
2000c7a1   _sl_HandleAsync_PingResponse
2000c811   _sl_TruncatePayloadByProtocol
2000c881   _sl_HandleAsync_Connect
2000c8e9   _sl_HandleAsync_DnsGetHostByService
2000c951   _sl_HandleAsync_Accept
2000c9b5   uDMAChannelAttributeDisable
2000ca19   uDMAChannelAttributeEnable
2000ca7d   sprintf
2000cb3b   ltoa
2000cb95   IntPendClear
2000cbed   PRCMPeripheralReset
2000cc45   _SlDrvDriverCBDeinit
2000cc9d   _sl_HandleAsync_Select
2000ccf5   IntPrioritySet
2000cd49   _sl_HandleAsync_Stop
2000cd9d   sl_NetAppSendTokenValue
2000cdf1   sl_WlanGetNetworkList
2000ce41   SPIIntEnable
2000ce8d   atoi
2000ced9   uDMAChannelAssign
2000cf25   _sl_GetStartResponseConvert
2000cfb9   SPIIntClear
2000d001   __aeabi_d2iz
2000d049   sl_WlanSet
2000d0d5   PinMuxConfig
2000d119   copy_in
2000d15d   C$$EXIT
2000d161   abort
2000d169   exit
2000d1a1   _Dtest
2000d1e5   sl_NetCfgSet
2000d229   sl_Recv
2000d26d   PinModeSet
2000d2ad   _SlDrvRxIrqHandler
2000d2ed   _SlRemoveFromList
2000d32d   sl_WlanPolicySet
2000d36d   sl_WlanRxFilterSet
2000d3ad   NwpPowerOff
2000d3e9   PRCMPeripheralClkEnable
2000d425   _SlDrvObjInit
2000d461   uDMAChannelControlSet
2000d49d   pvPortMalloc
2000d4bd   vPortFree
2000d4d5   sl_Htonl
2000d50d   PRCMPeripheralStatusGet
2000d541   SPIFIFOLevelSet
2000d575   _SlDrvBasicCmd
2000d5a9   _c_int00
2000d5dd   sl_Htons
2000d611   NwpPowerOn
2000d641   UARTDisable
2000d671   strncpy
2000d6a1   sl_Socket
2000d6d1   __aeabi_i2d
2000d701   DmaSpiSwIntHandler
2000d72d   PRCMSysResetCauseGet
2000d759   _SlDrvFlowContDeinit
2000d785   _SlDrvFlowContInit
2000d7b1   PRCMPeripheralClkDisable
2000d7d9   _sl_BuildAddress
2000d801   sl_WlanSetMode
2000d829   strncmp
2000d851   IntUnregister
2000d875   UARTEnable
2000d899   memmove
2000d8bd   sl_Close
2000d8e1   sl_WlanProfileDel
2000d905   NwpRegisterInterruptHandler
2000d927   SPIReset
2000d949   SPIWordCountSet
2000d96b   GPIOPinWrite
2000d98d   IntRegister
2000d9ad   _SlDrvCmdSend
2000d9cd   GPIOIntRegister
2000d9eb   UARTCharPut
2000da09   _SlDrvObjDeInit
2000da25   memccpy
2000da41   uDMAChannelEnable
2000da5d   CopyPingResultsToReport
2000da77   GPIOIntEnable
2000da91   PinTypeUART
2000daab   SPIDmaDisable
2000dac5   SPIDmaEnable
2000dadf   SPIFIFODisable
2000daf9   SPIFIFOEnable
2000db13   _SlDrvDeviceEventHandler
2000db2d   strcat
2000db47   GPIOPinRead
2000db5f   SPICSDisable
2000db77   SPICSEnable
2000db8f   SPIDisable
2000dba7   SPIEnable
2000dbc1   _args_main
2000dbd9   __aeabi_lmul
2000dbf1   PRCMHIBRegRead
2000dc07   PRCMHIBRegWrite
2000dc1d   UARTCharGet
2000dc33   CPUcpsie
2000dc47   GPIOIntClear
2000dc5d   IntVTableBaseSet
2000dc71   _SlDrvShiftDWord
2000dc85   _register_unlock
2000dc8b   _register_lock
2000dc93   _nop
2000dc99   strlen
2000dcad   __TI_zero_init
2000dcbf   sl_NetAppMDNSUnRegisterService
2000dcd1   NwpMaskInterrupt
2000dce1   strcpy
2000dcf1   __TI_decompress_none
2000dcff   _Dclass
2000dd0d   ResetISR
2000dd1d   NwpUnMaskInterrupt
2000dd29   IntMasterEnable
2000dd33   sl_WlanDisconnect
2000dd3b   UtilsDelay
2000dd41   __TI_decompress_rle24
2000dd48   _ctypes_
2000df50   _SlPolicySetCmdCtrl
2000df54   _SlPolicyGetCmdCtrl
2000df58   _SlProfileGetCmdCtrl
2000df5c   _SlProfileDelCmdCtrl
2000df60   _SlWlanGetNetworkListCtrl
2000df64   _SlRxFilterAddtCmdCtrl
2000df68   _SlRxFilterSetCmdCtrl
2000df6c   _SlRxFilterGetCmdCtrl
2000df70   _SlSmartConfigStartCmdCtrl
2000df74   _SlWlanSetModeCmdCtrl
2000df78   _SlWlanCfgSetCmdCtrl
2000df7c   _SlWlanCfgGetCmdCtrl
2000e238   g_H2NSyncPattern
2000e240   g_H2NCnysPattern
2000e248   _SlActionLookupTable
2000e2cc   _SlSockSocketCmdCtrl
2000e2d0   _SlSockCloseCmdCtrl
2000e2d4   _SlRecvfomCmdCtrl
2000e2d8   _SlSendCmdCtrl
2000e2dc   _SlListenCmdCtrl
2000e2e0   _SlAcceptCmdCtrl
2000e2e4   _SlRecvCmdCtrl
2000e2e8   _SlSetSockOptCmdCtrl
2000e2ec   _SlGetSockOptCmdCtrl
2000e2f0   _SlSelectCmdCtrl
2000e324   _SlNetAppStartCtrl
2000e328   _SlNetAppStopCtrl
2000e32c   _SlGetServiceListeCtrl
2000e330   _SlRegisterServiceCtrl
2000e334   _SlGetHostByServiceCtrl
2000e338   _SlGetHostByNameCtrl
2000e33c   _SlNetAppSetCmdCtrl
2000e340   _SlNetAppSendTokenValueCmdCtrl
2000e344   _SlNetAppGetCmdCtrl
2000e3a4   _SlStopCmdCtrl
2000e3a8   _SlEventMaskSetCmdCtrl
2000e3ac   _SlEventMaskGetCmdCtrl
2000e3b0   _SlDeviceGetCmdCtrl
2000e3b4   _SlDeviceSetCmdCtrl
2000e3b8   _SlNetCfgSetCmdCtrl
2000e3bc   _SlNetCfgGetCmdCtrl
2000e3c0   __TI_static_base__
2000e414   __TI_Handler_Table_Base
2000e420   __TI_Handler_Table_Limit
2000e428   __TI_CINIT_Base
2000e438   __TI_CINIT_Limit
20017000   _sys_memory
2001f000   tcpRcvBuf
2001f578   tcpSendBuf
2001faf0   netEntries
2001fe60   testAP
20020004   xQueueRegistry
20020054   g_ucConnectionSSID
200200fc   g_ucConnectionBSSID
20020114   scanCount
20020118   socketID
2002011c   g_ucLED1Pin
2002011d   g_ucLED2Pin
2002011e   g_ucLED3Pin
20020120   pPingCallBackFunc
20020124   gFirstCmdMode
20020128   g_pCB
2002012c   g_StatMem
200202a4   g_SpiFd
200202a8   g_pHostIntHdl
200202ac   g_ucDMAEnabled
200202b0   DMAMsgQ
200202b4   g_cDummy
200202b8   g_ucDinDout
20020308   pxCurrentTCB
20020350   g_uiLED1Port
20020354   g_uiLED2Port
20020358   g_uiLED3Port
2002035c   g_ulStatus
20020360   g_ulDestinationIp
20020364   g_uiPortNum
20020368   g_ucConnectionStatus
20020369   g_ucSimplelinkstarted
2002036c   g_ulIpAddr
20020370   curtick
20020374   g_ulGatewayIP
20020378   xHigherPriorityTaskWoken
2002037c   xSimpleLinkSpawnQueue
20020380   xSimpleLinkSpawnTaskHndl
20020390   _lock
20020394   _unlock
20020398   __TI_cleanup_ptr
2002039c   __TI_dtors_ptr
200203a4   main_func_sp
2002f800   __stack
20030000   __STACK_END
ffffffff   __binit__
ffffffff   __c_args__
ffffffff   binit
UNDEFED    SHT$$INIT_ARRAY$$Base
UNDEFED    SHT$$INIT_ARRAY$$Limit

[432 symbols]
