<?xml version="1.0"?>
<link_info>
   <banner>TI ARM Linker PC v5.1.6</banner>
   <copyright>Copyright (c) 1996-2014 Texas Instruments Incorporated</copyright>
   <link_time>0x5593c114</link_time>
   <link_errors>0x0</link_errors>
   <output_file>httpserver.out</output_file>
   <entry_point>
      <name>_c_int00</name>
      <address>0x2000d1c1</address>
   </entry_point>
   <input_file_list>
      <input_file id="fl-2">
         <path>.\</path>
         <kind>object</kind>
         <file>gpio_if.obj</file>
         <name>gpio_if.obj</name>
      </input_file>
      <input_file id="fl-3">
         <path>.\</path>
         <kind>object</kind>
         <file>main.obj</file>
         <name>main.obj</name>
      </input_file>
      <input_file id="fl-4">
         <path>.\</path>
         <kind>object</kind>
         <file>pinmux.obj</file>
         <name>pinmux.obj</name>
      </input_file>
      <input_file id="fl-5">
         <path>.\</path>
         <kind>object</kind>
         <file>smartconfig.obj</file>
         <name>smartconfig.obj</name>
      </input_file>
      <input_file id="fl-6">
         <path>.\</path>
         <kind>object</kind>
         <file>startup_ccs.obj</file>
         <name>startup_ccs.obj</name>
      </input_file>
      <input_file id="fl-7">
         <path>.\</path>
         <kind>object</kind>
         <file>uart_if.obj</file>
         <name>uart_if.obj</name>
      </input_file>
      <input_file id="fl-137">
         <path>c:\ti\ccsv6\tools\compiler\arm_5.1.6\lib\</path>
         <kind>archive</kind>
         <file>rtsv7M4_T_le_eabi.lib</file>
         <name>boot.obj</name>
      </input_file>
      <input_file id="fl-138">
         <path>c:\ti\ccsv6\tools\compiler\arm_5.1.6\lib\</path>
         <kind>archive</kind>
         <file>rtsv7M4_T_le_eabi.lib</file>
         <name>copy_decompress_none.obj</name>
      </input_file>
      <input_file id="fl-139">
         <path>c:\ti\ccsv6\tools\compiler\arm_5.1.6\lib\</path>
         <kind>archive</kind>
         <file>rtsv7M4_T_le_eabi.lib</file>
         <name>copy_decompress_rle.obj</name>
      </input_file>
      <input_file id="fl-13a">
         <path>c:\ti\ccsv6\tools\compiler\arm_5.1.6\lib\</path>
         <kind>archive</kind>
         <file>rtsv7M4_T_le_eabi.lib</file>
         <name>copy_zero_init.obj</name>
      </input_file>
      <input_file id="fl-13b">
         <path>c:\ti\ccsv6\tools\compiler\arm_5.1.6\lib\</path>
         <kind>archive</kind>
         <file>rtsv7M4_T_le_eabi.lib</file>
         <name>exit.obj</name>
      </input_file>
      <input_file id="fl-13c">
         <path>c:\ti\ccsv6\tools\compiler\arm_5.1.6\lib\</path>
         <kind>archive</kind>
         <file>rtsv7M4_T_le_eabi.lib</file>
         <name>memcpy_t2.obj</name>
      </input_file>
      <input_file id="fl-13d">
         <path>c:\ti\ccsv6\tools\compiler\arm_5.1.6\lib\</path>
         <kind>archive</kind>
         <file>rtsv7M4_T_le_eabi.lib</file>
         <name>memmov.obj</name>
      </input_file>
      <input_file id="fl-13e">
         <path>c:\ti\ccsv6\tools\compiler\arm_5.1.6\lib\</path>
         <kind>archive</kind>
         <file>rtsv7M4_T_le_eabi.lib</file>
         <name>memory.obj</name>
      </input_file>
      <input_file id="fl-13f">
         <path>c:\ti\ccsv6\tools\compiler\arm_5.1.6\lib\</path>
         <kind>archive</kind>
         <file>rtsv7M4_T_le_eabi.lib</file>
         <name>memset_t2.obj</name>
      </input_file>
      <input_file id="fl-140">
         <path>c:\ti\ccsv6\tools\compiler\arm_5.1.6\lib\</path>
         <kind>archive</kind>
         <file>rtsv7M4_T_le_eabi.lib</file>
         <name>qsort.obj</name>
      </input_file>
      <input_file id="fl-141">
         <path>c:\ti\ccsv6\tools\compiler\arm_5.1.6\lib\</path>
         <kind>archive</kind>
         <file>rtsv7M4_T_le_eabi.lib</file>
         <name>sprintf.obj</name>
      </input_file>
      <input_file id="fl-142">
         <path>c:\ti\ccsv6\tools\compiler\arm_5.1.6\lib\</path>
         <kind>archive</kind>
         <file>rtsv7M4_T_le_eabi.lib</file>
         <name>stkdepth_vars.obj</name>
      </input_file>
      <input_file id="fl-143">
         <path>c:\ti\ccsv6\tools\compiler\arm_5.1.6\lib\</path>
         <kind>archive</kind>
         <file>rtsv7M4_T_le_eabi.lib</file>
         <name>strcat.obj</name>
      </input_file>
      <input_file id="fl-144">
         <path>c:\ti\ccsv6\tools\compiler\arm_5.1.6\lib\</path>
         <kind>archive</kind>
         <file>rtsv7M4_T_le_eabi.lib</file>
         <name>strcpy.obj</name>
      </input_file>
      <input_file id="fl-145">
         <path>c:\ti\ccsv6\tools\compiler\arm_5.1.6\lib\</path>
         <kind>archive</kind>
         <file>rtsv7M4_T_le_eabi.lib</file>
         <name>strlen.obj</name>
      </input_file>
      <input_file id="fl-146">
         <path>c:\ti\ccsv6\tools\compiler\arm_5.1.6\lib\</path>
         <kind>archive</kind>
         <file>rtsv7M4_T_le_eabi.lib</file>
         <name>strncmp.obj</name>
      </input_file>
      <input_file id="fl-147">
         <path>c:\ti\ccsv6\tools\compiler\arm_5.1.6\lib\</path>
         <kind>archive</kind>
         <file>rtsv7M4_T_le_eabi.lib</file>
         <name>strncpy.obj</name>
      </input_file>
      <input_file id="fl-148">
         <path>c:\ti\ccsv6\tools\compiler\arm_5.1.6\lib\</path>
         <kind>archive</kind>
         <file>rtsv7M4_T_le_eabi.lib</file>
         <name>vsnprintf.obj</name>
      </input_file>
      <input_file id="fl-149">
         <path>c:\ti\ccsv6\tools\compiler\arm_5.1.6\lib\</path>
         <kind>archive</kind>
         <file>rtsv7M4_T_le_eabi.lib</file>
         <name>_lock.obj</name>
      </input_file>
      <input_file id="fl-14a">
         <path>c:\ti\ccsv6\tools\compiler\arm_5.1.6\lib\</path>
         <kind>archive</kind>
         <file>rtsv7M4_T_le_eabi.lib</file>
         <name>_printfi.obj</name>
      </input_file>
      <input_file id="fl-14b">
         <path>c:\ti\ccsv6\tools\compiler\arm_5.1.6\lib\</path>
         <kind>archive</kind>
         <file>rtsv7M4_T_le_eabi.lib</file>
         <name>args_main.obj</name>
      </input_file>
      <input_file id="fl-14c">
         <path>c:\ti\ccsv6\tools\compiler\arm_5.1.6\lib\</path>
         <kind>archive</kind>
         <file>rtsv7M4_T_le_eabi.lib</file>
         <name>atoi.obj</name>
      </input_file>
      <input_file id="fl-14d">
         <path>c:\ti\ccsv6\tools\compiler\arm_5.1.6\lib\</path>
         <kind>archive</kind>
         <file>rtsv7M4_T_le_eabi.lib</file>
         <name>auto_init.obj</name>
      </input_file>
      <input_file id="fl-14e">
         <path>c:\ti\ccsv6\tools\compiler\arm_5.1.6\lib\</path>
         <kind>archive</kind>
         <file>rtsv7M4_T_le_eabi.lib</file>
         <name>cpy_tbl.obj</name>
      </input_file>
      <input_file id="fl-14f">
         <path>c:\ti\ccsv6\tools\compiler\arm_5.1.6\lib\</path>
         <kind>archive</kind>
         <file>rtsv7M4_T_le_eabi.lib</file>
         <name>ctype.obj</name>
      </input_file>
      <input_file id="fl-150">
         <path>c:\ti\ccsv6\tools\compiler\arm_5.1.6\lib\</path>
         <kind>archive</kind>
         <file>rtsv7M4_T_le_eabi.lib</file>
         <name>fd_add_t2.obj</name>
      </input_file>
      <input_file id="fl-151">
         <path>c:\ti\ccsv6\tools\compiler\arm_5.1.6\lib\</path>
         <kind>archive</kind>
         <file>rtsv7M4_T_le_eabi.lib</file>
         <name>fd_cmp_t2.obj</name>
      </input_file>
      <input_file id="fl-152">
         <path>c:\ti\ccsv6\tools\compiler\arm_5.1.6\lib\</path>
         <kind>archive</kind>
         <file>rtsv7M4_T_le_eabi.lib</file>
         <name>fd_div_t2.obj</name>
      </input_file>
      <input_file id="fl-153">
         <path>c:\ti\ccsv6\tools\compiler\arm_5.1.6\lib\</path>
         <kind>archive</kind>
         <file>rtsv7M4_T_le_eabi.lib</file>
         <name>fd_mul_t2.obj</name>
      </input_file>
      <input_file id="fl-154">
         <path>c:\ti\ccsv6\tools\compiler\arm_5.1.6\lib\</path>
         <kind>archive</kind>
         <file>rtsv7M4_T_le_eabi.lib</file>
         <name>fd_toi_t2.obj</name>
      </input_file>
      <input_file id="fl-155">
         <path>c:\ti\ccsv6\tools\compiler\arm_5.1.6\lib\</path>
         <kind>archive</kind>
         <file>rtsv7M4_T_le_eabi.lib</file>
         <name>i_tofd_t2.obj</name>
      </input_file>
      <input_file id="fl-156">
         <path>c:\ti\ccsv6\tools\compiler\arm_5.1.6\lib\</path>
         <kind>archive</kind>
         <file>rtsv7M4_T_le_eabi.lib</file>
         <name>ll_mul_t2.obj</name>
      </input_file>
      <input_file id="fl-157">
         <path>c:\ti\ccsv6\tools\compiler\arm_5.1.6\lib\</path>
         <kind>archive</kind>
         <file>rtsv7M4_T_le_eabi.lib</file>
         <name>ltoa.obj</name>
      </input_file>
      <input_file id="fl-158">
         <path>c:\ti\ccsv6\tools\compiler\arm_5.1.6\lib\</path>
         <kind>archive</kind>
         <file>rtsv7M4_T_le_eabi.lib</file>
         <name>memccpy.obj</name>
      </input_file>
      <input_file id="fl-159">
         <path>c:\ti\ccsv6\tools\compiler\arm_5.1.6\lib\</path>
         <kind>archive</kind>
         <file>rtsv7M4_T_le_eabi.lib</file>
         <name>ull_div_t2.obj</name>
      </input_file>
      <input_file id="fl-15a">
         <path>c:\ti\ccsv6\tools\compiler\arm_5.1.6\lib\</path>
         <kind>archive</kind>
         <file>rtsv7M4_T_le_eabi.lib</file>
         <name>xdclass.obj</name>
      </input_file>
      <input_file id="fl-15b">
         <path>c:\ti\ccsv6\tools\compiler\arm_5.1.6\lib\</path>
         <kind>archive</kind>
         <file>rtsv7M4_T_le_eabi.lib</file>
         <name>xdtest.obj</name>
      </input_file>
      <input_file id="fl-15c">
         <path>C:\ti\CC3200SDK_1.0.0\cc3200-sdk\simplelink\ccs\OS\</path>
         <kind>archive</kind>
         <file>simplelink.a</file>
         <name>device.obj</name>
      </input_file>
      <input_file id="fl-15d">
         <path>C:\ti\CC3200SDK_1.0.0\cc3200-sdk\simplelink\ccs\OS\</path>
         <kind>archive</kind>
         <file>simplelink.a</file>
         <name>driver.obj</name>
      </input_file>
      <input_file id="fl-15e">
         <path>C:\ti\CC3200SDK_1.0.0\cc3200-sdk\simplelink\ccs\OS\</path>
         <kind>archive</kind>
         <file>simplelink.a</file>
         <name>flowcont.obj</name>
      </input_file>
      <input_file id="fl-15f">
         <path>C:\ti\CC3200SDK_1.0.0\cc3200-sdk\simplelink\ccs\OS\</path>
         <kind>archive</kind>
         <file>simplelink.a</file>
         <name>netapp.obj</name>
      </input_file>
      <input_file id="fl-160">
         <path>C:\ti\CC3200SDK_1.0.0\cc3200-sdk\simplelink\ccs\OS\</path>
         <kind>archive</kind>
         <file>simplelink.a</file>
         <name>netcfg.obj</name>
      </input_file>
      <input_file id="fl-161">
         <path>C:\ti\CC3200SDK_1.0.0\cc3200-sdk\simplelink\ccs\OS\</path>
         <kind>archive</kind>
         <file>simplelink.a</file>
         <name>socket.obj</name>
      </input_file>
      <input_file id="fl-162">
         <path>C:\ti\CC3200SDK_1.0.0\cc3200-sdk\simplelink\ccs\OS\</path>
         <kind>archive</kind>
         <file>simplelink.a</file>
         <name>wlan.obj</name>
      </input_file>
      <input_file id="fl-163">
         <path>C:\ti\CC3200SDK_1.0.0\cc3200-sdk\simplelink\ccs\OS\</path>
         <kind>archive</kind>
         <file>simplelink.a</file>
         <name>cc_pal.obj</name>
      </input_file>
      <input_file id="fl-164">
         <path>C:\ti\CC3200SDK_1.0.0\cc3200-sdk\driverlib\ccs\Release\</path>
         <kind>archive</kind>
         <file>driverlib.a</file>
         <name>gpio.obj</name>
      </input_file>
      <input_file id="fl-165">
         <path>C:\ti\CC3200SDK_1.0.0\cc3200-sdk\driverlib\ccs\Release\</path>
         <kind>archive</kind>
         <file>driverlib.a</file>
         <name>interrupt.obj</name>
      </input_file>
      <input_file id="fl-166">
         <path>C:\ti\CC3200SDK_1.0.0\cc3200-sdk\driverlib\ccs\Release\</path>
         <kind>archive</kind>
         <file>driverlib.a</file>
         <name>pin.obj</name>
      </input_file>
      <input_file id="fl-167">
         <path>C:\ti\CC3200SDK_1.0.0\cc3200-sdk\driverlib\ccs\Release\</path>
         <kind>archive</kind>
         <file>driverlib.a</file>
         <name>prcm.obj</name>
      </input_file>
      <input_file id="fl-168">
         <path>C:\ti\CC3200SDK_1.0.0\cc3200-sdk\driverlib\ccs\Release\</path>
         <kind>archive</kind>
         <file>driverlib.a</file>
         <name>spi.obj</name>
      </input_file>
      <input_file id="fl-169">
         <path>C:\ti\CC3200SDK_1.0.0\cc3200-sdk\driverlib\ccs\Release\</path>
         <kind>archive</kind>
         <file>driverlib.a</file>
         <name>uart.obj</name>
      </input_file>
      <input_file id="fl-16a">
         <path>C:\ti\CC3200SDK_1.0.0\cc3200-sdk\driverlib\ccs\Release\</path>
         <kind>archive</kind>
         <file>driverlib.a</file>
         <name>udma.obj</name>
      </input_file>
      <input_file id="fl-16b">
         <path>C:\ti\CC3200SDK_1.0.0\cc3200-sdk\driverlib\ccs\Release\</path>
         <kind>archive</kind>
         <file>driverlib.a</file>
         <name>utils.obj</name>
      </input_file>
      <input_file id="fl-16c">
         <path>C:\ti\CC3200SDK_1.0.0\cc3200-sdk\driverlib\ccs\Release\</path>
         <kind>archive</kind>
         <file>driverlib.a</file>
         <name>cpu.obj</name>
      </input_file>
      <input_file id="fl-16d">
         <path>C:\ti\CC3200SDK_1.0.0\cc3200-sdk\driverlib\ccs\Release\</path>
         <kind>archive</kind>
         <file>driverlib.a</file>
         <name>flash.obj</name>
      </input_file>
      <input_file id="fl-16e">
         <path>C:\ti\CC3200SDK_1.0.0\cc3200-sdk\oslib\ccs\free_rtos\</path>
         <kind>archive</kind>
         <file>free_rtos.a</file>
         <name>osi_freertos.obj</name>
      </input_file>
      <input_file id="fl-16f">
         <path>C:\ti\CC3200SDK_1.0.0\cc3200-sdk\oslib\ccs\free_rtos\</path>
         <kind>archive</kind>
         <file>free_rtos.a</file>
         <name>port.obj</name>
      </input_file>
      <input_file id="fl-170">
         <path>C:\ti\CC3200SDK_1.0.0\cc3200-sdk\oslib\ccs\free_rtos\</path>
         <kind>archive</kind>
         <file>free_rtos.a</file>
         <name>portasm.obj</name>
      </input_file>
      <input_file id="fl-171">
         <path>C:\ti\CC3200SDK_1.0.0\cc3200-sdk\oslib\ccs\free_rtos\</path>
         <kind>archive</kind>
         <file>free_rtos.a</file>
         <name>queue.obj</name>
      </input_file>
      <input_file id="fl-172">
         <path>C:\ti\CC3200SDK_1.0.0\cc3200-sdk\oslib\ccs\free_rtos\</path>
         <kind>archive</kind>
         <file>free_rtos.a</file>
         <name>tasks.obj</name>
      </input_file>
      <input_file id="fl-173">
         <path>C:\ti\CC3200SDK_1.0.0\cc3200-sdk\oslib\ccs\free_rtos\</path>
         <kind>archive</kind>
         <file>free_rtos.a</file>
         <name>heap_3.obj</name>
      </input_file>
      <input_file id="fl-174">
         <path>C:\ti\CC3200SDK_1.0.0\cc3200-sdk\oslib\ccs\free_rtos\</path>
         <kind>archive</kind>
         <file>free_rtos.a</file>
         <name>list.obj</name>
      </input_file>
      <input_file id="fl-175">
         <path>c:\ti\ccsv6\tools\compiler\arm_5.1.6\lib\</path>
         <kind>archive</kind>
         <file>rtsv7M4_T_le_eabi.lib</file>
         <name>ll_lsr_t2.obj</name>
      </input_file>
   </input_file_list>
   <object_component_list>
      <object_component id="oc-e">
         <name>.intvecs</name>
         <load_address>0x20004000</load_address>
         <run_address>0x20004000</run_address>
         <size>0x400</size>
         <input_file_ref idref="fl-6"/>
      </object_component>
      <object_component id="oc-a1">
         <name>.text</name>
         <load_address>0x20004400</load_address>
         <run_address>0x20004400</run_address>
         <size>0x16bc</size>
         <input_file_ref idref="fl-3"/>
      </object_component>
      <object_component id="oc-7a">
         <name>.text</name>
         <load_address>0x20005abc</load_address>
         <run_address>0x20005abc</run_address>
         <size>0x1258</size>
         <input_file_ref idref="fl-172"/>
      </object_component>
      <object_component id="oc-3aa">
         <name>.text</name>
         <load_address>0x20006d14</load_address>
         <run_address>0x20006d14</run_address>
         <size>0xec0</size>
         <input_file_ref idref="fl-14a"/>
      </object_component>
      <object_component id="oc-3ca">
         <name>.text</name>
         <load_address>0x20007bd4</load_address>
         <run_address>0x20007bd4</run_address>
         <size>0xb24</size>
         <input_file_ref idref="fl-171"/>
      </object_component>
      <object_component id="oc-1df">
         <name>.text</name>
         <load_address>0x200086f8</load_address>
         <run_address>0x200086f8</run_address>
         <size>0x45c</size>
         <input_file_ref idref="fl-16e"/>
      </object_component>
      <object_component id="oc-24b">
         <name>.text</name>
         <load_address>0x20008b54</load_address>
         <run_address>0x20008b54</run_address>
         <size>0x3cc</size>
         <input_file_ref idref="fl-13e"/>
      </object_component>
      <object_component id="oc-5ef">
         <name>.text:_SlDrvMsgRead</name>
         <load_address>0x20008f20</load_address>
         <run_address>0x20008f20</run_address>
         <size>0x3a6</size>
         <input_file_ref idref="fl-15d"/>
      </object_component>
      <object_component id="oc-599">
         <name>.text:IntDefaultHandler</name>
         <load_address>0x200092c6</load_address>
         <run_address>0x200092c6</run_address>
         <size>0x2</size>
         <input_file_ref idref="fl-165"/>
      </object_component>
      <object_component id="oc-143">
         <name>.text</name>
         <load_address>0x200092c8</load_address>
         <run_address>0x200092c8</run_address>
         <size>0x354</size>
         <input_file_ref idref="fl-2"/>
      </object_component>
      <object_component id="oc-5f5">
         <name>.text:_SlAsyncEventGenericHandler</name>
         <load_address>0x2000961c</load_address>
         <run_address>0x2000961c</run_address>
         <size>0x34c</size>
         <input_file_ref idref="fl-15d"/>
      </object_component>
      <object_component id="oc-113">
         <name>.text</name>
         <load_address>0x20009968</load_address>
         <run_address>0x20009968</run_address>
         <size>0x26c</size>
         <input_file_ref idref="fl-7"/>
      </object_component>
      <object_component id="oc-53f">
         <name>.text</name>
         <load_address>0x20009bd4</load_address>
         <run_address>0x20009bd4</run_address>
         <size>0x1f4</size>
         <input_file_ref idref="fl-159"/>
      </object_component>
      <object_component id="oc-56d">
         <name>.text</name>
         <load_address>0x20009dc8</load_address>
         <run_address>0x20009dc8</run_address>
         <size>0x1b6</size>
         <input_file_ref idref="fl-150"/>
      </object_component>
      <object_component id="oc-1b6">
         <name>.text:sl_WlanConnect</name>
         <load_address>0x20009f80</load_address>
         <run_address>0x20009f80</run_address>
         <size>0x19c</size>
         <input_file_ref idref="fl-162"/>
      </object_component>
      <object_component id="oc-67a">
         <name>.text:_SlDrvRxHdrRead</name>
         <load_address>0x2000a11c</load_address>
         <run_address>0x2000a11c</run_address>
         <size>0x140</size>
         <input_file_ref idref="fl-15d"/>
      </object_component>
      <object_component id="oc-553">
         <name>.text</name>
         <load_address>0x2000a25c</load_address>
         <run_address>0x2000a25c</run_address>
         <size>0x136</size>
         <input_file_ref idref="fl-152"/>
      </object_component>
      <object_component id="oc-1f8">
         <name>.text:PRCMCC3200MCUInit</name>
         <load_address>0x2000a394</load_address>
         <run_address>0x2000a394</run_address>
         <size>0x134</size>
         <input_file_ref idref="fl-167"/>
      </object_component>
      <object_component id="oc-2c2">
         <name>.text:spi_Open</name>
         <load_address>0x2000a4c8</load_address>
         <run_address>0x2000a4c8</run_address>
         <size>0x130</size>
         <input_file_ref idref="fl-163"/>
      </object_component>
      <object_component id="oc-37f">
         <name>.text:_SlDrvDataWriteOp</name>
         <load_address>0x2000a5f8</load_address>
         <run_address>0x2000a5f8</run_address>
         <size>0x12c</size>
         <input_file_ref idref="fl-15d"/>
      </object_component>
      <object_component id="oc-d2">
         <name>.text</name>
         <load_address>0x2000a724</load_address>
         <run_address>0x2000a724</run_address>
         <size>0x12a</size>
         <input_file_ref idref="fl-174"/>
      </object_component>
      <object_component id="oc-4eb">
         <name>.text:_SlDrvMsgWrite</name>
         <load_address>0x2000a850</load_address>
         <run_address>0x2000a850</run_address>
         <size>0x114</size>
         <input_file_ref idref="fl-15d"/>
      </object_component>
      <object_component id="oc-37">
         <name>.text</name>
         <load_address>0x2000a964</load_address>
         <run_address>0x2000a964</run_address>
         <size>0x110</size>
         <input_file_ref idref="fl-16f"/>
      </object_component>
      <object_component id="oc-2c8">
         <name>.text:_SlDrvWaitForPoolObj</name>
         <load_address>0x2000aa74</load_address>
         <run_address>0x2000aa74</run_address>
         <size>0x10c</size>
         <input_file_ref idref="fl-15d"/>
      </object_component>
      <object_component id="oc-2e0">
         <name>.text:_SlDrvReleasePoolObj</name>
         <load_address>0x2000ab80</load_address>
         <run_address>0x2000ab80</run_address>
         <size>0x104</size>
         <input_file_ref idref="fl-15d"/>
      </object_component>
      <object_component id="oc-54e">
         <name>.text</name>
         <load_address>0x2000ac84</load_address>
         <run_address>0x2000ac84</run_address>
         <size>0xfc</size>
         <input_file_ref idref="fl-153"/>
      </object_component>
      <object_component id="oc-6ac">
         <name>.text:uDMAChannelTransferSet</name>
         <load_address>0x2000ad80</load_address>
         <run_address>0x2000ad80</run_address>
         <size>0xf0</size>
         <input_file_ref idref="fl-16a"/>
      </object_component>
      <object_component id="oc-1aa">
         <name>.text:sl_Connect</name>
         <load_address>0x2000ae70</load_address>
         <run_address>0x2000ae70</run_address>
         <size>0xe8</size>
         <input_file_ref idref="fl-161"/>
      </object_component>
      <object_component id="oc-5ff">
         <name>.text:spi_Write</name>
         <load_address>0x2000af58</load_address>
         <run_address>0x2000af58</run_address>
         <size>0xe8</size>
         <input_file_ref idref="fl-163"/>
      </object_component>
      <object_component id="oc-686">
         <name>.text:spi_Read</name>
         <load_address>0x2000b040</load_address>
         <run_address>0x2000b040</run_address>
         <size>0xcc</size>
         <input_file_ref idref="fl-163"/>
      </object_component>
      <object_component id="oc-14f">
         <name>.text:sl_Stop</name>
         <load_address>0x2000b10c</load_address>
         <run_address>0x2000b10c</run_address>
         <size>0xc4</size>
         <input_file_ref idref="fl-15c"/>
      </object_component>
      <object_component id="oc-1c4">
         <name>.text</name>
         <load_address>0x2000b1d0</load_address>
         <run_address>0x2000b1d0</run_address>
         <size>0xc0</size>
         <input_file_ref idref="fl-140"/>
      </object_component>
      <object_component id="oc-13d">
         <name>.text:sl_Start</name>
         <load_address>0x2000b290</load_address>
         <run_address>0x2000b290</run_address>
         <size>0xc0</size>
         <input_file_ref idref="fl-15c"/>
      </object_component>
      <object_component id="oc-32">
         <name>.text</name>
         <load_address>0x2000b350</load_address>
         <run_address>0x2000b350</run_address>
         <size>0xba</size>
         <input_file_ref idref="fl-170"/>
      </object_component>
      <object_component id="oc-4f1">
         <name>.text:_SlDrvMsgReadCmdCtx</name>
         <load_address>0x2000b40c</load_address>
         <run_address>0x2000b40c</run_address>
         <size>0xb4</size>
         <input_file_ref idref="fl-15d"/>
      </object_component>
      <object_component id="oc-6e4">
         <name>.text:_SlDrvNetAppEventHandler</name>
         <load_address>0x2000b4c0</load_address>
         <run_address>0x2000b4c0</run_address>
         <size>0xb2</size>
         <input_file_ref idref="fl-15f"/>
      </object_component>
      <object_component id="oc-18c">
         <name>.text:sl_Send</name>
         <load_address>0x2000b574</load_address>
         <run_address>0x2000b574</run_address>
         <size>0xb0</size>
         <input_file_ref idref="fl-161"/>
      </object_component>
      <object_component id="oc-3be">
         <name>.text:IntDisable</name>
         <load_address>0x2000b624</load_address>
         <run_address>0x2000b624</run_address>
         <size>0xa8</size>
         <input_file_ref idref="fl-165"/>
      </object_component>
      <object_component id="oc-1f2">
         <name>.text:IntEnable</name>
         <load_address>0x2000b6cc</load_address>
         <run_address>0x2000b6cc</run_address>
         <size>0xa8</size>
         <input_file_ref idref="fl-165"/>
      </object_component>
      <object_component id="oc-469">
         <name>.text:SPIConfigSetExpClk</name>
         <load_address>0x2000b774</load_address>
         <run_address>0x2000b774</run_address>
         <size>0xa0</size>
         <input_file_ref idref="fl-168"/>
      </object_component>
      <object_component id="oc-55">
         <name>.text</name>
         <load_address>0x2000b814</load_address>
         <run_address>0x2000b814</run_address>
         <size>0x9c</size>
         <input_file_ref idref="fl-13c"/>
      </object_component>
      <object_component id="oc-68c">
         <name>.text:_SlFindAndSetActiveObj</name>
         <load_address>0x2000b8b0</load_address>
         <run_address>0x2000b8b0</run_address>
         <size>0x98</size>
         <input_file_ref idref="fl-15d"/>
      </object_component>
      <object_component id="oc-271">
         <name>.text:PRCMPeripheralClockGet</name>
         <load_address>0x2000b948</load_address>
         <run_address>0x2000b948</run_address>
         <size>0x94</size>
         <input_file_ref idref="fl-167"/>
      </object_component>
      <object_component id="oc-680">
         <name>.text:_SlDrvClassifyRxMsg</name>
         <load_address>0x2000b9dc</load_address>
         <run_address>0x2000b9dc</run_address>
         <size>0x94</size>
         <input_file_ref idref="fl-15d"/>
      </object_component>
      <object_component id="oc-40">
         <name>.text</name>
         <load_address>0x2000ba70</load_address>
         <run_address>0x2000ba70</run_address>
         <size>0x94</size>
         <input_file_ref idref="fl-14d"/>
      </object_component>
      <object_component id="oc-4d1">
         <name>.text:_SlDrvMsgReadSpawnCtx</name>
         <load_address>0x2000bb04</load_address>
         <run_address>0x2000bb04</run_address>
         <size>0x90</size>
         <input_file_ref idref="fl-15d"/>
      </object_component>
      <object_component id="oc-5ba">
         <name>.text:PinConfigSet</name>
         <load_address>0x2000bb94</load_address>
         <run_address>0x2000bb94</run_address>
         <size>0x88</size>
         <input_file_ref idref="fl-166"/>
      </object_component>
      <object_component id="oc-283">
         <name>.text</name>
         <load_address>0x2000bc1c</load_address>
         <run_address>0x2000bc1c</run_address>
         <size>0x88</size>
         <input_file_ref idref="fl-148"/>
      </object_component>
      <object_component id="oc-36b">
         <name>.text:sl_NetAppMDNSRegisterUnregisterService</name>
         <load_address>0x2000bca4</load_address>
         <run_address>0x2000bca4</run_address>
         <size>0x88</size>
         <input_file_ref idref="fl-15f"/>
      </object_component>
      <object_component id="oc-549">
         <name>.text:__aeabi_cdcmple</name>
         <load_address>0x2000bd2c</load_address>
         <run_address>0x2000bd2c</run_address>
         <size>0x86</size>
         <input_file_ref idref="fl-151"/>
      </object_component>
      <object_component id="oc-558">
         <name>.text:__aeabi_cdrcmple</name>
         <load_address>0x2000bdb2</load_address>
         <run_address>0x2000bdb2</run_address>
         <size>0x86</size>
         <input_file_ref idref="fl-151"/>
      </object_component>
      <object_component id="oc-32a">
         <name>.text:_SlDrvCmdOp</name>
         <load_address>0x2000be38</load_address>
         <run_address>0x2000be38</run_address>
         <size>0x84</size>
         <input_file_ref idref="fl-15d"/>
      </object_component>
      <object_component id="oc-201">
         <name>.text</name>
         <load_address>0x2000bebc</load_address>
         <run_address>0x2000bebc</run_address>
         <size>0x84</size>
         <input_file_ref idref="fl-4"/>
      </object_component>
      <object_component id="oc-2fd">
         <name>.text:GPIOIntTypeSet</name>
         <load_address>0x2000bf40</load_address>
         <run_address>0x2000bf40</run_address>
         <size>0x82</size>
         <input_file_ref idref="fl-164"/>
      </object_component>
      <object_component id="oc-2b6">
         <name>.text:NwpPowerOnPreamble</name>
         <load_address>0x2000bfc4</load_address>
         <run_address>0x2000bfc4</run_address>
         <size>0x80</size>
         <input_file_ref idref="fl-163"/>
      </object_component>
      <object_component id="oc-2bc">
         <name>.text:_SlDrvDriverCBInit</name>
         <load_address>0x2000c044</load_address>
         <run_address>0x2000c044</run_address>
         <size>0x7c</size>
         <input_file_ref idref="fl-15d"/>
      </object_component>
      <object_component id="oc-61d">
         <name>.text:_sl_HandleAsync_DnsGetHostByName</name>
         <load_address>0x2000c0c0</load_address>
         <run_address>0x2000c0c0</run_address>
         <size>0x7c</size>
         <input_file_ref idref="fl-15f"/>
      </object_component>
      <object_component id="oc-155">
         <name>.text:sl_DevGet</name>
         <load_address>0x2000c13c</load_address>
         <run_address>0x2000c13c</run_address>
         <size>0x7c</size>
         <input_file_ref idref="fl-15c"/>
      </object_component>
      <object_component id="oc-6f1">
         <name>.text:SetupDMAReceive</name>
         <load_address>0x2000c1b8</load_address>
         <run_address>0x2000c1b8</run_address>
         <size>0x78</size>
         <input_file_ref idref="fl-163"/>
      </object_component>
      <object_component id="oc-ee">
         <name>.text</name>
         <load_address>0x2000c230</load_address>
         <run_address>0x2000c230</run_address>
         <size>0x78</size>
         <input_file_ref idref="fl-13f"/>
      </object_component>
      <object_component id="oc-277">
         <name>.text:UARTConfigSetExpClk</name>
         <load_address>0x2000c2a8</load_address>
         <run_address>0x2000c2a8</run_address>
         <size>0x76</size>
         <input_file_ref idref="fl-169"/>
      </object_component>
      <object_component id="oc-712">
         <name>.text:_sl_HandleAsync_InitComplete</name>
         <load_address>0x2000c320</load_address>
         <run_address>0x2000c320</run_address>
         <size>0x74</size>
         <input_file_ref idref="fl-15c"/>
      </object_component>
      <object_component id="oc-33b">
         <name>.text:spi_Close</name>
         <load_address>0x2000c394</load_address>
         <run_address>0x2000c394</run_address>
         <size>0x74</size>
         <input_file_ref idref="fl-163"/>
      </object_component>
      <object_component id="oc-629">
         <name>.text:_sl_HandleAsync_PingResponse</name>
         <load_address>0x2000c408</load_address>
         <run_address>0x2000c408</run_address>
         <size>0x70</size>
         <input_file_ref idref="fl-15f"/>
      </object_component>
      <object_component id="oc-379">
         <name>.text:_sl_TruncatePayloadByProtocol</name>
         <load_address>0x2000c478</load_address>
         <run_address>0x2000c478</run_address>
         <size>0x6e</size>
         <input_file_ref idref="fl-161"/>
      </object_component>
      <object_component id="oc-611">
         <name>.text:_sl_HandleAsync_Connect</name>
         <load_address>0x2000c4e8</load_address>
         <run_address>0x2000c4e8</run_address>
         <size>0x68</size>
         <input_file_ref idref="fl-161"/>
      </object_component>
      <object_component id="oc-623">
         <name>.text:_sl_HandleAsync_DnsGetHostByService</name>
         <load_address>0x2000c550</load_address>
         <run_address>0x2000c550</run_address>
         <size>0x68</size>
         <input_file_ref idref="fl-15f"/>
      </object_component>
      <object_component id="oc-60b">
         <name>.text:_sl_HandleAsync_Accept</name>
         <load_address>0x2000c5b8</load_address>
         <run_address>0x2000c5b8</run_address>
         <size>0x64</size>
         <input_file_ref idref="fl-161"/>
      </object_component>
      <object_component id="oc-47b">
         <name>.text:uDMAChannelAttributeDisable</name>
         <load_address>0x2000c61c</load_address>
         <run_address>0x2000c61c</run_address>
         <size>0x64</size>
         <input_file_ref idref="fl-16a"/>
      </object_component>
      <object_component id="oc-6a6">
         <name>.text:uDMAChannelAttributeEnable</name>
         <load_address>0x2000c680</load_address>
         <run_address>0x2000c680</run_address>
         <size>0x64</size>
         <input_file_ref idref="fl-16a"/>
      </object_component>
      <object_component id="oc-1d9">
         <name>.text</name>
         <load_address>0x2000c6e4</load_address>
         <run_address>0x2000c6e4</run_address>
         <size>0x60</size>
         <input_file_ref idref="fl-141"/>
      </object_component>
      <object_component id="oc-68">
         <name>.text</name>
         <load_address>0x2000c744</load_address>
         <run_address>0x2000c744</run_address>
         <size>0x5e</size>
         <input_file_ref idref="fl-139"/>
      </object_component>
      <object_component id="oc-562">
         <name>.text</name>
         <load_address>0x2000c7a2</load_address>
         <run_address>0x2000c7a2</run_address>
         <size>0x5a</size>
         <input_file_ref idref="fl-157"/>
      </object_component>
      <object_component id="oc-4b4">
         <name>.text:IntPendClear</name>
         <load_address>0x2000c7fc</load_address>
         <run_address>0x2000c7fc</run_address>
         <size>0x58</size>
         <input_file_ref idref="fl-165"/>
      </object_component>
      <object_component id="oc-3f2">
         <name>.text:PRCMPeripheralReset</name>
         <load_address>0x2000c854</load_address>
         <run_address>0x2000c854</run_address>
         <size>0x58</size>
         <input_file_ref idref="fl-167"/>
      </object_component>
      <object_component id="oc-341">
         <name>.text:_SlDrvDriverCBDeinit</name>
         <load_address>0x2000c8ac</load_address>
         <run_address>0x2000c8ac</run_address>
         <size>0x58</size>
         <input_file_ref idref="fl-15d"/>
      </object_component>
      <object_component id="oc-617">
         <name>.text:_sl_HandleAsync_Select</name>
         <load_address>0x2000c904</load_address>
         <run_address>0x2000c904</run_address>
         <size>0x58</size>
         <input_file_ref idref="fl-161"/>
      </object_component>
      <object_component id="oc-3b8">
         <name>.text:IntPrioritySet</name>
         <load_address>0x2000c95c</load_address>
         <run_address>0x2000c95c</run_address>
         <size>0x54</size>
         <input_file_ref idref="fl-165"/>
      </object_component>
      <object_component id="oc-62f">
         <name>.text:_sl_HandleAsync_Stop</name>
         <load_address>0x2000c9b0</load_address>
         <run_address>0x2000c9b0</run_address>
         <size>0x54</size>
         <input_file_ref idref="fl-15c"/>
      </object_component>
      <object_component id="oc-70b">
         <name>.text:sl_NetAppSendTokenValue</name>
         <load_address>0x2000ca04</load_address>
         <run_address>0x2000ca04</run_address>
         <size>0x54</size>
         <input_file_ref idref="fl-15f"/>
      </object_component>
      <object_component id="oc-1be">
         <name>.text:sl_WlanGetNetworkList</name>
         <load_address>0x2000ca58</load_address>
         <run_address>0x2000ca58</run_address>
         <size>0x50</size>
         <input_file_ref idref="fl-162"/>
      </object_component>
      <object_component id="oc-493">
         <name>.text:SPIIntEnable</name>
         <load_address>0x2000caa8</load_address>
         <run_address>0x2000caa8</run_address>
         <size>0x4c</size>
         <input_file_ref idref="fl-168"/>
      </object_component>
      <object_component id="oc-57e">
         <name>.text</name>
         <load_address>0x2000caf4</load_address>
         <run_address>0x2000caf4</run_address>
         <size>0x4c</size>
         <input_file_ref idref="fl-14c"/>
      </object_component>
      <object_component id="oc-475">
         <name>.text:uDMAChannelAssign</name>
         <load_address>0x2000cb40</load_address>
         <run_address>0x2000cb40</run_address>
         <size>0x4c</size>
         <input_file_ref idref="fl-16a"/>
      </object_component>
      <object_component id="oc-2e6">
         <name>.text:_sl_GetStartResponseConvert</name>
         <load_address>0x2000cb8c</load_address>
         <run_address>0x2000cb8c</run_address>
         <size>0x4a</size>
         <input_file_ref idref="fl-15c"/>
      </object_component>
      <object_component id="oc-4db">
         <name>.text:GPIOGetIntNumber</name>
         <load_address>0x2000cbd6</load_address>
         <run_address>0x2000cbd6</run_address>
         <size>0x48</size>
         <input_file_ref idref="fl-164"/>
      </object_component>
      <object_component id="oc-5e1">
         <name>.text:SPIIntClear</name>
         <load_address>0x2000cc20</load_address>
         <run_address>0x2000cc20</run_address>
         <size>0x48</size>
         <input_file_ref idref="fl-168"/>
      </object_component>
      <object_component id="oc-55d">
         <name>.text</name>
         <load_address>0x2000cc68</load_address>
         <run_address>0x2000cc68</run_address>
         <size>0x48</size>
         <input_file_ref idref="fl-154"/>
      </object_component>
      <object_component id="oc-173">
         <name>.text:sl_WlanSet</name>
         <load_address>0x2000ccb0</load_address>
         <run_address>0x2000ccb0</run_address>
         <size>0x48</size>
         <input_file_ref idref="fl-162"/>
      </object_component>
      <object_component id="oc-5d7">
         <name>.text:SPIDmaMaskGet</name>
         <load_address>0x2000ccf8</load_address>
         <run_address>0x2000ccf8</run_address>
         <size>0x44</size>
         <input_file_ref idref="fl-168"/>
      </object_component>
      <object_component id="oc-9a">
         <name>.text</name>
         <load_address>0x2000cd3c</load_address>
         <run_address>0x2000cd3c</run_address>
         <size>0x44</size>
         <input_file_ref idref="fl-14e"/>
      </object_component>
      <object_component id="oc-4b">
         <name>.text</name>
         <load_address>0x2000cd80</load_address>
         <run_address>0x2000cd80</run_address>
         <size>0x44</size>
         <input_file_ref idref="fl-13b"/>
      </object_component>
      <object_component id="oc-644">
         <name>.text</name>
         <load_address>0x2000cdc4</load_address>
         <run_address>0x2000cdc4</run_address>
         <size>0x44</size>
         <input_file_ref idref="fl-15b"/>
      </object_component>
      <object_component id="oc-16d">
         <name>.text:sl_NetCfgSet</name>
         <load_address>0x2000ce08</load_address>
         <run_address>0x2000ce08</run_address>
         <size>0x44</size>
         <input_file_ref idref="fl-160"/>
      </object_component>
      <object_component id="oc-5b4">
         <name>.text:PinModeSet</name>
         <load_address>0x2000ce4c</load_address>
         <run_address>0x2000ce4c</run_address>
         <size>0x40</size>
         <input_file_ref idref="fl-166"/>
      </object_component>
      <object_component id="oc-2ef">
         <name>.text:_SlDrvRxIrqHandler</name>
         <load_address>0x2000ce8c</load_address>
         <run_address>0x2000ce8c</run_address>
         <size>0x40</size>
         <input_file_ref idref="fl-15d"/>
      </object_component>
      <object_component id="oc-4bc">
         <name>.text:_SlRemoveFromList</name>
         <load_address>0x2000cecc</load_address>
         <run_address>0x2000cecc</run_address>
         <size>0x40</size>
         <input_file_ref idref="fl-15d"/>
      </object_component>
      <object_component id="oc-15b">
         <name>.text:sl_WlanPolicySet</name>
         <load_address>0x2000cf0c</load_address>
         <run_address>0x2000cf0c</run_address>
         <size>0x40</size>
         <input_file_ref idref="fl-162"/>
      </object_component>
      <object_component id="oc-182">
         <name>.text:sl_WlanRxFilterSet</name>
         <load_address>0x2000cf4c</load_address>
         <run_address>0x2000cf4c</run_address>
         <size>0x40</size>
         <input_file_ref idref="fl-162"/>
      </object_component>
      <object_component id="oc-2ce">
         <name>.text:NwpPowerOff</name>
         <load_address>0x2000cf8c</load_address>
         <run_address>0x2000cf8c</run_address>
         <size>0x3c</size>
         <input_file_ref idref="fl-163"/>
      </object_component>
      <object_component id="oc-3ec">
         <name>.text:PRCMPeripheralClkEnable</name>
         <load_address>0x2000cfc8</load_address>
         <run_address>0x2000cfc8</run_address>
         <size>0x3c</size>
         <input_file_ref idref="fl-167"/>
      </object_component>
      <object_component id="oc-44a">
         <name>.text:_SlDrvObjInit</name>
         <load_address>0x2000d004</load_address>
         <run_address>0x2000d004</run_address>
         <size>0x3c</size>
         <input_file_ref idref="fl-15d"/>
      </object_component>
      <object_component id="oc-6a0">
         <name>.text:uDMAChannelControlSet</name>
         <load_address>0x2000d040</load_address>
         <run_address>0x2000d040</run_address>
         <size>0x3c</size>
         <input_file_ref idref="fl-16a"/>
      </object_component>
      <object_component id="oc-e8">
         <name>.text</name>
         <load_address>0x2000d07c</load_address>
         <run_address>0x2000d07c</run_address>
         <size>0x38</size>
         <input_file_ref idref="fl-173"/>
      </object_component>
      <object_component id="oc-19e">
         <name>.text:sl_Htonl</name>
         <load_address>0x2000d0b4</load_address>
         <run_address>0x2000d0b4</run_address>
         <size>0x38</size>
         <input_file_ref idref="fl-161"/>
      </object_component>
      <object_component id="oc-413">
         <name>.text:GPIODirModeSet</name>
         <load_address>0x2000d0ec</load_address>
         <run_address>0x2000d0ec</run_address>
         <size>0x36</size>
         <input_file_ref idref="fl-164"/>
      </object_component>
      <object_component id="oc-46f">
         <name>.text:PRCMPeripheralStatusGet</name>
         <load_address>0x2000d124</load_address>
         <run_address>0x2000d124</run_address>
         <size>0x34</size>
         <input_file_ref idref="fl-167"/>
      </object_component>
      <object_component id="oc-48d">
         <name>.text:SPIFIFOLevelSet</name>
         <load_address>0x2000d158</load_address>
         <run_address>0x2000d158</run_address>
         <size>0x34</size>
         <input_file_ref idref="fl-168"/>
      </object_component>
      <object_component id="oc-358">
         <name>.text:_SlDrvBasicCmd</name>
         <load_address>0x2000d18c</load_address>
         <run_address>0x2000d18c</run_address>
         <size>0x34</size>
         <input_file_ref idref="fl-15d"/>
      </object_component>
      <object_component id="oc-11">
         <name>.text</name>
         <load_address>0x2000d1c0</load_address>
         <run_address>0x2000d1c0</run_address>
         <size>0x34</size>
         <input_file_ref idref="fl-137"/>
      </object_component>
      <object_component id="oc-198">
         <name>.text:sl_Htons</name>
         <load_address>0x2000d1f4</load_address>
         <run_address>0x2000d1f4</run_address>
         <size>0x34</size>
         <input_file_ref idref="fl-161"/>
      </object_component>
      <object_component id="oc-2da">
         <name>.text:NwpPowerOn</name>
         <load_address>0x2000d228</load_address>
         <run_address>0x2000d228</run_address>
         <size>0x30</size>
         <input_file_ref idref="fl-163"/>
      </object_component>
      <object_component id="oc-40d">
         <name>.text:PinTypeGPIO</name>
         <load_address>0x2000d258</load_address>
         <run_address>0x2000d258</run_address>
         <size>0x30</size>
         <input_file_ref idref="fl-166"/>
      </object_component>
      <object_component id="oc-426">
         <name>.text:UARTDisable</name>
         <load_address>0x2000d288</load_address>
         <run_address>0x2000d288</run_address>
         <size>0x30</size>
         <input_file_ref idref="fl-169"/>
      </object_component>
      <object_component id="oc-1ca">
         <name>.text</name>
         <load_address>0x2000d2b8</load_address>
         <run_address>0x2000d2b8</run_address>
         <size>0x30</size>
         <input_file_ref idref="fl-147"/>
      </object_component>
      <object_component id="oc-1a4">
         <name>.text:sl_Socket</name>
         <load_address>0x2000d2e8</load_address>
         <run_address>0x2000d2e8</run_address>
         <size>0x30</size>
         <input_file_ref idref="fl-161"/>
      </object_component>
      <object_component id="oc-568">
         <name>.text</name>
         <load_address>0x2000d318</load_address>
         <run_address>0x2000d318</run_address>
         <size>0x2e</size>
         <input_file_ref idref="fl-155"/>
      </object_component>
      <object_component id="oc-4a2">
         <name>.text:DmaSpiSwIntHandler</name>
         <load_address>0x2000d348</load_address>
         <run_address>0x2000d348</run_address>
         <size>0x2c</size>
         <input_file_ref idref="fl-163"/>
      </object_component>
      <object_component id="oc-3fe">
         <name>.text:PRCMSysResetCauseGet</name>
         <load_address>0x2000d374</load_address>
         <run_address>0x2000d374</run_address>
         <size>0x2c</size>
         <input_file_ref idref="fl-167"/>
      </object_component>
      <object_component id="oc-509">
         <name>.text:_SlDrvFlowContDeinit</name>
         <load_address>0x2000d3a0</load_address>
         <run_address>0x2000d3a0</run_address>
         <size>0x2c</size>
         <input_file_ref idref="fl-15e"/>
      </object_component>
      <object_component id="oc-450">
         <name>.text:_SlDrvFlowContInit</name>
         <load_address>0x2000d3cc</load_address>
         <run_address>0x2000d3cc</run_address>
         <size>0x2c</size>
         <input_file_ref idref="fl-15e"/>
      </object_component>
      <object_component id="oc-3f8">
         <name>.text:PRCMPeripheralClkDisable</name>
         <load_address>0x2000d3f8</load_address>
         <run_address>0x2000d3f8</run_address>
         <size>0x28</size>
         <input_file_ref idref="fl-167"/>
      </object_component>
      <object_component id="oc-394">
         <name>.text:_sl_BuildAddress</name>
         <load_address>0x2000d420</load_address>
         <run_address>0x2000d420</run_address>
         <size>0x28</size>
         <input_file_ref idref="fl-161"/>
      </object_component>
      <object_component id="oc-149">
         <name>.text:sl_WlanSetMode</name>
         <load_address>0x2000d448</load_address>
         <run_address>0x2000d448</run_address>
         <size>0x28</size>
         <input_file_ref idref="fl-162"/>
      </object_component>
      <object_component id="oc-12d">
         <name>.text</name>
         <load_address>0x2000d470</load_address>
         <run_address>0x2000d470</run_address>
         <size>0x26</size>
         <input_file_ref idref="fl-146"/>
      </object_component>
      <object_component id="oc-3c4">
         <name>.text:IntUnregister</name>
         <load_address>0x2000d498</load_address>
         <run_address>0x2000d498</run_address>
         <size>0x24</size>
         <input_file_ref idref="fl-165"/>
      </object_component>
      <object_component id="oc-42c">
         <name>.text:UARTEnable</name>
         <load_address>0x2000d4bc</load_address>
         <run_address>0x2000d4bc</run_address>
         <size>0x24</size>
         <input_file_ref idref="fl-169"/>
      </object_component>
      <object_component id="oc-28f">
         <name>.text</name>
         <load_address>0x2000d4e0</load_address>
         <run_address>0x2000d4e0</run_address>
         <size>0x24</size>
         <input_file_ref idref="fl-13d"/>
      </object_component>
      <object_component id="oc-192">
         <name>.text:sl_Close</name>
         <load_address>0x2000d504</load_address>
         <run_address>0x2000d504</run_address>
         <size>0x24</size>
         <input_file_ref idref="fl-161"/>
      </object_component>
      <object_component id="oc-161">
         <name>.text:sl_WlanProfileDel</name>
         <load_address>0x2000d528</load_address>
         <run_address>0x2000d528</run_address>
         <size>0x24</size>
         <input_file_ref idref="fl-162"/>
      </object_component>
      <object_component id="oc-2d4">
         <name>.text:NwpRegisterInterruptHandler</name>
         <load_address>0x2000d54c</load_address>
         <run_address>0x2000d54c</run_address>
         <size>0x22</size>
         <input_file_ref idref="fl-163"/>
      </object_component>
      <object_component id="oc-463">
         <name>.text:SPIReset</name>
         <load_address>0x2000d56e</load_address>
         <run_address>0x2000d56e</run_address>
         <size>0x22</size>
         <input_file_ref idref="fl-168"/>
      </object_component>
      <object_component id="oc-6b8">
         <name>.text:SPIWordCountSet</name>
         <load_address>0x2000d590</load_address>
         <run_address>0x2000d590</run_address>
         <size>0x22</size>
         <input_file_ref idref="fl-168"/>
      </object_component>
      <object_component id="oc-315">
         <name>.text:GPIOPinWrite</name>
         <load_address>0x2000d5b2</load_address>
         <run_address>0x2000d5b2</run_address>
         <size>0x20</size>
         <input_file_ref idref="fl-164"/>
      </object_component>
      <object_component id="oc-3b2">
         <name>.text:IntRegister</name>
         <load_address>0x2000d5d4</load_address>
         <run_address>0x2000d5d4</run_address>
         <size>0x20</size>
         <input_file_ref idref="fl-165"/>
      </object_component>
      <object_component id="oc-721">
         <name>.text:_SlDrvCmdSend</name>
         <load_address>0x2000d5f4</load_address>
         <run_address>0x2000d5f4</run_address>
         <size>0x20</size>
         <input_file_ref idref="fl-15d"/>
      </object_component>
      <object_component id="oc-303">
         <name>.text:GPIOIntRegister</name>
         <load_address>0x2000d614</load_address>
         <run_address>0x2000d614</run_address>
         <size>0x1e</size>
         <input_file_ref idref="fl-164"/>
      </object_component>
      <object_component id="oc-27d">
         <name>.text:UARTCharPut</name>
         <load_address>0x2000d632</load_address>
         <run_address>0x2000d632</run_address>
         <size>0x1e</size>
         <input_file_ref idref="fl-169"/>
      </object_component>
      <object_component id="oc-50f">
         <name>.text:_SlDrvObjDeInit</name>
         <load_address>0x2000d650</load_address>
         <run_address>0x2000d650</run_address>
         <size>0x1c</size>
         <input_file_ref idref="fl-15d"/>
      </object_component>
      <object_component id="oc-578">
         <name>.text</name>
         <load_address>0x2000d66c</load_address>
         <run_address>0x2000d66c</run_address>
         <size>0x1c</size>
         <input_file_ref idref="fl-158"/>
      </object_component>
      <object_component id="oc-6b2">
         <name>.text:uDMAChannelEnable</name>
         <load_address>0x2000d688</load_address>
         <run_address>0x2000d688</run_address>
         <size>0x1c</size>
         <input_file_ref idref="fl-16a"/>
      </object_component>
      <object_component id="oc-6c4">
         <name>.text:CopyPingResultsToReport</name>
         <load_address>0x2000d6a4</load_address>
         <run_address>0x2000d6a4</run_address>
         <size>0x1a</size>
         <input_file_ref idref="fl-15f"/>
      </object_component>
      <object_component id="oc-30f">
         <name>.text:GPIOIntEnable</name>
         <load_address>0x2000d6be</load_address>
         <run_address>0x2000d6be</run_address>
         <size>0x1a</size>
         <input_file_ref idref="fl-164"/>
      </object_component>
      <object_component id="oc-407">
         <name>.text:PinTypeUART</name>
         <load_address>0x2000d6d8</load_address>
         <run_address>0x2000d6d8</run_address>
         <size>0x1a</size>
         <input_file_ref idref="fl-166"/>
      </object_component>
      <object_component id="oc-502">
         <name>.text:SPIDmaDisable</name>
         <load_address>0x2000d6f2</load_address>
         <run_address>0x2000d6f2</run_address>
         <size>0x1a</size>
         <input_file_ref idref="fl-168"/>
      </object_component>
      <object_component id="oc-487">
         <name>.text:SPIDmaEnable</name>
         <load_address>0x2000d70c</load_address>
         <run_address>0x2000d70c</run_address>
         <size>0x1a</size>
         <input_file_ref idref="fl-168"/>
      </object_component>
      <object_component id="oc-4fc">
         <name>.text:SPIFIFODisable</name>
         <load_address>0x2000d726</load_address>
         <run_address>0x2000d726</run_address>
         <size>0x1a</size>
         <input_file_ref idref="fl-168"/>
      </object_component>
      <object_component id="oc-481">
         <name>.text:SPIFIFOEnable</name>
         <load_address>0x2000d740</load_address>
         <run_address>0x2000d740</run_address>
         <size>0x1a</size>
         <input_file_ref idref="fl-168"/>
      </object_component>
      <object_component id="oc-6ea">
         <name>.text:_SlDrvDeviceEventHandler</name>
         <load_address>0x2000d75a</load_address>
         <run_address>0x2000d75a</run_address>
         <size>0x1a</size>
         <input_file_ref idref="fl-15c"/>
      </object_component>
      <object_component id="oc-1d3">
         <name>.text</name>
         <load_address>0x2000d774</load_address>
         <run_address>0x2000d774</run_address>
         <size>0x1a</size>
         <input_file_ref idref="fl-143"/>
      </object_component>
      <object_component id="oc-31b">
         <name>.text:GPIOPinRead</name>
         <load_address>0x2000d78e</load_address>
         <run_address>0x2000d78e</run_address>
         <size>0x18</size>
         <input_file_ref idref="fl-164"/>
      </object_component>
      <object_component id="oc-457">
         <name>.text:SPICSDisable</name>
         <load_address>0x2000d7a6</load_address>
         <run_address>0x2000d7a6</run_address>
         <size>0x18</size>
         <input_file_ref idref="fl-168"/>
      </object_component>
      <object_component id="oc-69a">
         <name>.text:SPICSEnable</name>
         <load_address>0x2000d7be</load_address>
         <run_address>0x2000d7be</run_address>
         <size>0x18</size>
         <input_file_ref idref="fl-168"/>
      </object_component>
      <object_component id="oc-45d">
         <name>.text:SPIDisable</name>
         <load_address>0x2000d7d6</load_address>
         <run_address>0x2000d7d6</run_address>
         <size>0x18</size>
         <input_file_ref idref="fl-168"/>
      </object_component>
      <object_component id="oc-499">
         <name>.text:SPIEnable</name>
         <load_address>0x2000d7ee</load_address>
         <run_address>0x2000d7ee</run_address>
         <size>0x18</size>
         <input_file_ref idref="fl-168"/>
      </object_component>
      <object_component id="oc-45">
         <name>.text</name>
         <load_address>0x2000d808</load_address>
         <run_address>0x2000d808</run_address>
         <size>0x18</size>
         <input_file_ref idref="fl-14b"/>
      </object_component>
      <object_component id="oc-544">
         <name>.text</name>
         <load_address>0x2000d820</load_address>
         <run_address>0x2000d820</run_address>
         <size>0x18</size>
         <input_file_ref idref="fl-156"/>
      </object_component>
      <object_component id="oc-3e0">
         <name>.text:PRCMHIBRegRead</name>
         <load_address>0x2000d838</load_address>
         <run_address>0x2000d838</run_address>
         <size>0x16</size>
         <input_file_ref idref="fl-167"/>
      </object_component>
      <object_component id="oc-3e6">
         <name>.text:PRCMHIBRegWrite</name>
         <load_address>0x2000d84e</load_address>
         <run_address>0x2000d84e</run_address>
         <size>0x16</size>
         <input_file_ref idref="fl-167"/>
      </object_component>
      <object_component id="oc-289">
         <name>.text:UARTCharGet</name>
         <load_address>0x2000d864</load_address>
         <run_address>0x2000d864</run_address>
         <size>0x16</size>
         <input_file_ref idref="fl-169"/>
      </object_component>
      <object_component id="oc-3d5">
         <name>.text:CPUcpsie</name>
         <load_address>0x2000d87a</load_address>
         <run_address>0x2000d87a</run_address>
         <size>0x14</size>
         <input_file_ref idref="fl-16c"/>
      </object_component>
      <object_component id="oc-309">
         <name>.text:GPIOIntClear</name>
         <load_address>0x2000d88e</load_address>
         <run_address>0x2000d88e</run_address>
         <size>0x14</size>
         <input_file_ref idref="fl-164"/>
      </object_component>
      <object_component id="oc-1e6">
         <name>.text:IntVTableBaseSet</name>
         <load_address>0x2000d8a4</load_address>
         <run_address>0x2000d8a4</run_address>
         <size>0x14</size>
         <input_file_ref idref="fl-165"/>
      </object_component>
      <object_component id="oc-6dd">
         <name>.text:_SlDrvShiftDWord</name>
         <load_address>0x2000d8b8</load_address>
         <run_address>0x2000d8b8</run_address>
         <size>0x14</size>
         <input_file_ref idref="fl-15d"/>
      </object_component>
      <object_component id="oc-228">
         <name>.text</name>
         <load_address>0x2000d8cc</load_address>
         <run_address>0x2000d8cc</run_address>
         <size>0x14</size>
         <input_file_ref idref="fl-149"/>
      </object_component>
      <object_component id="oc-127">
         <name>.text</name>
         <load_address>0x2000d8e0</load_address>
         <run_address>0x2000d8e0</run_address>
         <size>0x14</size>
         <input_file_ref idref="fl-145"/>
      </object_component>
      <object_component id="oc-1c">
         <name>.text:decompress:ZI</name>
         <load_address>0x2000d8f4</load_address>
         <run_address>0x2000d8f4</run_address>
         <size>0x12</size>
         <input_file_ref idref="fl-13a"/>
      </object_component>
      <object_component id="oc-179">
         <name>.text:sl_NetAppMDNSUnRegisterService</name>
         <load_address>0x2000d906</load_address>
         <run_address>0x2000d906</run_address>
         <size>0x12</size>
         <input_file_ref idref="fl-15f"/>
      </object_component>
      <object_component id="oc-4cb">
         <name>.text:NwpMaskInterrupt</name>
         <load_address>0x2000d918</load_address>
         <run_address>0x2000d918</run_address>
         <size>0x10</size>
         <input_file_ref idref="fl-163"/>
      </object_component>
      <object_component id="oc-1b0">
         <name>.text</name>
         <load_address>0x2000d928</load_address>
         <run_address>0x2000d928</run_address>
         <size>0x10</size>
         <input_file_ref idref="fl-144"/>
      </object_component>
      <object_component id="oc-16">
         <name>.text:decompress:none</name>
         <load_address>0x2000d938</load_address>
         <run_address>0x2000d938</run_address>
         <size>0xe</size>
         <input_file_ref idref="fl-138"/>
      </object_component>
      <object_component id="oc-572">
         <name>.text</name>
         <load_address>0x2000d946</load_address>
         <run_address>0x2000d946</run_address>
         <size>0xe</size>
         <input_file_ref idref="fl-15a"/>
      </object_component>
      <object_component id="oc-2c">
         <name>.text</name>
         <load_address>0x2000d954</load_address>
         <run_address>0x2000d954</run_address>
         <size>0xe</size>
         <input_file_ref idref="fl-6"/>
      </object_component>
      <object_component id="oc-692">
         <name>.text:NwpUnMaskInterrupt</name>
         <load_address>0x2000d964</load_address>
         <run_address>0x2000d964</run_address>
         <size>0xc</size>
         <input_file_ref idref="fl-163"/>
      </object_component>
      <object_component id="oc-1ec">
         <name>.text:IntMasterEnable</name>
         <load_address>0x2000d970</load_address>
         <run_address>0x2000d970</run_address>
         <size>0xa</size>
         <input_file_ref idref="fl-165"/>
      </object_component>
      <object_component id="oc-167">
         <name>.text:sl_WlanDisconnect</name>
         <load_address>0x2000d97a</load_address>
         <run_address>0x2000d97a</run_address>
         <size>0x8</size>
         <input_file_ref idref="fl-162"/>
      </object_component>
      <object_component id="oc-1bc">
         <name>.text:UtilsDelay</name>
         <load_address>0x2000d982</load_address>
         <run_address>0x2000d982</run_address>
         <size>0x6</size>
         <input_file_ref idref="fl-16b"/>
      </object_component>
      <object_component id="oc-22">
         <name>.text:decompress:rle24</name>
         <load_address>0x2000d988</load_address>
         <run_address>0x2000d988</run_address>
         <size>0x6</size>
         <input_file_ref idref="fl-139"/>
      </object_component>
      <object_component id="oc-64d">
         <name>.const:.string:_ctypes_</name>
         <load_address>0x2000d990</load_address>
         <run_address>0x2000d990</run_address>
         <size>0x102</size>
         <input_file_ref idref="fl-14f"/>
      </object_component>
      <object_component id="oc-670">
         <name>.const:g_ulPinToPadMap</name>
         <load_address>0x2000da94</load_address>
         <run_address>0x2000da94</run_address>
         <size>0x100</size>
         <input_file_ref idref="fl-166"/>
      </object_component>
      <object_component id="oc-330">
         <name>.const</name>
         <load_address>0x2000db94</load_address>
         <run_address>0x2000db94</run_address>
         <size>0xec</size>
         <input_file_ref idref="fl-162"/>
      </object_component>
      <object_component id="oc-594">
         <name>.const:g_pulRegs</name>
         <load_address>0x2000dc80</load_address>
         <run_address>0x2000dc80</run_address>
         <size>0xd4</size>
         <input_file_ref idref="fl-165"/>
      </object_component>
      <object_component id="oc-5ac">
         <name>.const:PRCM_PeriphRegsList</name>
         <load_address>0x2000dd54</load_address>
         <run_address>0x2000dd54</run_address>
         <size>0xa8</size>
         <input_file_ref idref="fl-167"/>
      </object_component>
      <object_component id="oc-3dc">
         <name>.const</name>
         <load_address>0x2000ddfc</load_address>
         <run_address>0x2000ddfc</run_address>
         <size>0x80</size>
         <input_file_ref idref="fl-165"/>
      </object_component>
      <object_component id="oc-51d">
         <name>.const</name>
         <load_address>0x2000de7c</load_address>
         <run_address>0x2000de7c</run_address>
         <size>0x4c</size>
         <input_file_ref idref="fl-15d"/>
      </object_component>
      <object_component id="oc-385">
         <name>.const</name>
         <load_address>0x2000dec8</load_address>
         <run_address>0x2000dec8</run_address>
         <size>0x34</size>
         <input_file_ref idref="fl-161"/>
      </object_component>
      <object_component id="oc-1bd">
         <name>.const:.string</name>
         <load_address>0x2000defc</load_address>
         <run_address>0x2000defc</run_address>
         <size>0x31</size>
         <input_file_ref idref="fl-3"/>
      </object_component>
      <object_component id="oc-17f">
         <name>.const:$P$T1$2</name>
         <load_address>0x2000df30</load_address>
         <run_address>0x2000df30</run_address>
         <size>0x2c</size>
         <input_file_ref idref="fl-3"/>
      </object_component>
      <object_component id="oc-525">
         <name>.const</name>
         <load_address>0x2000df5c</load_address>
         <run_address>0x2000df5c</run_address>
         <size>0x28</size>
         <input_file_ref idref="fl-15f"/>
      </object_component>
      <object_component id="oc-18b">
         <name>.const:.string:$P$T0$1</name>
         <load_address>0x2000df84</load_address>
         <run_address>0x2000df84</run_address>
         <size>0x22</size>
         <input_file_ref idref="fl-3"/>
      </object_component>
      <object_component id="oc-188">
         <name>.const</name>
         <load_address>0x2000dfa8</load_address>
         <run_address>0x2000dfa8</run_address>
         <size>0x20</size>
         <input_file_ref idref="fl-3"/>
      </object_component>
      <object_component id="oc-675">
         <name>.const</name>
         <load_address>0x2000dfc8</load_address>
         <run_address>0x2000dfc8</run_address>
         <size>0x18</size>
         <input_file_ref idref="fl-168"/>
      </object_component>
      <object_component id="oc-347">
         <name>.const</name>
         <load_address>0x2000dfe0</load_address>
         <run_address>0x2000dfe0</run_address>
         <size>0x14</size>
         <input_file_ref idref="fl-15c"/>
      </object_component>
      <object_component id="oc-35f">
         <name>.const</name>
         <load_address>0x2000dff4</load_address>
         <run_address>0x2000dff4</run_address>
         <size>0x8</size>
         <input_file_ref idref="fl-160"/>
      </object_component>
      <object_component id="oc-748">
         <name>.cinit..data.load</name>
         <load_address>0x2000e000</load_address>
         <run_address>0x2000e000</run_address>
         <size>0x51</size>
      </object_component>
      <object_component id="oc-746">
         <name>__TI_handler_table</name>
         <load_address>0x2000e054</load_address>
         <run_address>0x2000e054</run_address>
         <size>0xc</size>
      </object_component>
      <object_component id="oc-749">
         <name>.cinit..bss.load</name>
         <load_address>0x2000e060</load_address>
         <run_address>0x2000e060</run_address>
         <size>0x8</size>
      </object_component>
      <object_component id="oc-747">
         <name>__TI_cinit_table</name>
         <load_address>0x2000e068</load_address>
         <run_address>0x2000e068</run_address>
         <size>0x10</size>
      </object_component>
      <object_component id="oc-51">
         <name>.data</name>
         <load_address>0x2001fe2c</load_address>
         <run_address>0x2001fe2c</run_address>
         <size>0x4</size>
         <input_file_ref idref="fl-142"/>
      </object_component>
      <object_component id="oc-80">
         <name>.data</name>
         <load_address>0x2001fd90</load_address>
         <run_address>0x2001fd90</run_address>
         <size>0x34</size>
         <input_file_ref idref="fl-172"/>
      </object_component>
      <object_component id="oc-84">
         <name>.data</name>
         <load_address>0x2001fe28</load_address>
         <run_address>0x2001fe28</run_address>
         <size>0x4</size>
         <input_file_ref idref="fl-16f"/>
      </object_component>
      <object_component id="oc-a9">
         <name>.data</name>
         <load_address>0x2001fe18</load_address>
         <run_address>0x2001fe18</run_address>
         <size>0x8</size>
         <input_file_ref idref="fl-149"/>
      </object_component>
      <object_component id="oc-ac">
         <name>.data</name>
         <load_address>0x2001fe20</load_address>
         <run_address>0x2001fe20</run_address>
         <size>0x8</size>
         <input_file_ref idref="fl-13b"/>
      </object_component>
      <object_component id="oc-119">
         <name>.data</name>
         <load_address>0x2001fde4</load_address>
         <run_address>0x2001fde4</run_address>
         <size>0x1c</size>
         <input_file_ref idref="fl-3"/>
      </object_component>
      <object_component id="oc-2ec">
         <name>.data</name>
         <load_address>0x2001fba8</load_address>
         <run_address>0x2001fba8</run_address>
         <size>0x184</size>
         <input_file_ref idref="fl-15d"/>
      </object_component>
      <object_component id="oc-321">
         <name>.data</name>
         <load_address>0x2001fdc4</load_address>
         <run_address>0x2001fdc4</run_address>
         <size>0x20</size>
         <input_file_ref idref="fl-2"/>
      </object_component>
      <object_component id="oc-3d0">
         <name>.data</name>
         <load_address>0x2001fe00</load_address>
         <run_address>0x2001fe00</run_address>
         <size>0xc</size>
         <input_file_ref idref="fl-16e"/>
      </object_component>
      <object_component id="oc-41f">
         <name>.data</name>
         <load_address>0x2001fe0c</load_address>
         <run_address>0x2001fe0c</run_address>
         <size>0xc</size>
         <input_file_ref idref="fl-13e"/>
      </object_component>
      <object_component id="oc-49f">
         <name>.data</name>
         <load_address>0x2001fd2c</load_address>
         <run_address>0x2001fd2c</run_address>
         <size>0x64</size>
         <input_file_ref idref="fl-163"/>
      </object_component>
      <object_component id="oc-d8">
         <name>.bss:pxReadyTasksLists</name>
         <uninitialized>true</uninitialized>
         <run_address>0x2001f9c4</run_address>
         <size>0xc8</size>
         <input_file_ref idref="fl-172"/>
      </object_component>
      <object_component id="oc-11c">
         <name>.bss:g_ucConnectionSSID</name>
         <uninitialized>true</uninitialized>
         <run_address>0x2001fadc</run_address>
         <size>0x24</size>
         <input_file_ref idref="fl-3"/>
      </object_component>
      <object_component id="oc-134">
         <name>.bss:netEntries</name>
         <uninitialized>true</uninitialized>
         <run_address>0x2001f578</run_address>
         <size>0x370</size>
         <input_file_ref idref="fl-3"/>
      </object_component>
      <object_component id="oc-137">
         <name>.bss:testAP</name>
         <uninitialized>true</uninitialized>
         <run_address>0x2001f8e8</run_address>
         <size>0xdc</size>
         <input_file_ref idref="fl-3"/>
      </object_component>
      <object_component id="oc-1fe">
         <name>.bss:tcpSendBuf</name>
         <uninitialized>true</uninitialized>
         <run_address>0x2001f000</run_address>
         <size>0x578</size>
         <input_file_ref idref="fl-3"/>
      </object_component>
      <object_component id="oc-5a0">
         <name>.bss:xQueueRegistry</name>
         <uninitialized>true</uninitialized>
         <run_address>0x2001fa8c</run_address>
         <size>0x50</size>
         <input_file_ref idref="fl-171"/>
      </object_component>
      <object_component id="oc-324">
         <name>.common:g_ucLED1Pin</name>
         <uninitialized>true</uninitialized>
         <run_address>0x2001fba4</run_address>
         <size>0x1</size>
      </object_component>
      <object_component id="oc-327">
         <name>.common:g_ucLED2Pin</name>
         <uninitialized>true</uninitialized>
         <run_address>0x2001fba5</run_address>
         <size>0x1</size>
      </object_component>
      <object_component id="oc-328">
         <name>.common:g_ucLED3Pin</name>
         <uninitialized>true</uninitialized>
         <run_address>0x2001fba6</run_address>
         <size>0x1</size>
      </object_component>
      <object_component id="oc-1d1">
         <name>.common:ConSid</name>
         <uninitialized>true</uninitialized>
         <run_address>0x2001fb00</run_address>
         <size>0x20</size>
      </object_component>
      <object_component id="oc-1d2">
         <name>.common:ConRssi</name>
         <uninitialized>true</uninitialized>
         <run_address>0x2001fb8c</run_address>
         <size>0x4</size>
      </object_component>
      <object_component id="oc-13b">
         <name>.common:g_ucConnectionBSSID</name>
         <uninitialized>true</uninitialized>
         <run_address>0x2001fb84</run_address>
         <size>0x8</size>
      </object_component>
      <object_component id="oc-1d0">
         <name>.common:scanCount</name>
         <uninitialized>true</uninitialized>
         <run_address>0x2001fb9c</run_address>
         <size>0x4</size>
      </object_component>
      <object_component id="oc-1e5">
         <name>.common:socketID</name>
         <uninitialized>true</uninitialized>
         <run_address>0x2001fba0</run_address>
         <size>0x4</size>
      </object_component>
      <object_component id="oc-295">
         <name>.common:__Errorlog</name>
         <uninitialized>true</uninitialized>
         <run_address>0x2001fb90</run_address>
         <size>0x4</size>
      </object_component>
      <object_component id="oc-f3">
         <name>.common:xDelayedTaskList1</name>
         <uninitialized>true</uninitialized>
         <run_address>0x2001fb20</run_address>
         <size>0x14</size>
      </object_component>
      <object_component id="oc-f4">
         <name>.common:xDelayedTaskList2</name>
         <uninitialized>true</uninitialized>
         <run_address>0x2001fb34</run_address>
         <size>0x14</size>
      </object_component>
      <object_component id="oc-f7">
         <name>.common:pxDelayedTaskList</name>
         <uninitialized>true</uninitialized>
         <run_address>0x2001fb94</run_address>
         <size>0x4</size>
      </object_component>
      <object_component id="oc-f8">
         <name>.common:pxOverflowDelayedTaskList</name>
         <uninitialized>true</uninitialized>
         <run_address>0x2001fb98</run_address>
         <size>0x4</size>
      </object_component>
      <object_component id="oc-e7">
         <name>.common:xPendingReadyList</name>
         <uninitialized>true</uninitialized>
         <run_address>0x2001fb48</run_address>
         <size>0x14</size>
      </object_component>
      <object_component id="oc-f9">
         <name>.common:xTasksWaitingTermination</name>
         <uninitialized>true</uninitialized>
         <run_address>0x2001fb70</run_address>
         <size>0x14</size>
      </object_component>
      <object_component id="oc-f6">
         <name>.common:xSuspendedTaskList</name>
         <uninitialized>true</uninitialized>
         <run_address>0x2001fb5c</run_address>
         <size>0x14</size>
      </object_component>
      <object_component id="oc-29">
         <name>.sysmem</name>
         <uninitialized>true</uninitialized>
         <run_address>0x20017000</run_address>
         <size>0x8</size>
         <input_file_ref idref="fl-13e"/>
      </object_component>
      <object_component id="oc-74b">
         <name>.sysmem</name>
         <uninitialized>true</uninitialized>
         <run_address>0x20017000</run_address>
         <size>0x0</size>
      </object_component>
      <object_component id="oc-28">
         <name>.stack</name>
         <uninitialized>true</uninitialized>
         <run_address>0x2002f800</run_address>
         <size>0x0</size>
         <input_file_ref idref="fl-137"/>
      </object_component>
      <object_component id="oc-74a">
         <name>.stack</name>
         <uninitialized>true</uninitialized>
         <run_address>0x2002f800</run_address>
         <size>0x0</size>
      </object_component>
      <object_component id="oc-f">
         <name>.debug_info</name>
         <load_address>0x0</load_address>
         <run_address>0x0</run_address>
         <size>0x102</size>
         <input_file_ref idref="fl-6"/>
      </object_component>
      <object_component id="oc-14">
         <name>.debug_info</name>
         <load_address>0x102</load_address>
         <run_address>0x102</run_address>
         <size>0x10a</size>
         <input_file_ref idref="fl-137"/>
      </object_component>
      <object_component id="oc-18">
         <name>.debug_info</name>
         <load_address>0x20c</load_address>
         <run_address>0x20c</run_address>
         <size>0x1ab</size>
         <input_file_ref idref="fl-138"/>
      </object_component>
      <object_component id="oc-20">
         <name>.debug_info</name>
         <load_address>0x3b7</load_address>
         <run_address>0x3b7</run_address>
         <size>0x181</size>
         <input_file_ref idref="fl-13a"/>
      </object_component>
      <object_component id="oc-24">
         <name>.debug_info</name>
         <load_address>0x538</load_address>
         <run_address>0x538</run_address>
         <size>0x1a5</size>
         <input_file_ref idref="fl-139"/>
      </object_component>
      <object_component id="oc-2a">
         <name>.debug_info</name>
         <load_address>0x6dd</load_address>
         <run_address>0x6dd</run_address>
         <size>0xcd</size>
         <input_file_ref idref="fl-13e"/>
      </object_component>
      <object_component id="oc-2e">
         <name>.debug_info</name>
         <load_address>0x7aa</load_address>
         <run_address>0x7aa</run_address>
         <size>0x423</size>
         <input_file_ref idref="fl-6"/>
      </object_component>
      <object_component id="oc-33">
         <name>.debug_info</name>
         <load_address>0xbcd</load_address>
         <run_address>0xbcd</run_address>
         <size>0x1ad</size>
         <input_file_ref idref="fl-170"/>
      </object_component>
      <object_component id="oc-39">
         <name>.debug_info</name>
         <load_address>0xd7a</load_address>
         <run_address>0xd7a</run_address>
         <size>0xac2</size>
         <input_file_ref idref="fl-16f"/>
      </object_component>
      <object_component id="oc-3f">
         <name>.debug_info</name>
         <load_address>0x183c</load_address>
         <run_address>0x183c</run_address>
         <size>0x197</size>
         <input_file_ref idref="fl-6"/>
      </object_component>
      <object_component id="oc-41">
[...]
         <object_component_ref idref="oc-1df"/>
      </symbol>
      <symbol id="sm-ff0">
         <name>osi_TaskDelete</name>
         <value>0x2000888f</value>
         <object_component_ref idref="oc-1df"/>
      </symbol>
      <symbol id="sm-ff1">
         <name>xHigherPriorityTaskWoken</name>
         <value>0x2001fe00</value>
         <object_component_ref idref="oc-3d0"/>
      </symbol>
      <symbol id="sm-ff2">
         <name>osi_InterruptRegister</name>
         <value>0x200086f9</value>
         <object_component_ref idref="oc-1df"/>
      </symbol>
      <symbol id="sm-ff3">
         <name>mem_set</name>
         <value>0x20008ad1</value>
         <object_component_ref idref="oc-1df"/>
      </symbol>
      <symbol id="sm-ff4">
         <name>osi_LockObjCreate</name>
         <value>0x20008829</value>
         <object_component_ref idref="oc-1df"/>
      </symbol>
      <symbol id="sm-ff5">
         <name>osi_SyncObjSignal</name>
         <value>0x2000877b</value>
         <object_component_ref idref="oc-1df"/>
      </symbol>
      <symbol id="sm-ff6">
         <name>mem_Malloc</name>
         <value>0x20008ab9</value>
         <object_component_ref idref="oc-1df"/>
      </symbol>
      <symbol id="sm-ff7">
         <name>osi_SyncObjCreate</name>
         <value>0x20008731</value>
         <object_component_ref idref="oc-1df"/>
      </symbol>
      <symbol id="sm-ff8">
         <name>osi_SyncObjWait</name>
         <value>0x200087db</value>
         <object_component_ref idref="oc-1df"/>
      </symbol>
      <symbol id="sm-ff9">
         <name>osi_SyncObjSignalFromISR</name>
         <value>0x200087a3</value>
         <object_component_ref idref="oc-1df"/>
      </symbol>
      <symbol id="sm-ffa">
         <name>osi_ContextRestore</name>
         <value>0x20008b3b</value>
         <object_component_ref idref="oc-1df"/>
      </symbol>
      <symbol id="sm-ffb">
         <name>osi_start</name>
         <value>0x20008b0d</value>
         <object_component_ref idref="oc-1df"/>
      </symbol>
      <symbol id="sm-ffc">
         <name>osi_EnterCritical</name>
         <value>0x20008af9</value>
         <object_component_ref idref="oc-1df"/>
      </symbol>
      <symbol id="sm-ffd">
         <name>osi_TaskCreate</name>
         <value>0x2000884f</value>
         <object_component_ref idref="oc-1df"/>
      </symbol>
      <symbol id="sm-ffe">
         <name>osi_MsgQRead</name>
         <value>0x20008a7d</value>
         <object_component_ref idref="oc-1df"/>
      </symbol>
      <symbol id="sm-fff">
         <name>osi_MsgQCreate</name>
         <value>0x200089ed</value>
         <object_component_ref idref="oc-1df"/>
      </symbol>
      <symbol id="sm-1000">
         <name>osi_ExitCritical</name>
         <value>0x20008b03</value>
         <object_component_ref idref="oc-1df"/>
      </symbol>
      <symbol id="sm-1001">
         <name>osi_LockObjLock</name>
         <value>0x200088ad</value>
         <object_component_ref idref="oc-1df"/>
      </symbol>
      <symbol id="sm-1002">
         <name>VDeleteSimpleLinkSpawnTask</name>
         <value>0x200089c1</value>
         <object_component_ref idref="oc-1df"/>
      </symbol>
      <symbol id="sm-1003">
         <name>osi_SyncObjClear</name>
         <value>0x20008807</value>
         <object_component_ref idref="oc-1df"/>
      </symbol>
      <symbol id="sm-1004">
         <name>VStartSimpleLinkSpawnTask</name>
         <value>0x20008971</value>
         <object_component_ref idref="oc-1df"/>
      </symbol>
      <symbol id="sm-1005">
         <name>osi_MsgQWrite</name>
         <value>0x20008a4b</value>
         <object_component_ref idref="oc-1df"/>
      </symbol>
      <symbol id="sm-1006">
         <name>osi_Sleep</name>
         <value>0x20008b15</value>
         <object_component_ref idref="oc-1df"/>
      </symbol>
      <symbol id="sm-1007">
         <name>osi_SyncObjDelete</name>
         <value>0x20008761</value>
         <object_component_ref idref="oc-1df"/>
      </symbol>
      <symbol id="sm-1008">
         <name>osi_TaskDisable</name>
         <value>0x20008b25</value>
         <object_component_ref idref="oc-1df"/>
      </symbol>
      <symbol id="sm-1009">
         <name>osi_Spawn</name>
         <value>0x20008903</value>
         <object_component_ref idref="oc-1df"/>
      </symbol>
      <symbol id="sm-100a">
         <name>mem_Free</name>
         <value>0x20008ac5</value>
         <object_component_ref idref="oc-1df"/>
      </symbol>
      <symbol id="sm-100b">
         <name>osi_ContextSave</name>
         <value>0x20008b39</value>
         <object_component_ref idref="oc-1df"/>
      </symbol>
      <symbol id="sm-100c">
         <name>xSimpleLinkSpawnQueue</name>
         <value>0x2001fe04</value>
         <object_component_ref idref="oc-3d0"/>
      </symbol>
      <symbol id="sm-100d">
         <name>xSimpleLinkSpawnTaskHndl</name>
         <value>0x2001fe08</value>
         <object_component_ref idref="oc-3d0"/>
      </symbol>
      <symbol id="sm-1035">
         <name>vPortSetupTimerInterrupt</name>
         <value>0x2000aa41</value>
         <object_component_ref idref="oc-37"/>
      </symbol>
      <symbol id="sm-1036">
         <name>vPortEndScheduler</name>
         <value>0x2000a9e1</value>
         <object_component_ref idref="oc-37"/>
      </symbol>
      <symbol id="sm-1037">
         <name>vPortYield</name>
         <value>0x2000a9e3</value>
         <object_component_ref idref="oc-37"/>
      </symbol>
      <symbol id="sm-1038">
         <name>xPortSysTickHandler</name>
         <value>0x2000aa25</value>
         <object_component_ref idref="oc-37"/>
      </symbol>
      <symbol id="sm-1039">
         <name>pxPortInitialiseStack</name>
         <value>0x2000a965</value>
         <object_component_ref idref="oc-37"/>
      </symbol>
      <symbol id="sm-103a">
         <name>vPortExitCritical</name>
         <value>0x2000aa0d</value>
         <object_component_ref idref="oc-37"/>
      </symbol>
      <symbol id="sm-103b">
         <name>xPortStartScheduler</name>
         <value>0x2000a9b5</value>
         <object_component_ref idref="oc-37"/>
      </symbol>
      <symbol id="sm-103c">
         <name>vPortEnterCritical</name>
         <value>0x2000a9f5</value>
         <object_component_ref idref="oc-37"/>
      </symbol>
      <symbol id="sm-104d">
         <name>portCLZ</name>
         <value>0x2000b405</value>
         <object_component_ref idref="oc-32"/>
      </symbol>
      <symbol id="sm-104e">
         <name>xPortPendSVHandler</name>
         <value>0x2000b379</value>
         <object_component_ref idref="oc-32"/>
      </symbol>
      <symbol id="sm-104f">
         <name>vPortClearInterruptMask</name>
         <value>0x2000b36b</value>
         <object_component_ref idref="oc-32"/>
      </symbol>
      <symbol id="sm-1050">
         <name>ulPortSetInterruptMask</name>
         <value>0x2000b355</value>
         <object_component_ref idref="oc-32"/>
      </symbol>
      <symbol id="sm-1051">
         <name>prvPortStartFirstTask</name>
         <value>0x2000b3ed</value>
         <object_component_ref idref="oc-32"/>
      </symbol>
      <symbol id="sm-1052">
         <name>vPortSVCHandler</name>
         <value>0x2000b3c5</value>
         <object_component_ref idref="oc-32"/>
      </symbol>
      <symbol id="sm-1101">
         <name>xQueuePeekFromISR</name>
         <value>0x20008285</value>
         <object_component_ref idref="oc-3ca"/>
      </symbol>
      <symbol id="sm-1102">
         <name>xQueueIsQueueEmptyFromISR</name>
         <value>0x2000850b</value>
         <object_component_ref idref="oc-3ca"/>
      </symbol>
      <symbol id="sm-1103">
         <name>xQueueGenericSendFromISR</name>
         <value>0x2000802f</value>
         <object_component_ref idref="oc-3ca"/>
      </symbol>
      <symbol id="sm-1104">
         <name>uxQueueMessagesWaiting</name>
         <value>0x200082c9</value>
         <object_component_ref idref="oc-3ca"/>
      </symbol>
      <symbol id="sm-1105">
         <name>vQueueAddToRegistry</name>
         <value>0x2000856f</value>
         <object_component_ref idref="oc-3ca"/>
      </symbol>
      <symbol id="sm-1106">
         <name>xQueueIsQueueFullFromISR</name>
         <value>0x2000854d</value>
         <object_component_ref idref="oc-3ca"/>
      </symbol>
      <symbol id="sm-1107">
         <name>xQueueSelectFromSet</name>
         <value>0x20008675</value>
         <object_component_ref idref="oc-3ca"/>
      </symbol>
      <symbol id="sm-1108">
         <name>xQueueGenericCreate</name>
         <value>0x20007c65</value>
         <object_component_ref idref="oc-3ca"/>
      </symbol>
      <symbol id="sm-1109">
         <name>xQueueSelectFromSetFromISR</name>
         <value>0x2000868f</value>
         <object_component_ref idref="oc-3ca"/>
      </symbol>
      <symbol id="sm-110a">
         <name>xQueueCreateMutex</name>
         <value>0x20007cdb</value>
         <object_component_ref idref="oc-3ca"/>
      </symbol>
      <symbol id="sm-110b">
         <name>vQueueSetQueueNumber</name>
         <value>0x20008343</value>
         <object_component_ref idref="oc-3ca"/>
      </symbol>
      <symbol id="sm-110c">
         <name>xQueueGenericSend</name>
         <value>0x20007d79</value>
         <object_component_ref idref="oc-3ca"/>
      </symbol>
      <symbol id="sm-110d">
         <name>xQueueGenericReset</name>
         <value>0x20007bd5</value>
         <object_component_ref idref="oc-3ca"/>
      </symbol>
      <symbol id="sm-110e">
         <name>xQueueReceiveFromISR</name>
         <value>0x2000820d</value>
         <object_component_ref idref="oc-3ca"/>
      </symbol>
      <symbol id="sm-110f">
         <name>uxQueueSpacesAvailable</name>
         <value>0x200082df</value>
         <object_component_ref idref="oc-3ca"/>
      </symbol>
      <symbol id="sm-1110">
         <name>xQueueRegistry</name>
         <value>0x2001fa8c</value>
         <object_component_ref idref="oc-5a0"/>
      </symbol>
      <symbol id="sm-1111">
         <name>vQueueUnregisterQueue</name>
         <value>0x200085b1</value>
         <object_component_ref idref="oc-3ca"/>
      </symbol>
      <symbol id="sm-1112">
         <name>xQueueAltGenericReceive</name>
         <value>0x20007f31</value>
         <object_component_ref idref="oc-3ca"/>
      </symbol>
      <symbol id="sm-1113">
         <name>uxQueueMessagesWaitingFromISR</name>
         <value>0x200082ff</value>
         <object_component_ref idref="oc-3ca"/>
      </symbol>
      <symbol id="sm-1114">
         <name>uxQueueGetQueueNumber</name>
         <value>0x20008335</value>
         <object_component_ref idref="oc-3ca"/>
      </symbol>
      <symbol id="sm-1115">
         <name>xQueueGenericReceive</name>
         <value>0x200080cb</value>
         <object_component_ref idref="oc-3ca"/>
      </symbol>
      <symbol id="sm-1116">
         <name>xQueueCreateCountingSemaphore</name>
         <value>0x20007d59</value>
         <object_component_ref idref="oc-3ca"/>
      </symbol>
      <symbol id="sm-1117">
         <name>vQueueDelete</name>
         <value>0x20008311</value>
         <object_component_ref idref="oc-3ca"/>
      </symbol>
      <symbol id="sm-1118">
         <name>xQueueAddToSet</name>
         <value>0x200085ff</value>
         <object_component_ref idref="oc-3ca"/>
      </symbol>
      <symbol id="sm-1119">
         <name>xQueueAltGenericSend</name>
         <value>0x20007e85</value>
         <object_component_ref idref="oc-3ca"/>
      </symbol>
      <symbol id="sm-111a">
         <name>xQueueCreateSet</name>
         <value>0x200085eb</value>
         <object_component_ref idref="oc-3ca"/>
      </symbol>
      <symbol id="sm-111b">
         <name>xQueueRemoveFromSet</name>
         <value>0x20008633</value>
         <object_component_ref idref="oc-3ca"/>
      </symbol>
      <symbol id="sm-111c">
         <name>ucQueueGetQueueType</name>
         <value>0x20008355</value>
         <object_component_ref idref="oc-3ca"/>
      </symbol>
      <symbol id="sm-128c">
         <name>vTaskDelay</name>
         <value>0x20005cf7</value>
         <object_component_ref idref="oc-7a"/>
      </symbol>
      <symbol id="sm-128d">
         <name>vTaskSuspendAll</name>
         <value>0x2000615b</value>
         <object_component_ref idref="oc-7a"/>
      </symbol>
      <symbol id="sm-128e">
         <name>vTaskPriorityInherit</name>
         <value>0x20006b99</value>
         <object_component_ref idref="oc-7a"/>
      </symbol>
      <symbol id="sm-128f">
         <name>vTaskPlaceOnEventList</name>
         <value>0x2000650d</value>
         <object_component_ref idref="oc-7a"/>
      </symbol>
      <symbol id="sm-1290">
         <name>vTaskSetTaskNumber</name>
         <value>0x200067a5</value>
         <object_component_ref idref="oc-7a"/>
      </symbol>
      <symbol id="sm-1291">
         <name>xTaskCheckForTimeOut</name>
         <value>0x200066fd</value>
         <object_component_ref idref="oc-7a"/>
      </symbol>
      <symbol id="sm-1292">
         <name>xTaskRemoveFromUnorderedEventList</name>
         <value>0x20006669</value>
         <object_component_ref idref="oc-7a"/>
      </symbol>
      <symbol id="sm-1293">
         <name>vTaskPrioritySet</name>
         <value>0x20005e19</value>
         <object_component_ref idref="oc-7a"/>
      </symbol>
      <symbol id="sm-1294">
         <name>vTaskStartScheduler</name>
         <value>0x200060ff</value>
         <object_component_ref idref="oc-7a"/>
      </symbol>
      <symbol id="sm-1295">
         <name>pcTaskGetTaskName</name>
         <value>0x20006271</value>
         <object_component_ref idref="oc-7a"/>
      </symbol>
      <symbol id="sm-1296">
         <name>vTaskPriorityDisinherit</name>
         <value>0x20006c53</value>
         <object_component_ref idref="oc-7a"/>
      </symbol>
      <symbol id="sm-1297">
         <name>vTaskDelayUntil</name>
         <value>0x20005c5b</value>
         <object_component_ref idref="oc-7a"/>
      </symbol>
      <symbol id="sm-1298">
         <name>uxTaskGetTaskNumber</name>
         <value>0x20006785</value>
         <object_component_ref idref="oc-7a"/>
      </symbol>
      <symbol id="sm-1299">
         <name>vTaskEndScheduler</name>
         <value>0x20006149</value>
         <object_component_ref idref="oc-7a"/>
      </symbol>
      <symbol id="sm-129a">
         <name>vTaskMissedYield</name>
         <value>0x20006777</value>
         <object_component_ref idref="oc-7a"/>
      </symbol>
      <symbol id="sm-129b">
         <name>uxTaskGetNumberOfTasks</name>
         <value>0x20006265</value>
         <object_component_ref idref="oc-7a"/>
      </symbol>
      <symbol id="sm-129c">
         <name>uxTaskPriorityGet</name>
         <value>0x20005de1</value>
         <object_component_ref idref="oc-7a"/>
      </symbol>
      <symbol id="sm-129d">
         <name>xTaskResumeAll</name>
         <value>0x2000616d</value>
         <object_component_ref idref="oc-7a"/>
      </symbol>
      <symbol id="sm-129e">
         <name>xTaskGetTickCount</name>
         <value>0x20006239</value>
         <object_component_ref idref="oc-7a"/>
      </symbol>
      <symbol id="sm-129f">
         <name>xTaskGenericCreate</name>
         <value>0x20005abd</value>
         <object_component_ref idref="oc-7a"/>
      </symbol>
      <symbol id="sm-12a0">
         <name>uxTaskGetSystemState</name>
         <value>0x20006295</value>
         <object_component_ref idref="oc-7a"/>
      </symbol>
      <symbol id="sm-12a1">
         <name>vTaskDelete</name>
         <value>0x20005bcb</value>
         <object_component_ref idref="oc-7a"/>
      </symbol>
      <symbol id="sm-12a2">
         <name>pxCurrentTCB</name>
         <value>0x2001fd90</value>
         <object_component_ref idref="oc-80"/>
      </symbol>
      <symbol id="sm-12a3">
         <name>eTaskGetState</name>
         <value>0x20005d4d</value>
         <object_component_ref idref="oc-7a"/>
      </symbol>
      <symbol id="sm-12a4">
         <name>vTaskSuspend</name>
         <value>0x20005f1d</value>
         <object_component_ref idref="oc-7a"/>
      </symbol>
      <symbol id="sm-12a5">
         <name>xTaskGetIdleTaskHandle</name>
         <value>0x20006353</value>
         <object_component_ref idref="oc-7a"/>
      </symbol>
      <symbol id="sm-12a6">
         <name>xTaskGetTickCountFromISR</name>
         <value>0x2000624d</value>
         <object_component_ref idref="oc-7a"/>
      </symbol>
      <symbol id="sm-12a7">
         <name>vTaskResume</name>
         <value>0x20006011</value>
         <object_component_ref idref="oc-7a"/>
      </symbol>
      <symbol id="sm-12a8">
         <name>vTaskSetTimeOutState</name>
         <value>0x200066d7</value>
         <object_component_ref idref="oc-7a"/>
      </symbol>
      <symbol id="sm-12a9">
         <name>xTaskIncrementTick</name>
         <value>0x20006371</value>
         <object_component_ref idref="oc-7a"/>
      </symbol>
      <symbol id="sm-12aa">
         <name>vTaskSwitchContext</name>
         <value>0x2000648d</value>
         <object_component_ref idref="oc-7a"/>
      </symbol>
      <symbol id="sm-12ab">
         <name>uxTaskResetEventItemValue</name>
         <value>0x20006cdd</value>
         <object_component_ref idref="oc-7a"/>
      </symbol>
      <symbol id="sm-12ac">
         <name>xTaskGetSchedulerState</name>
         <value>0x20006b61</value>
         <object_component_ref idref="oc-7a"/>
      </symbol>
      <symbol id="sm-12ad">
         <name>xTaskResumeFromISR</name>
         <value>0x20006085</value>
         <object_component_ref idref="oc-7a"/>
      </symbol>
      <symbol id="sm-12ae">
         <name>xTaskGetCurrentTaskHandle</name>
         <value>0x20006b4d</value>
         <object_component_ref idref="oc-7a"/>
      </symbol>
      <symbol id="sm-12af">
         <name>vTaskPlaceOnUnorderedEventList</name>
         <value>0x20006571</value>
         <object_component_ref idref="oc-7a"/>
      </symbol>
      <symbol id="sm-12b0">
         <name>xTaskRemoveFromEventList</name>
         <value>0x200065e1</value>
         <object_component_ref idref="oc-7a"/>
      </symbol>
      <symbol id="sm-12c0">
         <name>pvPortMalloc</name>
         <value>0x2000d07d</value>
         <object_component_ref idref="oc-e8"/>
      </symbol>
      <symbol id="sm-12c1">
         <name>vPortFree</name>
         <value>0x2000d09d</value>
         <object_component_ref idref="oc-e8"/>
      </symbol>
      <symbol id="sm-12d7">
         <name>uxListRemove</name>
         <value>0x2000a807</value>
         <object_component_ref idref="oc-d2"/>
      </symbol>
      <symbol id="sm-12d8">
         <name>vListInsert</name>
         <value>0x2000a7a1</value>
         <object_component_ref idref="oc-d2"/>
      </symbol>
      <symbol id="sm-12d9">
         <name>vListInitialiseItem</name>
         <value>0x2000a755</value>
         <object_component_ref idref="oc-d2"/>
      </symbol>
      <symbol id="sm-12da">
         <name>vListInsertEnd</name>
         <value>0x2000a765</value>
         <object_component_ref idref="oc-d2"/>
      </symbol>
      <symbol id="sm-12db">
         <name>vListInitialise</name>
         <value>0x2000a725</value>
         <object_component_ref idref="oc-d2"/>
      </symbol>
      <symbol id="sm-12dd">
         <name>__TI_static_base__</name>
         <value>0x2000e000</value>
      </symbol>
      <symbol id="sm-12de">
         <name>__TI_args_main</name>
         <value>0x1</value>
      </symbol>
      <symbol id="sm-12df">
         <name>SHT$$INIT_ARRAY$$Limit</name>
         <value>0x0</value>
      </symbol>
      <symbol id="sm-12e0">
         <name>SHT$$INIT_ARRAY$$Base</name>
         <value>0x0</value>
      </symbol>
   </symbol_table>
   <title>Link successful</title>
</link_info>
