<?xml version="1.0"?>
<link_info>
   <banner>TI ARM Linker PC v5.1.6</banner>
   <copyright>Copyright (c) 1996-2014 Texas Instruments Incorporated</copyright>
   <link_time>0x559ca7f8</link_time>
   <link_errors>0x0</link_errors>
   <output_file>httpserver_intergration.out</output_file>
   <entry_point>
      <name>_c_int00</name>
      <address>0x2000d5a9</address>
   </entry_point>
   <input_file_list>
      <input_file id="fl-2">
         <path>.\</path>
         <kind>object</kind>
         <file>gpio_if.obj</file>
         <name>gpio_if.obj</name>
      </input_file>
      <input_file id="fl-3">
         <path>.\</path>
         <kind>object</kind>
         <file>main.obj</file>
         <name>main.obj</name>
      </input_file>
      <input_file id="fl-4">
         <path>.\</path>
         <kind>object</kind>
         <file>pinmux.obj</file>
         <name>pinmux.obj</name>
      </input_file>
      <input_file id="fl-5">
         <path>.\</path>
         <kind>object</kind>
         <file>smartconfig.obj</file>
         <name>smartconfig.obj</name>
      </input_file>
      <input_file id="fl-6">
         <path>.\</path>
         <kind>object</kind>
         <file>startup_ccs.obj</file>
         <name>startup_ccs.obj</name>
      </input_file>
      <input_file id="fl-7">
         <path>.\</path>
         <kind>object</kind>
         <file>uart_if.obj</file>
         <name>uart_if.obj</name>
      </input_file>
      <input_file id="fl-137">
         <path>c:\ti\ccsv6\tools\compiler\arm_5.1.6\lib\</path>
         <kind>archive</kind>
         <file>rtsv7M4_T_le_eabi.lib</file>
         <name>boot.obj</name>
      </input_file>
      <input_file id="fl-138">
         <path>c:\ti\ccsv6\tools\compiler\arm_5.1.6\lib\</path>
         <kind>archive</kind>
         <file>rtsv7M4_T_le_eabi.lib</file>
         <name>copy_decompress_none.obj</name>
      </input_file>
      <input_file id="fl-139">
         <path>c:\ti\ccsv6\tools\compiler\arm_5.1.6\lib\</path>
         <kind>archive</kind>
         <file>rtsv7M4_T_le_eabi.lib</file>
         <name>copy_decompress_rle.obj</name>
      </input_file>
      <input_file id="fl-13a">
         <path>c:\ti\ccsv6\tools\compiler\arm_5.1.6\lib\</path>
         <kind>archive</kind>
         <file>rtsv7M4_T_le_eabi.lib</file>
         <name>copy_zero_init.obj</name>
      </input_file>
      <input_file id="fl-13b">
         <path>c:\ti\ccsv6\tools\compiler\arm_5.1.6\lib\</path>
         <kind>archive</kind>
         <file>rtsv7M4_T_le_eabi.lib</file>
         <name>exit.obj</name>
      </input_file>
      <input_file id="fl-13c">
         <path>c:\ti\ccsv6\tools\compiler\arm_5.1.6\lib\</path>
         <kind>archive</kind>
         <file>rtsv7M4_T_le_eabi.lib</file>
         <name>memcpy_t2.obj</name>
      </input_file>
      <input_file id="fl-13d">
         <path>c:\ti\ccsv6\tools\compiler\arm_5.1.6\lib\</path>
         <kind>archive</kind>
         <file>rtsv7M4_T_le_eabi.lib</file>
         <name>memmov.obj</name>
      </input_file>
      <input_file id="fl-13e">
         <path>c:\ti\ccsv6\tools\compiler\arm_5.1.6\lib\</path>
         <kind>archive</kind>
         <file>rtsv7M4_T_le_eabi.lib</file>
         <name>memory.obj</name>
      </input_file>
      <input_file id="fl-13f">
         <path>c:\ti\ccsv6\tools\compiler\arm_5.1.6\lib\</path>
         <kind>archive</kind>
         <file>rtsv7M4_T_le_eabi.lib</file>
         <name>memset_t2.obj</name>
      </input_file>
      <input_file id="fl-140">
         <path>c:\ti\ccsv6\tools\compiler\arm_5.1.6\lib\</path>
         <kind>archive</kind>
         <file>rtsv7M4_T_le_eabi.lib</file>
         <name>qsort.obj</name>
      </input_file>
      <input_file id="fl-141">
         <path>c:\ti\ccsv6\tools\compiler\arm_5.1.6\lib\</path>
         <kind>archive</kind>
         <file>rtsv7M4_T_le_eabi.lib</file>
         <name>sprintf.obj</name>
      </input_file>
      <input_file id="fl-142">
         <path>c:\ti\ccsv6\tools\compiler\arm_5.1.6\lib\</path>
         <kind>archive</kind>
         <file>rtsv7M4_T_le_eabi.lib</file>
         <name>stkdepth_vars.obj</name>
      </input_file>
      <input_file id="fl-143">
         <path>c:\ti\ccsv6\tools\compiler\arm_5.1.6\lib\</path>
         <kind>archive</kind>
         <file>rtsv7M4_T_le_eabi.lib</file>
         <name>strcat.obj</name>
      </input_file>
      <input_file id="fl-144">
         <path>c:\ti\ccsv6\tools\compiler\arm_5.1.6\lib\</path>
         <kind>archive</kind>
         <file>rtsv7M4_T_le_eabi.lib</file>
         <name>strcpy.obj</name>
      </input_file>
      <input_file id="fl-145">
         <path>c:\ti\ccsv6\tools\compiler\arm_5.1.6\lib\</path>
         <kind>archive</kind>
         <file>rtsv7M4_T_le_eabi.lib</file>
         <name>strlen.obj</name>
      </input_file>
      <input_file id="fl-146">
         <path>c:\ti\ccsv6\tools\compiler\arm_5.1.6\lib\</path>
         <kind>archive</kind>
         <file>rtsv7M4_T_le_eabi.lib</file>
         <name>strncmp.obj</name>
      </input_file>
      <input_file id="fl-147">
         <path>c:\ti\ccsv6\tools\compiler\arm_5.1.6\lib\</path>
         <kind>archive</kind>
         <file>rtsv7M4_T_le_eabi.lib</file>
         <name>strncpy.obj</name>
      </input_file>
      <input_file id="fl-148">
         <path>c:\ti\ccsv6\tools\compiler\arm_5.1.6\lib\</path>
         <kind>archive</kind>
         <file>rtsv7M4_T_le_eabi.lib</file>
         <name>vsnprintf.obj</name>
      </input_file>
      <input_file id="fl-149">
         <path>c:\ti\ccsv6\tools\compiler\arm_5.1.6\lib\</path>
         <kind>archive</kind>
         <file>rtsv7M4_T_le_eabi.lib</file>
         <name>_lock.obj</name>
      </input_file>
      <input_file id="fl-14a">
         <path>c:\ti\ccsv6\tools\compiler\arm_5.1.6\lib\</path>
         <kind>archive</kind>
         <file>rtsv7M4_T_le_eabi.lib</file>
         <name>_printfi.obj</name>
      </input_file>
      <input_file id="fl-14b">
         <path>c:\ti\ccsv6\tools\compiler\arm_5.1.6\lib\</path>
         <kind>archive</kind>
         <file>rtsv7M4_T_le_eabi.lib</file>
         <name>args_main.obj</name>
      </input_file>
      <input_file id="fl-14c">
         <path>c:\ti\ccsv6\tools\compiler\arm_5.1.6\lib\</path>
         <kind>archive</kind>
         <file>rtsv7M4_T_le_eabi.lib</file>
         <name>atoi.obj</name>
      </input_file>
      <input_file id="fl-14d">
         <path>c:\ti\ccsv6\tools\compiler\arm_5.1.6\lib\</path>
         <kind>archive</kind>
         <file>rtsv7M4_T_le_eabi.lib</file>
         <name>auto_init.obj</name>
      </input_file>
      <input_file id="fl-14e">
         <path>c:\ti\ccsv6\tools\compiler\arm_5.1.6\lib\</path>
         <kind>archive</kind>
         <file>rtsv7M4_T_le_eabi.lib</file>
         <name>cpy_tbl.obj</name>
      </input_file>
      <input_file id="fl-14f">
         <path>c:\ti\ccsv6\tools\compiler\arm_5.1.6\lib\</path>
         <kind>archive</kind>
         <file>rtsv7M4_T_le_eabi.lib</file>
         <name>ctype.obj</name>
      </input_file>
      <input_file id="fl-150">
         <path>c:\ti\ccsv6\tools\compiler\arm_5.1.6\lib\</path>
         <kind>archive</kind>
         <file>rtsv7M4_T_le_eabi.lib</file>
         <name>fd_add_t2.obj</name>
      </input_file>
      <input_file id="fl-151">
         <path>c:\ti\ccsv6\tools\compiler\arm_5.1.6\lib\</path>
         <kind>archive</kind>
         <file>rtsv7M4_T_le_eabi.lib</file>
         <name>fd_cmp_t2.obj</name>
      </input_file>
      <input_file id="fl-152">
         <path>c:\ti\ccsv6\tools\compiler\arm_5.1.6\lib\</path>
         <kind>archive</kind>
         <file>rtsv7M4_T_le_eabi.lib</file>
         <name>fd_div_t2.obj</name>
      </input_file>
      <input_file id="fl-153">
         <path>c:\ti\ccsv6\tools\compiler\arm_5.1.6\lib\</path>
         <kind>archive</kind>
         <file>rtsv7M4_T_le_eabi.lib</file>
         <name>fd_mul_t2.obj</name>
      </input_file>
      <input_file id="fl-154">
         <path>c:\ti\ccsv6\tools\compiler\arm_5.1.6\lib\</path>
         <kind>archive</kind>
         <file>rtsv7M4_T_le_eabi.lib</file>
         <name>fd_toi_t2.obj</name>
      </input_file>
      <input_file id="fl-155">
         <path>c:\ti\ccsv6\tools\compiler\arm_5.1.6\lib\</path>
         <kind>archive</kind>
         <file>rtsv7M4_T_le_eabi.lib</file>
         <name>i_tofd_t2.obj</name>
      </input_file>
      <input_file id="fl-156">
         <path>c:\ti\ccsv6\tools\compiler\arm_5.1.6\lib\</path>
         <kind>archive</kind>
         <file>rtsv7M4_T_le_eabi.lib</file>
         <name>ll_mul_t2.obj</name>
      </input_file>
      <input_file id="fl-157">
         <path>c:\ti\ccsv6\tools\compiler\arm_5.1.6\lib\</path>
         <kind>archive</kind>
         <file>rtsv7M4_T_le_eabi.lib</file>
         <name>ltoa.obj</name>
      </input_file>
      <input_file id="fl-158">
         <path>c:\ti\ccsv6\tools\compiler\arm_5.1.6\lib\</path>
         <kind>archive</kind>
         <file>rtsv7M4_T_le_eabi.lib</file>
         <name>memccpy.obj</name>
      </input_file>
      <input_file id="fl-159">
         <path>c:\ti\ccsv6\tools\compiler\arm_5.1.6\lib\</path>
         <kind>archive</kind>
         <file>rtsv7M4_T_le_eabi.lib</file>
         <name>ull_div_t2.obj</name>
      </input_file>
      <input_file id="fl-15a">
         <path>c:\ti\ccsv6\tools\compiler\arm_5.1.6\lib\</path>
         <kind>archive</kind>
         <file>rtsv7M4_T_le_eabi.lib</file>
         <name>xdclass.obj</name>
      </input_file>
      <input_file id="fl-15b">
         <path>c:\ti\ccsv6\tools\compiler\arm_5.1.6\lib\</path>
         <kind>archive</kind>
         <file>rtsv7M4_T_le_eabi.lib</file>
         <name>xdtest.obj</name>
      </input_file>
      <input_file id="fl-15c">
         <path>C:\ti\CC3200SDK_1.0.0\cc3200-sdk\simplelink\ccs\OS\</path>
         <kind>archive</kind>
         <file>simplelink.a</file>
         <name>device.obj</name>
      </input_file>
      <input_file id="fl-15d">
         <path>C:\ti\CC3200SDK_1.0.0\cc3200-sdk\simplelink\ccs\OS\</path>
         <kind>archive</kind>
         <file>simplelink.a</file>
         <name>driver.obj</name>
      </input_file>
      <input_file id="fl-15e">
         <path>C:\ti\CC3200SDK_1.0.0\cc3200-sdk\simplelink\ccs\OS\</path>
         <kind>archive</kind>
         <file>simplelink.a</file>
         <name>flowcont.obj</name>
      </input_file>
      <input_file id="fl-15f">
         <path>C:\ti\CC3200SDK_1.0.0\cc3200-sdk\simplelink\ccs\OS\</path>
         <kind>archive</kind>
         <file>simplelink.a</file>
         <name>netapp.obj</name>
      </input_file>
      <input_file id="fl-160">
         <path>C:\ti\CC3200SDK_1.0.0\cc3200-sdk\simplelink\ccs\OS\</path>
         <kind>archive</kind>
         <file>simplelink.a</file>
         <name>netcfg.obj</name>
      </input_file>
      <input_file id="fl-161">
         <path>C:\ti\CC3200SDK_1.0.0\cc3200-sdk\simplelink\ccs\OS\</path>
         <kind>archive</kind>
         <file>simplelink.a</file>
         <name>socket.obj</name>
      </input_file>
      <input_file id="fl-162">
         <path>C:\ti\CC3200SDK_1.0.0\cc3200-sdk\simplelink\ccs\OS\</path>
         <kind>archive</kind>
         <file>simplelink.a</file>
         <name>wlan.obj</name>
      </input_file>
      <input_file id="fl-163">
         <path>C:\ti\CC3200SDK_1.0.0\cc3200-sdk\simplelink\ccs\OS\</path>
         <kind>archive</kind>
         <file>simplelink.a</file>
         <name>cc_pal.obj</name>
      </input_file>
      <input_file id="fl-164">
         <path>C:\ti\CC3200SDK_1.0.0\cc3200-sdk\driverlib\ccs\Release\</path>
         <kind>archive</kind>
         <file>driverlib.a</file>
         <name>gpio.obj</name>
      </input_file>
      <input_file id="fl-165">
         <path>C:\ti\CC3200SDK_1.0.0\cc3200-sdk\driverlib\ccs\Release\</path>
         <kind>archive</kind>
         <file>driverlib.a</file>
         <name>interrupt.obj</name>
      </input_file>
      <input_file id="fl-166">
         <path>C:\ti\CC3200SDK_1.0.0\cc3200-sdk\driverlib\ccs\Release\</path>
         <kind>archive</kind>
         <file>driverlib.a</file>
         <name>pin.obj</name>
      </input_file>
      <input_file id="fl-167">
         <path>C:\ti\CC3200SDK_1.0.0\cc3200-sdk\driverlib\ccs\Release\</path>
         <kind>archive</kind>
         <file>driverlib.a</file>
         <name>prcm.obj</name>
      </input_file>
      <input_file id="fl-168">
         <path>C:\ti\CC3200SDK_1.0.0\cc3200-sdk\driverlib\ccs\Release\</path>
         <kind>archive</kind>
         <file>driverlib.a</file>
         <name>spi.obj</name>
      </input_file>
      <input_file id="fl-169">
         <path>C:\ti\CC3200SDK_1.0.0\cc3200-sdk\driverlib\ccs\Release\</path>
         <kind>archive</kind>
         <file>driverlib.a</file>
         <name>uart.obj</name>
      </input_file>
      <input_file id="fl-16a">
         <path>C:\ti\CC3200SDK_1.0.0\cc3200-sdk\driverlib\ccs\Release\</path>
         <kind>archive</kind>
         <file>driverlib.a</file>
         <name>udma.obj</name>
      </input_file>
      <input_file id="fl-16b">
         <path>C:\ti\CC3200SDK_1.0.0\cc3200-sdk\driverlib\ccs\Release\</path>
         <kind>archive</kind>
         <file>driverlib.a</file>
         <name>utils.obj</name>
      </input_file>
      <input_file id="fl-16c">
         <path>C:\ti\CC3200SDK_1.0.0\cc3200-sdk\driverlib\ccs\Release\</path>
         <kind>archive</kind>
         <file>driverlib.a</file>
         <name>cpu.obj</name>
      </input_file>
      <input_file id="fl-16d">
         <path>C:\ti\CC3200SDK_1.0.0\cc3200-sdk\driverlib\ccs\Release\</path>
         <kind>archive</kind>
         <file>driverlib.a</file>
         <name>flash.obj</name>
      </input_file>
      <input_file id="fl-16e">
         <path>C:\ti\CC3200SDK_1.0.0\cc3200-sdk\oslib\ccs\free_rtos\</path>
         <kind>archive</kind>
         <file>free_rtos.a</file>
         <name>osi_freertos.obj</name>
      </input_file>
      <input_file id="fl-16f">
         <path>C:\ti\CC3200SDK_1.0.0\cc3200-sdk\oslib\ccs\free_rtos\</path>
         <kind>archive</kind>
         <file>free_rtos.a</file>
         <name>port.obj</name>
      </input_file>
      <input_file id="fl-170">
         <path>C:\ti\CC3200SDK_1.0.0\cc3200-sdk\oslib\ccs\free_rtos\</path>
         <kind>archive</kind>
         <file>free_rtos.a</file>
         <name>portasm.obj</name>
      </input_file>
      <input_file id="fl-171">
         <path>C:\ti\CC3200SDK_1.0.0\cc3200-sdk\oslib\ccs\free_rtos\</path>
         <kind>archive</kind>
         <file>free_rtos.a</file>
         <name>queue.obj</name>
      </input_file>
      <input_file id="fl-172">
         <path>C:\ti\CC3200SDK_1.0.0\cc3200-sdk\oslib\ccs\free_rtos\</path>
         <kind>archive</kind>
         <file>free_rtos.a</file>
         <name>tasks.obj</name>
      </input_file>
      <input_file id="fl-173">
         <path>C:\ti\CC3200SDK_1.0.0\cc3200-sdk\oslib\ccs\free_rtos\</path>
         <kind>archive</kind>
         <file>free_rtos.a</file>
         <name>heap_3.obj</name>
      </input_file>
      <input_file id="fl-174">
         <path>C:\ti\CC3200SDK_1.0.0\cc3200-sdk\oslib\ccs\free_rtos\</path>
         <kind>archive</kind>
         <file>free_rtos.a</file>
         <name>list.obj</name>
      </input_file>
      <input_file id="fl-175">
         <path>c:\ti\ccsv6\tools\compiler\arm_5.1.6\lib\</path>
         <kind>archive</kind>
         <file>rtsv7M4_T_le_eabi.lib</file>
         <name>ll_lsr_t2.obj</name>
      </input_file>
   </input_file_list>
   <object_component_list>
      <object_component id="oc-e">
         <name>.intvecs</name>
         <load_address>0x20004000</load_address>
         <run_address>0x20004000</run_address>
         <size>0x400</size>
         <input_file_ref idref="fl-6"/>
      </object_component>
      <object_component id="oc-a1">
         <name>.text</name>
         <load_address>0x20004400</load_address>
         <run_address>0x20004400</run_address>
         <size>0x1888</size>
         <input_file_ref idref="fl-3"/>
      </object_component>
      <object_component id="oc-7a">
         <name>.text</name>
         <load_address>0x20005c88</load_address>
         <run_address>0x20005c88</run_address>
         <size>0x1258</size>
         <input_file_ref idref="fl-172"/>
      </object_component>
      <object_component id="oc-3c0">
         <name>.text</name>
         <load_address>0x20006ee0</load_address>
         <run_address>0x20006ee0</run_address>
         <size>0xec0</size>
         <input_file_ref idref="fl-14a"/>
      </object_component>
      <object_component id="oc-3e2">
         <name>.text</name>
         <load_address>0x20007da0</load_address>
         <run_address>0x20007da0</run_address>
         <size>0xb24</size>
         <input_file_ref idref="fl-171"/>
      </object_component>
      <object_component id="oc-1ec">
         <name>.text</name>
         <load_address>0x200088c4</load_address>
         <run_address>0x200088c4</run_address>
         <size>0x45c</size>
         <input_file_ref idref="fl-16e"/>
      </object_component>
      <object_component id="oc-25b">
         <name>.text</name>
         <load_address>0x20008d20</load_address>
         <run_address>0x20008d20</run_address>
         <size>0x3cc</size>
         <input_file_ref idref="fl-13e"/>
      </object_component>
      <object_component id="oc-601">
         <name>.text:_SlDrvMsgRead</name>
         <load_address>0x200090ec</load_address>
         <run_address>0x200090ec</run_address>
         <size>0x3a6</size>
         <input_file_ref idref="fl-15d"/>
      </object_component>
      <object_component id="oc-5ad">
         <name>.text:IntDefaultHandler</name>
         <load_address>0x20009492</load_address>
         <run_address>0x20009492</run_address>
         <size>0x2</size>
         <input_file_ref idref="fl-165"/>
      </object_component>
      <object_component id="oc-143">
         <name>.text</name>
         <load_address>0x20009494</load_address>
         <run_address>0x20009494</run_address>
         <size>0x354</size>
         <input_file_ref idref="fl-2"/>
      </object_component>
      <object_component id="oc-607">
         <name>.text:_SlAsyncEventGenericHandler</name>
         <load_address>0x200097e8</load_address>
         <run_address>0x200097e8</run_address>
         <size>0x34c</size>
         <input_file_ref idref="fl-15d"/>
      </object_component>
      <object_component id="oc-113">
         <name>.text</name>
         <load_address>0x20009b34</load_address>
         <run_address>0x20009b34</run_address>
         <size>0x2e0</size>
         <input_file_ref idref="fl-7"/>
      </object_component>
      <object_component id="oc-551">
         <name>.text</name>
         <load_address>0x20009e14</load_address>
         <run_address>0x20009e14</run_address>
         <size>0x1f4</size>
         <input_file_ref idref="fl-159"/>
      </object_component>
      <object_component id="oc-57f">
         <name>.text</name>
         <load_address>0x2000a008</load_address>
         <run_address>0x2000a008</run_address>
         <size>0x1b6</size>
         <input_file_ref idref="fl-150"/>
      </object_component>
      <object_component id="oc-1bc">
         <name>.text:sl_WlanConnect</name>
         <load_address>0x2000a1c0</load_address>
         <run_address>0x2000a1c0</run_address>
         <size>0x19c</size>
         <input_file_ref idref="fl-162"/>
      </object_component>
      <object_component id="oc-3a1">
         <name>.text:_SlDrvDataReadOp</name>
         <load_address>0x2000a35c</load_address>
         <run_address>0x2000a35c</run_address>
         <size>0x164</size>
         <input_file_ref idref="fl-15d"/>
      </object_component>
      <object_component id="oc-68c">
         <name>.text:_SlDrvRxHdrRead</name>
         <load_address>0x2000a4c0</load_address>
         <run_address>0x2000a4c0</run_address>
         <size>0x140</size>
         <input_file_ref idref="fl-15d"/>
      </object_component>
      <object_component id="oc-565">
         <name>.text</name>
         <load_address>0x2000a600</load_address>
         <run_address>0x2000a600</run_address>
         <size>0x136</size>
         <input_file_ref idref="fl-152"/>
      </object_component>
      <object_component id="oc-207">
         <name>.text:PRCMCC3200MCUInit</name>
         <load_address>0x2000a738</load_address>
         <run_address>0x2000a738</run_address>
         <size>0x134</size>
         <input_file_ref idref="fl-167"/>
      </object_component>
      <object_component id="oc-2d2">
         <name>.text:spi_Open</name>
         <load_address>0x2000a86c</load_address>
         <run_address>0x2000a86c</run_address>
         <size>0x130</size>
         <input_file_ref idref="fl-163"/>
      </object_component>
      <object_component id="oc-38f">
         <name>.text:_SlDrvDataWriteOp</name>
         <load_address>0x2000a99c</load_address>
         <run_address>0x2000a99c</run_address>
         <size>0x12c</size>
         <input_file_ref idref="fl-15d"/>
      </object_component>
      <object_component id="oc-d2">
         <name>.text</name>
         <load_address>0x2000aac8</load_address>
         <run_address>0x2000aac8</run_address>
         <size>0x12a</size>
         <input_file_ref idref="fl-174"/>
      </object_component>
      <object_component id="oc-4f9">
         <name>.text:_SlDrvMsgWrite</name>
         <load_address>0x2000abf4</load_address>
         <run_address>0x2000abf4</run_address>
         <size>0x114</size>
         <input_file_ref idref="fl-15d"/>
      </object_component>
      <object_component id="oc-37">
         <name>.text</name>
         <load_address>0x2000ad08</load_address>
         <run_address>0x2000ad08</run_address>
         <size>0x110</size>
         <input_file_ref idref="fl-16f"/>
      </object_component>
      <object_component id="oc-2d8">
         <name>.text:_SlDrvWaitForPoolObj</name>
         <load_address>0x2000ae18</load_address>
         <run_address>0x2000ae18</run_address>
         <size>0x10c</size>
         <input_file_ref idref="fl-15d"/>
      </object_component>
      <object_component id="oc-2f0">
         <name>.text:_SlDrvReleasePoolObj</name>
         <load_address>0x2000af24</load_address>
         <run_address>0x2000af24</run_address>
         <size>0x104</size>
         <input_file_ref idref="fl-15d"/>
      </object_component>
      <object_component id="oc-560">
         <name>.text</name>
         <load_address>0x2000b028</load_address>
         <run_address>0x2000b028</run_address>
         <size>0xfc</size>
         <input_file_ref idref="fl-153"/>
      </object_component>
      <object_component id="oc-6be">
         <name>.text:uDMAChannelTransferSet</name>
         <load_address>0x2000b124</load_address>
         <run_address>0x2000b124</run_address>
         <size>0xf0</size>
         <input_file_ref idref="fl-16a"/>
      </object_component>
      <object_component id="oc-1b0">
         <name>.text:sl_Connect</name>
         <load_address>0x2000b214</load_address>
         <run_address>0x2000b214</run_address>
         <size>0xe8</size>
         <input_file_ref idref="fl-161"/>
      </object_component>
      <object_component id="oc-611">
         <name>.text:spi_Write</name>
         <load_address>0x2000b2fc</load_address>
         <run_address>0x2000b2fc</run_address>
         <size>0xe8</size>
         <input_file_ref idref="fl-163"/>
      </object_component>
      <object_component id="oc-698">
         <name>.text:spi_Read</name>
         <load_address>0x2000b3e4</load_address>
         <run_address>0x2000b3e4</run_address>
         <size>0xcc</size>
         <input_file_ref idref="fl-163"/>
      </object_component>
      <object_component id="oc-14f">
         <name>.text:sl_Stop</name>
         <load_address>0x2000b4b0</load_address>
         <run_address>0x2000b4b0</run_address>
         <size>0xc4</size>
         <input_file_ref idref="fl-15c"/>
      </object_component>
      <object_component id="oc-1ca">
         <name>.text</name>
         <load_address>0x2000b574</load_address>
         <run_address>0x2000b574</run_address>
         <size>0xc0</size>
         <input_file_ref idref="fl-140"/>
      </object_component>
      <object_component id="oc-13d">
         <name>.text:sl_Start</name>
         <load_address>0x2000b634</load_address>
         <run_address>0x2000b634</run_address>
         <size>0xc0</size>
         <input_file_ref idref="fl-15c"/>
      </object_component>
      <object_component id="oc-32">
         <name>.text</name>
         <load_address>0x2000b6f4</load_address>
         <run_address>0x2000b6f4</run_address>
         <size>0xba</size>
         <input_file_ref idref="fl-170"/>
      </object_component>
      <object_component id="oc-4ff">
         <name>.text:_SlDrvMsgReadCmdCtx</name>
         <load_address>0x2000b7b0</load_address>
         <run_address>0x2000b7b0</run_address>
         <size>0xb4</size>
         <input_file_ref idref="fl-15d"/>
      </object_component>
      <object_component id="oc-6f6">
         <name>.text:_SlDrvNetAppEventHandler</name>
         <load_address>0x2000b864</load_address>
         <run_address>0x2000b864</run_address>
         <size>0xb2</size>
         <input_file_ref idref="fl-15f"/>
      </object_component>
      <object_component id="oc-18c">
         <name>.text:sl_Send</name>
         <load_address>0x2000b918</load_address>
         <run_address>0x2000b918</run_address>
         <size>0xb0</size>
         <input_file_ref idref="fl-161"/>
      </object_component>
      <object_component id="oc-3d6">
         <name>.text:IntDisable</name>
         <load_address>0x2000b9c8</load_address>
         <run_address>0x2000b9c8</run_address>
         <size>0xa8</size>
         <input_file_ref idref="fl-165"/>
      </object_component>
      <object_component id="oc-201">
         <name>.text:IntEnable</name>
         <load_address>0x2000ba70</load_address>
         <run_address>0x2000ba70</run_address>
         <size>0xa8</size>
         <input_file_ref idref="fl-165"/>
      </object_component>
      <object_component id="oc-477">
         <name>.text:SPIConfigSetExpClk</name>
         <load_address>0x2000bb18</load_address>
         <run_address>0x2000bb18</run_address>
         <size>0xa0</size>
         <input_file_ref idref="fl-168"/>
      </object_component>
      <object_component id="oc-55">
         <name>.text</name>
         <load_address>0x2000bbb8</load_address>
         <run_address>0x2000bbb8</run_address>
         <size>0x9c</size>
         <input_file_ref idref="fl-13c"/>
      </object_component>
      <object_component id="oc-69e">
         <name>.text:_SlFindAndSetActiveObj</name>
         <load_address>0x2000bc54</load_address>
         <run_address>0x2000bc54</run_address>
         <size>0x98</size>
         <input_file_ref idref="fl-15d"/>
      </object_component>
      <object_component id="oc-281">
         <name>.text:PRCMPeripheralClockGet</name>
         <load_address>0x2000bcec</load_address>
         <run_address>0x2000bcec</run_address>
         <size>0x94</size>
         <input_file_ref idref="fl-167"/>
      </object_component>
      <object_component id="oc-692">
         <name>.text:_SlDrvClassifyRxMsg</name>
         <load_address>0x2000bd80</load_address>
         <run_address>0x2000bd80</run_address>
         <size>0x94</size>
         <input_file_ref idref="fl-15d"/>
      </object_component>
      <object_component id="oc-40">
         <name>.text</name>
         <load_address>0x2000be14</load_address>
         <run_address>0x2000be14</run_address>
         <size>0x94</size>
         <input_file_ref idref="fl-14d"/>
      </object_component>
      <object_component id="oc-4df">
         <name>.text:_SlDrvMsgReadSpawnCtx</name>
         <load_address>0x2000bea8</load_address>
         <run_address>0x2000bea8</run_address>
         <size>0x90</size>
         <input_file_ref idref="fl-15d"/>
      </object_component>
      <object_component id="oc-5ce">
         <name>.text:PinConfigSet</name>
         <load_address>0x2000bf38</load_address>
         <run_address>0x2000bf38</run_address>
         <size>0x88</size>
         <input_file_ref idref="fl-166"/>
      </object_component>
      <object_component id="oc-293">
         <name>.text</name>
         <load_address>0x2000bfc0</load_address>
         <run_address>0x2000bfc0</run_address>
         <size>0x88</size>
         <input_file_ref idref="fl-148"/>
      </object_component>
      <object_component id="oc-37b">
         <name>.text:sl_NetAppMDNSRegisterUnregisterService</name>
         <load_address>0x2000c048</load_address>
         <run_address>0x2000c048</run_address>
         <size>0x88</size>
         <input_file_ref idref="fl-15f"/>
      </object_component>
      <object_component id="oc-55b">
         <name>.text:__aeabi_cdcmple</name>
         <load_address>0x2000c0d0</load_address>
         <run_address>0x2000c0d0</run_address>
         <size>0x86</size>
         <input_file_ref idref="fl-151"/>
      </object_component>
      <object_component id="oc-56a">
         <name>.text:__aeabi_cdrcmple</name>
         <load_address>0x2000c156</load_address>
         <run_address>0x2000c156</run_address>
         <size>0x86</size>
         <input_file_ref idref="fl-151"/>
      </object_component>
      <object_component id="oc-33a">
         <name>.text:_SlDrvCmdOp</name>
         <load_address>0x2000c1dc</load_address>
         <run_address>0x2000c1dc</run_address>
         <size>0x84</size>
         <input_file_ref idref="fl-15d"/>
      </object_component>
      <object_component id="oc-30d">
         <name>.text:GPIOIntTypeSet</name>
         <load_address>0x2000c260</load_address>
         <run_address>0x2000c260</run_address>
         <size>0x82</size>
         <input_file_ref idref="fl-164"/>
      </object_component>
      <object_component id="oc-2c6">
         <name>.text:NwpPowerOnPreamble</name>
         <load_address>0x2000c2e4</load_address>
         <run_address>0x2000c2e4</run_address>
         <size>0x80</size>
         <input_file_ref idref="fl-163"/>
      </object_component>
      <object_component id="oc-2cc">
         <name>.text:_SlDrvDriverCBInit</name>
         <load_address>0x2000c364</load_address>
         <run_address>0x2000c364</run_address>
         <size>0x7c</size>
         <input_file_ref idref="fl-15d"/>
      </object_component>
      <object_component id="oc-62f">
         <name>.text:_sl_HandleAsync_DnsGetHostByName</name>
         <load_address>0x2000c3e0</load_address>
         <run_address>0x2000c3e0</run_address>
         <size>0x7c</size>
         <input_file_ref idref="fl-15f"/>
      </object_component>
      <object_component id="oc-155">
         <name>.text:sl_DevGet</name>
         <load_address>0x2000c45c</load_address>
         <run_address>0x2000c45c</run_address>
         <size>0x7c</size>
         <input_file_ref idref="fl-15c"/>
      </object_component>
      <object_component id="oc-703">
         <name>.text:SetupDMAReceive</name>
         <load_address>0x2000c4d8</load_address>
         <run_address>0x2000c4d8</run_address>
         <size>0x78</size>
         <input_file_ref idref="fl-163"/>
      </object_component>
      <object_component id="oc-ee">
         <name>.text</name>
         <load_address>0x2000c550</load_address>
         <run_address>0x2000c550</run_address>
         <size>0x78</size>
         <input_file_ref idref="fl-13f"/>
      </object_component>
      <object_component id="oc-1d9">
         <name>.text:sl_NetCfgGet</name>
         <load_address>0x2000c5c8</load_address>
         <run_address>0x2000c5c8</run_address>
         <size>0x78</size>
         <input_file_ref idref="fl-160"/>
      </object_component>
      <object_component id="oc-287">
         <name>.text:UARTConfigSetExpClk</name>
         <load_address>0x2000c640</load_address>
         <run_address>0x2000c640</run_address>
         <size>0x76</size>
         <input_file_ref idref="fl-169"/>
      </object_component>
      <object_component id="oc-724">
         <name>.text:_sl_HandleAsync_InitComplete</name>
         <load_address>0x2000c6b8</load_address>
         <run_address>0x2000c6b8</run_address>
         <size>0x74</size>
         <input_file_ref idref="fl-15c"/>
      </object_component>
      <object_component id="oc-34b">
         <name>.text:spi_Close</name>
         <load_address>0x2000c72c</load_address>
         <run_address>0x2000c72c</run_address>
         <size>0x74</size>
         <input_file_ref idref="fl-163"/>
      </object_component>
      <object_component id="oc-63b">
         <name>.text:_sl_HandleAsync_PingResponse</name>
         <load_address>0x2000c7a0</load_address>
         <run_address>0x2000c7a0</run_address>
         <size>0x70</size>
         <input_file_ref idref="fl-15f"/>
      </object_component>
      <object_component id="oc-389">
         <name>.text:_sl_TruncatePayloadByProtocol</name>
         <load_address>0x2000c810</load_address>
         <run_address>0x2000c810</run_address>
         <size>0x6e</size>
         <input_file_ref idref="fl-161"/>
      </object_component>
      <object_component id="oc-623">
         <name>.text:_sl_HandleAsync_Connect</name>
         <load_address>0x2000c880</load_address>
         <run_address>0x2000c880</run_address>
         <size>0x68</size>
         <input_file_ref idref="fl-161"/>
      </object_component>
      <object_component id="oc-635">
         <name>.text:_sl_HandleAsync_DnsGetHostByService</name>
         <load_address>0x2000c8e8</load_address>
         <run_address>0x2000c8e8</run_address>
         <size>0x68</size>
         <input_file_ref idref="fl-15f"/>
      </object_component>
      <object_component id="oc-61d">
         <name>.text:_sl_HandleAsync_Accept</name>
         <load_address>0x2000c950</load_address>
         <run_address>0x2000c950</run_address>
         <size>0x64</size>
         <input_file_ref idref="fl-161"/>
      </object_component>
      <object_component id="oc-489">
         <name>.text:uDMAChannelAttributeDisable</name>
         <load_address>0x2000c9b4</load_address>
         <run_address>0x2000c9b4</run_address>
         <size>0x64</size>
         <input_file_ref idref="fl-16a"/>
      </object_component>
      <object_component id="oc-6b8">
         <name>.text:uDMAChannelAttributeEnable</name>
         <load_address>0x2000ca18</load_address>
         <run_address>0x2000ca18</run_address>
         <size>0x64</size>
         <input_file_ref idref="fl-16a"/>
      </object_component>
      <object_component id="oc-1df">
         <name>.text</name>
         <load_address>0x2000ca7c</load_address>
         <run_address>0x2000ca7c</run_address>
         <size>0x60</size>
         <input_file_ref idref="fl-141"/>
      </object_component>
      <object_component id="oc-68">
         <name>.text</name>
         <load_address>0x2000cadc</load_address>
         <run_address>0x2000cadc</run_address>
         <size>0x5e</size>
         <input_file_ref idref="fl-139"/>
      </object_component>
      <object_component id="oc-574">
         <name>.text</name>
         <load_address>0x2000cb3a</load_address>
         <run_address>0x2000cb3a</run_address>
         <size>0x5a</size>
         <input_file_ref idref="fl-157"/>
      </object_component>
      <object_component id="oc-4c2">
         <name>.text:IntPendClear</name>
         <load_address>0x2000cb94</load_address>
         <run_address>0x2000cb94</run_address>
         <size>0x58</size>
         <input_file_ref idref="fl-165"/>
      </object_component>
      <object_component id="oc-40c">
         <name>.text:PRCMPeripheralReset</name>
         <load_address>0x2000cbec</load_address>
         <run_address>0x2000cbec</run_address>
         <size>0x58</size>
         <input_file_ref idref="fl-167"/>
      </object_component>
      <object_component id="oc-351">
         <name>.text:_SlDrvDriverCBDeinit</name>
         <load_address>0x2000cc44</load_address>
         <run_address>0x2000cc44</run_address>
         <size>0x58</size>
         <input_file_ref idref="fl-15d"/>
      </object_component>
      <object_component id="oc-629">
         <name>.text:_sl_HandleAsync_Select</name>
         <load_address>0x2000cc9c</load_address>
         <run_address>0x2000cc9c</run_address>
         <size>0x58</size>
         <input_file_ref idref="fl-161"/>
      </object_component>
      <object_component id="oc-3d0">
         <name>.text:IntPrioritySet</name>
         <load_address>0x2000ccf4</load_address>
         <run_address>0x2000ccf4</run_address>
         <size>0x54</size>
         <input_file_ref idref="fl-165"/>
      </object_component>
      <object_component id="oc-641">
         <name>.text:_sl_HandleAsync_Stop</name>
         <load_address>0x2000cd48</load_address>
         <run_address>0x2000cd48</run_address>
         <size>0x54</size>
         <input_file_ref idref="fl-15c"/>
      </object_component>
      <object_component id="oc-71d">
         <name>.text:sl_NetAppSendTokenValue</name>
         <load_address>0x2000cd9c</load_address>
         <run_address>0x2000cd9c</run_address>
         <size>0x54</size>
         <input_file_ref idref="fl-15f"/>
      </object_component>
      <object_component id="oc-1c4">
         <name>.text:sl_WlanGetNetworkList</name>
         <load_address>0x2000cdf0</load_address>
         <run_address>0x2000cdf0</run_address>
         <size>0x50</size>
         <input_file_ref idref="fl-162"/>
      </object_component>
      <object_component id="oc-4a1">
         <name>.text:SPIIntEnable</name>
         <load_address>0x2000ce40</load_address>
         <run_address>0x2000ce40</run_address>
         <size>0x4c</size>
         <input_file_ref idref="fl-168"/>
      </object_component>
      <object_component id="oc-590">
         <name>.text</name>
         <load_address>0x2000ce8c</load_address>
         <run_address>0x2000ce8c</run_address>
         <size>0x4c</size>
         <input_file_ref idref="fl-14c"/>
      </object_component>
      <object_component id="oc-483">
         <name>.text:uDMAChannelAssign</name>
         <load_address>0x2000ced8</load_address>
         <run_address>0x2000ced8</run_address>
         <size>0x4c</size>
         <input_file_ref idref="fl-16a"/>
      </object_component>
      <object_component id="oc-2f6">
         <name>.text:_sl_GetStartResponseConvert</name>
         <load_address>0x2000cf24</load_address>
         <run_address>0x2000cf24</run_address>
         <size>0x4a</size>
         <input_file_ref idref="fl-15c"/>
      </object_component>
      <object_component id="oc-4e9">
         <name>.text:GPIOGetIntNumber</name>
         <load_address>0x2000cf6e</load_address>
         <run_address>0x2000cf6e</run_address>
         <size>0x48</size>
         <input_file_ref idref="fl-164"/>
      </object_component>
      <object_component id="oc-5f3">
         <name>.text:SPIIntClear</name>
         <load_address>0x2000cfb8</load_address>
         <run_address>0x2000cfb8</run_address>
         <size>0x48</size>
         <input_file_ref idref="fl-168"/>
      </object_component>
      <object_component id="oc-56f">
         <name>.text</name>
         <load_address>0x2000d000</load_address>
         <run_address>0x2000d000</run_address>
         <size>0x48</size>
         <input_file_ref idref="fl-154"/>
      </object_component>
      <object_component id="oc-173">
         <name>.text:sl_WlanSet</name>
         <load_address>0x2000d048</load_address>
         <run_address>0x2000d048</run_address>
         <size>0x48</size>
         <input_file_ref idref="fl-162"/>
      </object_component>
      <object_component id="oc-5e9">
         <name>.text:SPIDmaMaskGet</name>
         <load_address>0x2000d090</load_address>
         <run_address>0x2000d090</run_address>
         <size>0x44</size>
         <input_file_ref idref="fl-168"/>
      </object_component>
      <object_component id="oc-20d">
         <name>.text</name>
         <load_address>0x2000d0d4</load_address>
         <run_address>0x2000d0d4</run_address>
         <size>0x44</size>
         <input_file_ref idref="fl-4"/>
      </object_component>
      <object_component id="oc-9a">
         <name>.text</name>
         <load_address>0x2000d118</load_address>
         <run_address>0x2000d118</run_address>
         <size>0x44</size>
         <input_file_ref idref="fl-14e"/>
      </object_component>
      <object_component id="oc-4b">
         <name>.text</name>
         <load_address>0x2000d15c</load_address>
         <run_address>0x2000d15c</run_address>
         <size>0x44</size>
         <input_file_ref idref="fl-13b"/>
      </object_component>
      <object_component id="oc-656">
         <name>.text</name>
         <load_address>0x2000d1a0</load_address>
         <run_address>0x2000d1a0</run_address>
         <size>0x44</size>
         <input_file_ref idref="fl-15b"/>
      </object_component>
      <object_component id="oc-16d">
         <name>.text:sl_NetCfgSet</name>
         <load_address>0x2000d1e4</load_address>
         <run_address>0x2000d1e4</run_address>
         <size>0x44</size>
         <input_file_ref idref="fl-160"/>
      </object_component>
      <object_component id="oc-198">
         <name>.text:sl_Recv</name>
         <load_address>0x2000d228</load_address>
         <run_address>0x2000d228</run_address>
         <size>0x44</size>
         <input_file_ref idref="fl-161"/>
      </object_component>
      <object_component id="oc-5c8">
         <name>.text:PinModeSet</name>
         <load_address>0x2000d26c</load_address>
         <run_address>0x2000d26c</run_address>
         <size>0x40</size>
         <input_file_ref idref="fl-166"/>
      </object_component>
      <object_component id="oc-2ff">
         <name>.text:_SlDrvRxIrqHandler</name>
         <load_address>0x2000d2ac</load_address>
         <run_address>0x2000d2ac</run_address>
         <size>0x40</size>
         <input_file_ref idref="fl-15d"/>
      </object_component>
      <object_component id="oc-4ca">
         <name>.text:_SlRemoveFromList</name>
         <load_address>0x2000d2ec</load_address>
         <run_address>0x2000d2ec</run_address>
         <size>0x40</size>
         <input_file_ref idref="fl-15d"/>
      </object_component>
      <object_component id="oc-15b">
         <name>.text:sl_WlanPolicySet</name>
         <load_address>0x2000d32c</load_address>
         <run_address>0x2000d32c</run_address>
         <size>0x40</size>
         <input_file_ref idref="fl-162"/>
      </object_component>
      <object_component id="oc-182">
         <name>.text:sl_WlanRxFilterSet</name>
         <load_address>0x2000d36c</load_address>
         <run_address>0x2000d36c</run_address>
         <size>0x40</size>
         <input_file_ref idref="fl-162"/>
      </object_component>
      <object_component id="oc-2de">
         <name>.text:NwpPowerOff</name>
         <load_address>0x2000d3ac</load_address>
         <run_address>0x2000d3ac</run_address>
         <size>0x3c</size>
         <input_file_ref idref="fl-163"/>
      </object_component>
      <object_component id="oc-406">
         <name>.text:PRCMPeripheralClkEnable</name>
         <load_address>0x2000d3e8</load_address>
         <run_address>0x2000d3e8</run_address>
         <size>0x3c</size>
         <input_file_ref idref="fl-167"/>
      </object_component>
      <object_component id="oc-458">
         <name>.text:_SlDrvObjInit</name>
         <load_address>0x2000d424</load_address>
         <run_address>0x2000d424</run_address>
         <size>0x3c</size>
         <input_file_ref idref="fl-15d"/>
      </object_component>
      <object_component id="oc-6b2">
         <name>.text:uDMAChannelControlSet</name>
         <load_address>0x2000d460</load_address>
         <run_address>0x2000d460</run_address>
         <size>0x3c</size>
         <input_file_ref idref="fl-16a"/>
      </object_component>
      <object_component id="oc-e8">
         <name>.text</name>
         <load_address>0x2000d49c</load_address>
         <run_address>0x2000d49c</run_address>
         <size>0x38</size>
         <input_file_ref idref="fl-173"/>
      </object_component>
      <object_component id="oc-1a4">
         <name>.text:sl_Htonl</name>
         <load_address>0x2000d4d4</load_address>
         <run_address>0x2000d4d4</run_address>
         <size>0x38</size>
         <input_file_ref idref="fl-161"/>
      </object_component>
      <object_component id="oc-47d">
         <name>.text:PRCMPeripheralStatusGet</name>
         <load_address>0x2000d50c</load_address>
         <run_address>0x2000d50c</run_address>
         <size>0x34</size>
         <input_file_ref idref="fl-167"/>
      </object_component>
      <object_component id="oc-49b">
         <name>.text:SPIFIFOLevelSet</name>
         <load_address>0x2000d540</load_address>
         <run_address>0x2000d540</run_address>
         <size>0x34</size>
         <input_file_ref idref="fl-168"/>
      </object_component>
      <object_component id="oc-368">
         <name>.text:_SlDrvBasicCmd</name>
         <load_address>0x2000d574</load_address>
         <run_address>0x2000d574</run_address>
         <size>0x34</size>
         <input_file_ref idref="fl-15d"/>
      </object_component>
      <object_component id="oc-11">
         <name>.text</name>
         <load_address>0x2000d5a8</load_address>
         <run_address>0x2000d5a8</run_address>
         <size>0x34</size>
         <input_file_ref idref="fl-137"/>
      </object_component>
      <object_component id="oc-19e">
         <name>.text:sl_Htons</name>
         <load_address>0x2000d5dc</load_address>
         <run_address>0x2000d5dc</run_address>
         <size>0x34</size>
         <input_file_ref idref="fl-161"/>
      </object_component>
      <object_component id="oc-2ea">
         <name>.text:NwpPowerOn</name>
         <load_address>0x2000d610</load_address>
         <run_address>0x2000d610</run_address>
         <size>0x30</size>
         <input_file_ref idref="fl-163"/>
      </object_component>
      <object_component id="oc-434">
         <name>.text:UARTDisable</name>
         <load_address>0x2000d640</load_address>
         <run_address>0x2000d640</run_address>
         <size>0x30</size>
         <input_file_ref idref="fl-169"/>
      </object_component>
      <object_component id="oc-1d0">
         <name>.text</name>
         <load_address>0x2000d670</load_address>
         <run_address>0x2000d670</run_address>
         <size>0x30</size>
         <input_file_ref idref="fl-147"/>
      </object_component>
      <object_component id="oc-1aa">
         <name>.text:sl_Socket</name>
         <load_address>0x2000d6a0</load_address>
         <run_address>0x2000d6a0</run_address>
         <size>0x30</size>
         <input_file_ref idref="fl-161"/>
      </object_component>
      <object_component id="oc-57a">
         <name>.text</name>
         <load_address>0x2000d6d0</load_address>
         <run_address>0x2000d6d0</run_address>
         <size>0x2e</size>
         <input_file_ref idref="fl-155"/>
      </object_component>
      <object_component id="oc-4b0">
         <name>.text:DmaSpiSwIntHandler</name>
         <load_address>0x2000d700</load_address>
         <run_address>0x2000d700</run_address>
         <size>0x2c</size>
         <input_file_ref idref="fl-163"/>
      </object_component>
      <object_component id="oc-418">
         <name>.text:PRCMSysResetCauseGet</name>
         <load_address>0x2000d72c</load_address>
         <run_address>0x2000d72c</run_address>
         <size>0x2c</size>
         <input_file_ref idref="fl-167"/>
      </object_component>
      <object_component id="oc-51c">
         <name>.text:_SlDrvFlowContDeinit</name>
         <load_address>0x2000d758</load_address>
         <run_address>0x2000d758</run_address>
         <size>0x2c</size>
         <input_file_ref idref="fl-15e"/>
      </object_component>
      <object_component id="oc-45e">
         <name>.text:_SlDrvFlowContInit</name>
         <load_address>0x2000d784</load_address>
         <run_address>0x2000d784</run_address>
         <size>0x2c</size>
         <input_file_ref idref="fl-15e"/>
      </object_component>
      <object_component id="oc-412">
         <name>.text:PRCMPeripheralClkDisable</name>
         <load_address>0x2000d7b0</load_address>
         <run_address>0x2000d7b0</run_address>
         <size>0x28</size>
         <input_file_ref idref="fl-167"/>
      </object_component>
      <object_component id="oc-3b0">
         <name>.text:_sl_BuildAddress</name>
         <load_address>0x2000d7d8</load_address>
         <run_address>0x2000d7d8</run_address>
         <size>0x28</size>
         <input_file_ref idref="fl-161"/>
      </object_component>
      <object_component id="oc-149">
         <name>.text:sl_WlanSetMode</name>
         <load_address>0x2000d800</load_address>
         <run_address>0x2000d800</run_address>
         <size>0x28</size>
         <input_file_ref idref="fl-162"/>
      </object_component>
      <object_component id="oc-12d">
         <name>.text</name>
         <load_address>0x2000d828</load_address>
         <run_address>0x2000d828</run_address>
         <size>0x26</size>
         <input_file_ref idref="fl-146"/>
      </object_component>
      <object_component id="oc-3dc">
         <name>.text:IntUnregister</name>
         <load_address>0x2000d850</load_address>
         <run_address>0x2000d850</run_address>
         <size>0x24</size>
         <input_file_ref idref="fl-165"/>
      </object_component>
      <object_component id="oc-43a">
         <name>.text:UARTEnable</name>
         <load_address>0x2000d874</load_address>
         <run_address>0x2000d874</run_address>
         <size>0x24</size>
         <input_file_ref idref="fl-169"/>
      </object_component>
      <object_component id="oc-29f">
         <name>.text</name>
         <load_address>0x2000d898</load_address>
         <run_address>0x2000d898</run_address>
         <size>0x24</size>
         <input_file_ref idref="fl-13d"/>
      </object_component>
      <object_component id="oc-192">
         <name>.text:sl_Close</name>
         <load_address>0x2000d8bc</load_address>
         <run_address>0x2000d8bc</run_address>
         <size>0x24</size>
         <input_file_ref idref="fl-161"/>
      </object_component>
      <object_component id="oc-161">
         <name>.text:sl_WlanProfileDel</name>
         <load_address>0x2000d8e0</load_address>
         <run_address>0x2000d8e0</run_address>
         <size>0x24</size>
         <input_file_ref idref="fl-162"/>
      </object_component>
      <object_component id="oc-2e4">
         <name>.text:NwpRegisterInterruptHandler</name>
         <load_address>0x2000d904</load_address>
         <run_address>0x2000d904</run_address>
         <size>0x22</size>
         <input_file_ref idref="fl-163"/>
      </object_component>
      <object_component id="oc-471">
         <name>.text:SPIReset</name>
         <load_address>0x2000d926</load_address>
         <run_address>0x2000d926</run_address>
         <size>0x22</size>
         <input_file_ref idref="fl-168"/>
      </object_component>
      <object_component id="oc-6ca">
         <name>.text:SPIWordCountSet</name>
         <load_address>0x2000d948</load_address>
         <run_address>0x2000d948</run_address>
         <size>0x22</size>
         <input_file_ref idref="fl-168"/>
      </object_component>
      <object_component id="oc-325">
         <name>.text:GPIOPinWrite</name>
         <load_address>0x2000d96a</load_address>
         <run_address>0x2000d96a</run_address>
         <size>0x20</size>
         <input_file_ref idref="fl-164"/>
      </object_component>
      <object_component id="oc-3ca">
         <name>.text:IntRegister</name>
         <load_address>0x2000d98c</load_address>
         <run_address>0x2000d98c</run_address>
         <size>0x20</size>
         <input_file_ref idref="fl-165"/>
      </object_component>
      <object_component id="oc-733">
         <name>.text:_SlDrvCmdSend</name>
         <load_address>0x2000d9ac</load_address>
         <run_address>0x2000d9ac</run_address>
         <size>0x20</size>
         <input_file_ref idref="fl-15d"/>
      </object_component>
      <object_component id="oc-313">
         <name>.text:GPIOIntRegister</name>
         <load_address>0x2000d9cc</load_address>
         <run_address>0x2000d9cc</run_address>
         <size>0x1e</size>
         <input_file_ref idref="fl-164"/>
      </object_component>
      <object_component id="oc-28d">
         <name>.text:UARTCharPut</name>
         <load_address>0x2000d9ea</load_address>
         <run_address>0x2000d9ea</run_address>
         <size>0x1e</size>
         <input_file_ref idref="fl-169"/>
      </object_component>
      <object_component id="oc-522">
         <name>.text:_SlDrvObjDeInit</name>
         <load_address>0x2000da08</load_address>
         <run_address>0x2000da08</run_address>
         <size>0x1c</size>
         <input_file_ref idref="fl-15d"/>
      </object_component>
      <object_component id="oc-58a">
         <name>.text</name>
         <load_address>0x2000da24</load_address>
         <run_address>0x2000da24</run_address>
         <size>0x1c</size>
         <input_file_ref idref="fl-158"/>
      </object_component>
      <object_component id="oc-6c4">
         <name>.text:uDMAChannelEnable</name>
         <load_address>0x2000da40</load_address>
         <run_address>0x2000da40</run_address>
         <size>0x1c</size>
         <input_file_ref idref="fl-16a"/>
      </object_component>
      <object_component id="oc-6d6">
         <name>.text:CopyPingResultsToReport</name>
         <load_address>0x2000da5c</load_address>
         <run_address>0x2000da5c</run_address>
         <size>0x1a</size>
         <input_file_ref idref="fl-15f"/>
      </object_component>
      <object_component id="oc-31f">
         <name>.text:GPIOIntEnable</name>
         <load_address>0x2000da76</load_address>
         <run_address>0x2000da76</run_address>
         <size>0x1a</size>
         <input_file_ref idref="fl-164"/>
      </object_component>
      <object_component id="oc-41f">
         <name>.text:PinTypeUART</name>
         <load_address>0x2000da90</load_address>
         <run_address>0x2000da90</run_address>
         <size>0x1a</size>
         <input_file_ref idref="fl-166"/>
      </object_component>
      <object_component id="oc-515">
         <name>.text:SPIDmaDisable</name>
         <load_address>0x2000daaa</load_address>
         <run_address>0x2000daaa</run_address>
         <size>0x1a</size>
         <input_file_ref idref="fl-168"/>
      </object_component>
      <object_component id="oc-495">
         <name>.text:SPIDmaEnable</name>
         <load_address>0x2000dac4</load_address>
         <run_address>0x2000dac4</run_address>
         <size>0x1a</size>
         <input_file_ref idref="fl-168"/>
      </object_component>
      <object_component id="oc-50f">
         <name>.text:SPIFIFODisable</name>
         <load_address>0x2000dade</load_address>
         <run_address>0x2000dade</run_address>
         <size>0x1a</size>
         <input_file_ref idref="fl-168"/>
      </object_component>
      <object_component id="oc-48f">
         <name>.text:SPIFIFOEnable</name>
         <load_address>0x2000daf8</load_address>
         <run_address>0x2000daf8</run_address>
         <size>0x1a</size>
         <input_file_ref idref="fl-168"/>
      </object_component>
      <object_component id="oc-6fc">
         <name>.text:_SlDrvDeviceEventHandler</name>
         <load_address>0x2000db12</load_address>
         <run_address>0x2000db12</run_address>
         <size>0x1a</size>
         <input_file_ref idref="fl-15c"/>
      </object_component>
      <object_component id="oc-1e5">
         <name>.text</name>
         <load_address>0x2000db2c</load_address>
         <run_address>0x2000db2c</run_address>
         <size>0x1a</size>
         <input_file_ref idref="fl-143"/>
      </object_component>
      <object_component id="oc-32b">
         <name>.text:GPIOPinRead</name>
         <load_address>0x2000db46</load_address>
         <run_address>0x2000db46</run_address>
         <size>0x18</size>
         <input_file_ref idref="fl-164"/>
      </object_component>
      <object_component id="oc-465">
         <name>.text:SPICSDisable</name>
         <load_address>0x2000db5e</load_address>
         <run_address>0x2000db5e</run_address>
         <size>0x18</size>
         <input_file_ref idref="fl-168"/>
      </object_component>
      <object_component id="oc-6ac">
         <name>.text:SPICSEnable</name>
         <load_address>0x2000db76</load_address>
         <run_address>0x2000db76</run_address>
         <size>0x18</size>
         <input_file_ref idref="fl-168"/>
      </object_component>
      <object_component id="oc-46b">
         <name>.text:SPIDisable</name>
         <load_address>0x2000db8e</load_address>
         <run_address>0x2000db8e</run_address>
         <size>0x18</size>
         <input_file_ref idref="fl-168"/>
      </object_component>
      <object_component id="oc-4a7">
         <name>.text:SPIEnable</name>
         <load_address>0x2000dba6</load_address>
         <run_address>0x2000dba6</run_address>
         <size>0x18</size>
         <input_file_ref idref="fl-168"/>
      </object_component>
      <object_component id="oc-45">
         <name>.text</name>
         <load_address>0x2000dbc0</load_address>
         <run_address>0x2000dbc0</run_address>
         <size>0x18</size>
         <input_file_ref idref="fl-14b"/>
      </object_component>
      <object_component id="oc-556">
         <name>.text</name>
         <load_address>0x2000dbd8</load_address>
         <run_address>0x2000dbd8</run_address>
         <size>0x18</size>
         <input_file_ref idref="fl-156"/>
      </object_component>
      <object_component id="oc-3fa">
         <name>.text:PRCMHIBRegRead</name>
         <load_address>0x2000dbf0</load_address>
         <run_address>0x2000dbf0</run_address>
         <size>0x16</size>
         <input_file_ref idref="fl-167"/>
      </object_component>
      <object_component id="oc-400">
         <name>.text:PRCMHIBRegWrite</name>
         <load_address>0x2000dc06</load_address>
         <run_address>0x2000dc06</run_address>
         <size>0x16</size>
         <input_file_ref idref="fl-167"/>
      </object_component>
      <object_component id="oc-299">
         <name>.text:UARTCharGet</name>
         <load_address>0x2000dc1c</load_address>
         <run_address>0x2000dc1c</run_address>
         <size>0x16</size>
         <input_file_ref idref="fl-169"/>
      </object_component>
      <object_component id="oc-3ef">
         <name>.text:CPUcpsie</name>
         <load_address>0x2000dc32</load_address>
         <run_address>0x2000dc32</run_address>
         <size>0x14</size>
         <input_file_ref idref="fl-16c"/>
      </object_component>
      <object_component id="oc-319">
         <name>.text:GPIOIntClear</name>
         <load_address>0x2000dc46</load_address>
         <run_address>0x2000dc46</run_address>
         <size>0x14</size>
         <input_file_ref idref="fl-164"/>
      </object_component>
      <object_component id="oc-1f5">
         <name>.text:IntVTableBaseSet</name>
         <load_address>0x2000dc5c</load_address>
         <run_address>0x2000dc5c</run_address>
         <size>0x14</size>
         <input_file_ref idref="fl-165"/>
      </object_component>
      <object_component id="oc-6ef">
         <name>.text:_SlDrvShiftDWord</name>
         <load_address>0x2000dc70</load_address>
         <run_address>0x2000dc70</run_address>
         <size>0x14</size>
         <input_file_ref idref="fl-15d"/>
      </object_component>
      <object_component id="oc-238">
         <name>.text</name>
         <load_address>0x2000dc84</load_address>
         <run_address>0x2000dc84</run_address>
         <size>0x14</size>
         <input_file_ref idref="fl-149"/>
      </object_component>
      <object_component id="oc-127">
         <name>.text</name>
         <load_address>0x2000dc98</load_address>
         <run_address>0x2000dc98</run_address>
         <size>0x14</size>
         <input_file_ref idref="fl-145"/>
      </object_component>
      <object_component id="oc-1c">
         <name>.text:decompress:ZI</name>
         <load_address>0x2000dcac</load_address>
         <run_address>0x2000dcac</run_address>
         <size>0x12</size>
         <input_file_ref idref="fl-13a"/>
      </object_component>
      <object_component id="oc-179">
         <name>.text:sl_NetAppMDNSUnRegisterService</name>
         <load_address>0x2000dcbe</load_address>
         <run_address>0x2000dcbe</run_address>
         <size>0x12</size>
         <input_file_ref idref="fl-15f"/>
      </object_component>
      <object_component id="oc-4d9">
         <name>.text:NwpMaskInterrupt</name>
         <load_address>0x2000dcd0</load_address>
         <run_address>0x2000dcd0</run_address>
         <size>0x10</size>
         <input_file_ref idref="fl-163"/>
      </object_component>
      <object_component id="oc-1b6">
         <name>.text</name>
         <load_address>0x2000dce0</load_address>
         <run_address>0x2000dce0</run_address>
         <size>0x10</size>
         <input_file_ref idref="fl-144"/>
      </object_component>
      <object_component id="oc-16">
         <name>.text:decompress:none</name>
         <load_address>0x2000dcf0</load_address>
         <run_address>0x2000dcf0</run_address>
         <size>0xe</size>
         <input_file_ref idref="fl-138"/>
      </object_component>
      <object_component id="oc-584">
         <name>.text</name>
         <load_address>0x2000dcfe</load_address>
         <run_address>0x2000dcfe</run_address>
         <size>0xe</size>
         <input_file_ref idref="fl-15a"/>
      </object_component>
      <object_component id="oc-2c">
         <name>.text</name>
         <load_address>0x2000dd0c</load_address>
         <run_address>0x2000dd0c</run_address>
         <size>0xe</size>
         <input_file_ref idref="fl-6"/>
      </object_component>
      <object_component id="oc-6a4">
         <name>.text:NwpUnMaskInterrupt</name>
         <load_address>0x2000dd1c</load_address>
         <run_address>0x2000dd1c</run_address>
         <size>0xc</size>
         <input_file_ref idref="fl-163"/>
      </object_component>
      <object_component id="oc-1fb">
         <name>.text:IntMasterEnable</name>
         <load_address>0x2000dd28</load_address>
         <run_address>0x2000dd28</run_address>
         <size>0xa</size>
         <input_file_ref idref="fl-165"/>
      </object_component>
      <object_component id="oc-167">
         <name>.text:sl_WlanDisconnect</name>
         <load_address>0x2000dd32</load_address>
         <run_address>0x2000dd32</run_address>
         <size>0x8</size>
         <input_file_ref idref="fl-162"/>
      </object_component>
      <object_component id="oc-1c2">
         <name>.text:UtilsDelay</name>
         <load_address>0x2000dd3a</load_address>
         <run_address>0x2000dd3a</run_address>
         <size>0x6</size>
         <input_file_ref idref="fl-16b"/>
      </object_component>
      <object_component id="oc-22">
         <name>.text:decompress:rle24</name>
         <load_address>0x2000dd40</load_address>
         <run_address>0x2000dd40</run_address>
         <size>0x6</size>
         <input_file_ref idref="fl-139"/>
      </object_component>
      <object_component id="oc-65f">
         <name>.const:.string:_ctypes_</name>
         <load_address>0x2000dd48</load_address>
         <run_address>0x2000dd48</run_address>
         <size>0x102</size>
         <input_file_ref idref="fl-14f"/>
      </object_component>
      <object_component id="oc-682">
         <name>.const:g_ulPinToPadMap</name>
         <load_address>0x2000de4c</load_address>
         <run_address>0x2000de4c</run_address>
         <size>0x100</size>
         <input_file_ref idref="fl-166"/>
      </object_component>
      <object_component id="oc-340">
         <name>.const</name>
         <load_address>0x2000df4c</load_address>
         <run_address>0x2000df4c</run_address>
         <size>0xec</size>
         <input_file_ref idref="fl-162"/>
      </object_component>
      <object_component id="oc-5a8">
         <name>.const:g_pulRegs</name>
         <load_address>0x2000e038</load_address>
         <run_address>0x2000e038</run_address>
         <size>0xd4</size>
         <input_file_ref idref="fl-165"/>
      </object_component>
      <object_component id="oc-5c0">
         <name>.const:PRCM_PeriphRegsList</name>
         <load_address>0x2000e10c</load_address>
         <run_address>0x2000e10c</run_address>
         <size>0xa8</size>
         <input_file_ref idref="fl-167"/>
      </object_component>
      <object_component id="oc-3f6">
         <name>.const</name>
         <load_address>0x2000e1b4</load_address>
         <run_address>0x2000e1b4</run_address>
         <size>0x80</size>
         <input_file_ref idref="fl-165"/>
      </object_component>
      <object_component id="oc-530">
         <name>.const</name>
         <load_address>0x2000e234</load_address>
         <run_address>0x2000e234</run_address>
         <size>0x4c</size>
         <input_file_ref idref="fl-15d"/>
      </object_component>
      <object_component id="oc-1c3">
         <name>.const:.string</name>
         <load_address>0x2000e280</load_address>
         <run_address>0x2000e280</run_address>
         <size>0x3f</size>
         <input_file_ref idref="fl-3"/>
      </object_component>
      <object_component id="oc-395">
         <name>.const</name>
         <load_address>0x2000e2c0</load_address>
         <run_address>0x2000e2c0</run_address>
         <size>0x34</size>
         <input_file_ref idref="fl-161"/>
      </object_component>
      <object_component id="oc-17f">
         <name>.const:$P$T1$2</name>
         <load_address>0x2000e2f4</load_address>
         <run_address>0x2000e2f4</run_address>
         <size>0x2c</size>
         <input_file_ref idref="fl-3"/>
      </object_component>
      <object_component id="oc-538">
         <name>.const</name>
         <load_address>0x2000e320</load_address>
         <run_address>0x2000e320</run_address>
         <size>0x28</size>
         <input_file_ref idref="fl-15f"/>
      </object_component>
      <object_component id="oc-18b">
         <name>.const:.string:$P$T0$1</name>
         <load_address>0x2000e348</load_address>
         <run_address>0x2000e348</run_address>
         <size>0x22</size>
         <input_file_ref idref="fl-3"/>
      </object_component>
      <object_component id="oc-188">
         <name>.const</name>
         <load_address>0x2000e36c</load_address>
         <run_address>0x2000e36c</run_address>
         <size>0x20</size>
         <input_file_ref idref="fl-3"/>
      </object_component>
      <object_component id="oc-687">
         <name>.const</name>
         <load_address>0x2000e38c</load_address>
         <run_address>0x2000e38c</run_address>
         <size>0x18</size>
         <input_file_ref idref="fl-168"/>
      </object_component>
      <object_component id="oc-357">
         <name>.const</name>
         <load_address>0x2000e3a4</load_address>
         <run_address>0x2000e3a4</run_address>
         <size>0x14</size>
         <input_file_ref idref="fl-15c"/>
      </object_component>
      <object_component id="oc-36f">
         <name>.const</name>
         <load_address>0x2000e3b8</load_address>
         <run_address>0x2000e3b8</run_address>
         <size>0x8</size>
         <input_file_ref idref="fl-160"/>
      </object_component>
      <object_component id="oc-75a">
         <name>.cinit..data.load</name>
         <load_address>0x2000e3c0</load_address>
         <run_address>0x2000e3c0</run_address>
         <size>0x51</size>
      </object_component>
      <object_component id="oc-758">
         <name>__TI_handler_table</name>
         <load_address>0x2000e414</load_address>
         <run_address>0x2000e414</run_address>
         <size>0xc</size>
      </object_component>
      <object_component id="oc-75b">
         <name>.cinit..bss.load</name>
         <load_address>0x2000e420</load_address>
         <run_address>0x2000e420</run_address>
         <size>0x8</size>
      </object_component>
      <object_component id="oc-759">
         <name>__TI_cinit_table</name>
         <load_address>0x2000e428</load_address>
         <run_address>0x2000e428</run_address>
         <size>0x10</size>
      </object_component>
      <object_component id="oc-51">
         <name>.data</name>
         <load_address>0x200203a4</load_address>
         <run_address>0x200203a4</run_address>
         <size>0x4</size>
         <input_file_ref idref="fl-142"/>
      </object_component>
      <object_component id="oc-80">
         <name>.data</name>
         <load_address>0x20020308</load_address>
         <run_address>0x20020308</run_address>
         <size>0x34</size>
         <input_file_ref idref="fl-172"/>
      </object_component>
      <object_component id="oc-84">
         <name>.data</name>
         <load_address>0x200203a0</load_address>
         <run_address>0x200203a0</run_address>
         <size>0x4</size>
         <input_file_ref idref="fl-16f"/>
      </object_component>
      <object_component id="oc-a9">
         <name>.data</name>
         <load_address>0x20020390</load_address>
         <run_address>0x20020390</run_address>
         <size>0x8</size>
         <input_file_ref idref="fl-149"/>
      </object_component>
      <object_component id="oc-ac">
         <name>.data</name>
         <load_address>0x20020398</load_address>
         <run_address>0x20020398</run_address>
         <size>0x8</size>
         <input_file_ref idref="fl-13b"/>
      </object_component>
      <object_component id="oc-119">
         <name>.data</name>
         <load_address>0x2002035c</load_address>
         <run_address>0x2002035c</run_address>
         <size>0x1c</size>
         <input_file_ref idref="fl-3"/>
      </object_component>
      <object_component id="oc-2fc">
         <name>.data</name>
         <load_address>0x20020120</load_address>
         <run_address>0x20020120</run_address>
         <size>0x184</size>
         <input_file_ref idref="fl-15d"/>
      </object_component>
      <object_component id="oc-331">
         <name>.data</name>
         <load_address>0x2002033c</load_address>
         <run_address>0x2002033c</run_address>
         <size>0x20</size>
         <input_file_ref idref="fl-2"/>
      </object_component>
      <object_component id="oc-3e8">
         <name>.data</name>
         <load_address>0x20020378</load_address>
         <run_address>0x20020378</run_address>
         <size>0xc</size>
         <input_file_ref idref="fl-16e"/>
      </object_component>
      <object_component id="oc-42d">
         <name>.data</name>
         <load_address>0x20020384</load_address>
         <run_address>0x20020384</run_address>
         <size>0xc</size>
         <input_file_ref idref="fl-13e"/>
      </object_component>
      <object_component id="oc-4ad">
         <name>.data</name>
         <load_address>0x200202a4</load_address>
         <run_address>0x200202a4</run_address>
         <size>0x64</size>
         <input_file_ref idref="fl-163"/>
      </object_component>
      <object_component id="oc-d8">
         <name>.bss:pxReadyTasksLists</name>
         <uninitialized>true</uninitialized>
         <run_address>0x2001ff3c</run_address>
         <size>0xc8</size>
         <input_file_ref idref="fl-172"/>
      </object_component>
      <object_component id="oc-11c">
         <name>.bss:g_ucConnectionSSID</name>
         <uninitialized>true</uninitialized>
         <run_address>0x20020054</run_address>
         <size>0x24</size>
         <input_file_ref idref="fl-3"/>
      </object_component>
      <object_component id="oc-134">
         <name>.bss:netEntries</name>
         <uninitialized>true</uninitialized>
         <run_address>0x2001faf0</run_address>
         <size>0x370</size>
         <input_file_ref idref="fl-3"/>
      </object_component>
      <object_component id="oc-137">
         <name>.bss:testAP</name>
         <uninitialized>true</uninitialized>
         <run_address>0x2001fe60</run_address>
         <size>0xdc</size>
         <input_file_ref idref="fl-3"/>
      </object_component>
      <object_component id="oc-1f2">
         <name>.bss:tcpSendBuf</name>
         <uninitialized>true</uninitialized>
         <run_address>0x2001f578</run_address>
         <size>0x578</size>
         <input_file_ref idref="fl-3"/>
      </object_component>
      <object_component id="oc-213">
         <name>.bss:tcpRcvBuf</name>
         <uninitialized>true</uninitialized>
         <run_address>0x2001f000</run_address>
         <size>0x578</size>
         <input_file_ref idref="fl-3"/>
      </object_component>
      <object_component id="oc-5b4">
         <name>.bss:xQueueRegistry</name>
         <uninitialized>true</uninitialized>
         <run_address>0x20020004</run_address>
         <size>0x50</size>
         <input_file_ref idref="fl-171"/>
      </object_component>
      <object_component id="oc-334">
         <name>.common:g_ucLED1Pin</name>
         <uninitialized>true</uninitialized>
         <run_address>0x2002011c</run_address>
         <size>0x1</size>
      </object_component>
      <object_component id="oc-337">
         <name>.common:g_ucLED2Pin</name>
         <uninitialized>true</uninitialized>
         <run_address>0x2002011d</run_address>
         <size>0x1</size>
      </object_component>
      <object_component id="oc-338">
         <name>.common:g_ucLED3Pin</name>
         <uninitialized>true</uninitialized>
         <run_address>0x2002011e</run_address>
         <size>0x1</size>
      </object_component>
      <object_component id="oc-1d7">
         <name>.common:ConSid</name>
         <uninitialized>true</uninitialized>
         <run_address>0x20020078</run_address>
         <size>0x20</size>
      </object_component>
      <object_component id="oc-1d8">
         <name>.common:ConRssi</name>
         <uninitialized>true</uninitialized>
         <run_address>0x20020104</run_address>
         <size>0x4</size>
      </object_component>
      <object_component id="oc-13b">
         <name>.common:g_ucConnectionBSSID</name>
         <uninitialized>true</uninitialized>
         <run_address>0x200200fc</run_address>
         <size>0x8</size>
      </object_component>
      <object_component id="oc-1d6">
         <name>.common:scanCount</name>
         <uninitialized>true</uninitialized>
         <run_address>0x20020114</run_address>
         <size>0x4</size>
      </object_component>
      <object_component id="oc-216">
         <name>.common:socketID</name>
         <uninitialized>true</uninitialized>
         <run_address>0x20020118</run_address>
         <size>0x4</size>
      </object_component>
      <object_component id="oc-2a5">
         <name>.common:__Errorlog</name>
         <uninitialized>true</uninitialized>
         <run_address>0x20020108</run_address>
         <size>0x4</size>
      </object_component>
      <object_component id="oc-f3">
         <name>.common:xDelayedTaskList1</name>
         <uninitialized>true</uninitialized>
         <run_address>0x20020098</run_address>
         <size>0x14</size>
      </object_component>
      <object_component id="oc-f4">
         <name>.common:xDelayedTaskList2</name>
         <uninitialized>true</uninitialized>
         <run_address>0x200200ac</run_address>
         <size>0x14</size>
      </object_component>
      <object_component id="oc-f7">
         <name>.common:pxDelayedTaskList</name>
         <uninitialized>true</uninitialized>
         <run_address>0x2002010c</run_address>
         <size>0x4</size>
      </object_component>
      <object_component id="oc-f8">
         <name>.common:pxOverflowDelayedTaskList</name>
         <uninitialized>true</uninitialized>
         <run_address>0x20020110</run_address>
         <size>0x4</size>
      </object_component>
      <object_component id="oc-e7">
         <name>.common:xPendingReadyList</name>
         <uninitialized>true</uninitialized>
         <run_address>0x200200c0</run_address>
         <size>0x14</size>
      </object_component>
      <object_component id="oc-f9">
         <name>.common:xTasksWaitingTermination</name>
         <uninitialized>true</uninitialized>
         <run_address>0x200200e8</run_address>
         <size>0x14</size>
      </object_component>
      <object_component id="oc-f6">
         <name>.common:xSuspendedTaskList</name>
         <uninitialized>true</uninitialized>
         <run_address>0x200200d4</run_address>
         <size>0x14</size>
      </object_component>
      <object_component id="oc-29">
         <name>.sysmem</name>
         <uninitialized>true</uninitialized>
         <run_address>0x20017000</run_address>
         <size>0x8</size>
         <input_file_ref idref="fl-13e"/>
      </object_component>
      <object_component id="oc-75d">
         <name>.sysmem</name>
         <uninitialized>true</uninitialized>
         <run_address>0x20017000</run_address>
         <size>0x0</size>
      </object_component>
      <object_component id="oc-28">
         <name>.stack</name>
         <uninitialized>true</uninitialized>
         <run_address>0x2002f800</run_address>
         <size>0x0</size>
         <input_file_ref idref="fl-137"/>
      </object_component>
      <object_component id="oc-75c">
         <name>.stack</name>
         <uninitialized>true</uninitialized>
         <run_address>0x2002f800</run_address>
         <size>0x0</size>
      </object_component>
      <object_component id="oc-f">
         <name>.debug_info</name>
         <load_address>0x0</load_address>
         <run_address>0x0</run_address>
         <size>0x10f</size>
         <input_file_ref idref="fl-6"/>
      </object_component>
      <object_component id="oc-14">
         <name>.debug_info</name>
         <load_address>0x10f</load_address>
         <run_address>0x10f</run_address>
         <size>0x10a</size>
         <input_file_ref idref="fl-137"/>
      </object_component>
      <object_component id="oc-18">
         <name>.debug_info</name>
         <load_address>0x219</load_address>
         <run_address>0x219</run_address>
         <size>0x1ab</size>
         <input_file_ref idref="fl-138"/>
      </object_component>
      <object_component id="oc-1e">
         <name>.debug_info</name>
         <load_address>0x3c4</load_address>
         <run_address>0x3c4</run_address>
         <size>0x181</size>
         <input_file_ref idref="fl-13a"/>
      </object_component>
      <object_component id="oc-25">
         <name>.debug_info</name>
         <load_address>0x545</load_address>
         <run_address>0x545</run_address>
         <size>0x1a5</size>
         <input_file_ref idref="fl-139"/>
      </object_component>
      <object_component id="oc-2a">
         <name>.debug_info</name>
         <load_address>0x6ea</load_address>
         <run_address>0x6ea</run_address>
         <size>0xcd</size>
         <input_file_ref idref="fl-13e"/>
      </object_component>
      <object_component id="oc-2d">
         <name>.debug_info</name>
         <load_address>0x7b7</load_address>
         <run_address>0x7b7</run_address>
         <size>0x430</size>
         <input_file_ref idref="fl-6"/>
      </object_component>
      <object_component id="oc-34">
         <name>.debug_info</name>
         <load_address>0xbe7</load_address>
         <run_address>0xbe7</run_address>
         <size>0x1ad</size>
         <input_file_ref idref="fl-170"/>
      </object_component>
[...]
      </symbol>
      <symbol id="sm-1042">
         <name>osi_TaskDelete</name>
         <value>0x20008a5b</value>
         <object_component_ref idref="oc-1ec"/>
      </symbol>
      <symbol id="sm-1043">
         <name>xHigherPriorityTaskWoken</name>
         <value>0x20020378</value>
         <object_component_ref idref="oc-3e8"/>
      </symbol>
      <symbol id="sm-1044">
         <name>osi_InterruptRegister</name>
         <value>0x200088c5</value>
         <object_component_ref idref="oc-1ec"/>
      </symbol>
      <symbol id="sm-1045">
         <name>mem_set</name>
         <value>0x20008c9d</value>
         <object_component_ref idref="oc-1ec"/>
      </symbol>
      <symbol id="sm-1046">
         <name>osi_LockObjCreate</name>
         <value>0x200089f5</value>
         <object_component_ref idref="oc-1ec"/>
      </symbol>
      <symbol id="sm-1047">
         <name>osi_SyncObjSignal</name>
         <value>0x20008947</value>
         <object_component_ref idref="oc-1ec"/>
      </symbol>
      <symbol id="sm-1048">
         <name>mem_Malloc</name>
         <value>0x20008c85</value>
         <object_component_ref idref="oc-1ec"/>
      </symbol>
      <symbol id="sm-1049">
         <name>osi_SyncObjCreate</name>
         <value>0x200088fd</value>
         <object_component_ref idref="oc-1ec"/>
      </symbol>
      <symbol id="sm-104a">
         <name>osi_SyncObjWait</name>
         <value>0x200089a7</value>
         <object_component_ref idref="oc-1ec"/>
      </symbol>
      <symbol id="sm-104b">
         <name>osi_SyncObjSignalFromISR</name>
         <value>0x2000896f</value>
         <object_component_ref idref="oc-1ec"/>
      </symbol>
      <symbol id="sm-104c">
         <name>osi_ContextRestore</name>
         <value>0x20008d07</value>
         <object_component_ref idref="oc-1ec"/>
      </symbol>
      <symbol id="sm-104d">
         <name>osi_start</name>
         <value>0x20008cd9</value>
         <object_component_ref idref="oc-1ec"/>
      </symbol>
      <symbol id="sm-104e">
         <name>osi_EnterCritical</name>
         <value>0x20008cc5</value>
         <object_component_ref idref="oc-1ec"/>
      </symbol>
      <symbol id="sm-104f">
         <name>osi_TaskCreate</name>
         <value>0x20008a1b</value>
         <object_component_ref idref="oc-1ec"/>
      </symbol>
      <symbol id="sm-1050">
         <name>osi_MsgQRead</name>
         <value>0x20008c49</value>
         <object_component_ref idref="oc-1ec"/>
      </symbol>
      <symbol id="sm-1051">
         <name>osi_MsgQCreate</name>
         <value>0x20008bb9</value>
         <object_component_ref idref="oc-1ec"/>
      </symbol>
      <symbol id="sm-1052">
         <name>osi_ExitCritical</name>
         <value>0x20008ccf</value>
         <object_component_ref idref="oc-1ec"/>
      </symbol>
      <symbol id="sm-1053">
         <name>osi_LockObjLock</name>
         <value>0x20008a79</value>
         <object_component_ref idref="oc-1ec"/>
      </symbol>
      <symbol id="sm-1054">
         <name>VDeleteSimpleLinkSpawnTask</name>
         <value>0x20008b8d</value>
         <object_component_ref idref="oc-1ec"/>
      </symbol>
      <symbol id="sm-1055">
         <name>osi_SyncObjClear</name>
         <value>0x200089d3</value>
         <object_component_ref idref="oc-1ec"/>
      </symbol>
      <symbol id="sm-1056">
         <name>VStartSimpleLinkSpawnTask</name>
         <value>0x20008b3d</value>
         <object_component_ref idref="oc-1ec"/>
      </symbol>
      <symbol id="sm-1057">
         <name>osi_MsgQWrite</name>
         <value>0x20008c17</value>
         <object_component_ref idref="oc-1ec"/>
      </symbol>
      <symbol id="sm-1058">
         <name>osi_Sleep</name>
         <value>0x20008ce1</value>
         <object_component_ref idref="oc-1ec"/>
      </symbol>
      <symbol id="sm-1059">
         <name>osi_SyncObjDelete</name>
         <value>0x2000892d</value>
         <object_component_ref idref="oc-1ec"/>
      </symbol>
      <symbol id="sm-105a">
         <name>osi_TaskDisable</name>
         <value>0x20008cf1</value>
         <object_component_ref idref="oc-1ec"/>
      </symbol>
      <symbol id="sm-105b">
         <name>osi_Spawn</name>
         <value>0x20008acf</value>
         <object_component_ref idref="oc-1ec"/>
      </symbol>
      <symbol id="sm-105c">
         <name>mem_Free</name>
         <value>0x20008c91</value>
         <object_component_ref idref="oc-1ec"/>
      </symbol>
      <symbol id="sm-105d">
         <name>osi_ContextSave</name>
         <value>0x20008d05</value>
         <object_component_ref idref="oc-1ec"/>
      </symbol>
      <symbol id="sm-105e">
         <name>xSimpleLinkSpawnQueue</name>
         <value>0x2002037c</value>
         <object_component_ref idref="oc-3e8"/>
      </symbol>
      <symbol id="sm-105f">
         <name>xSimpleLinkSpawnTaskHndl</name>
         <value>0x20020380</value>
         <object_component_ref idref="oc-3e8"/>
      </symbol>
      <symbol id="sm-1087">
         <name>vPortSetupTimerInterrupt</name>
         <value>0x2000ade5</value>
         <object_component_ref idref="oc-37"/>
      </symbol>
      <symbol id="sm-1088">
         <name>vPortEndScheduler</name>
         <value>0x2000ad85</value>
         <object_component_ref idref="oc-37"/>
      </symbol>
      <symbol id="sm-1089">
         <name>vPortYield</name>
         <value>0x2000ad87</value>
         <object_component_ref idref="oc-37"/>
      </symbol>
      <symbol id="sm-108a">
         <name>xPortSysTickHandler</name>
         <value>0x2000adc9</value>
         <object_component_ref idref="oc-37"/>
      </symbol>
      <symbol id="sm-108b">
         <name>pxPortInitialiseStack</name>
         <value>0x2000ad09</value>
         <object_component_ref idref="oc-37"/>
      </symbol>
      <symbol id="sm-108c">
         <name>vPortExitCritical</name>
         <value>0x2000adb1</value>
         <object_component_ref idref="oc-37"/>
      </symbol>
      <symbol id="sm-108d">
         <name>xPortStartScheduler</name>
         <value>0x2000ad59</value>
         <object_component_ref idref="oc-37"/>
      </symbol>
      <symbol id="sm-108e">
         <name>vPortEnterCritical</name>
         <value>0x2000ad99</value>
         <object_component_ref idref="oc-37"/>
      </symbol>
      <symbol id="sm-109f">
         <name>portCLZ</name>
         <value>0x2000b7a9</value>
         <object_component_ref idref="oc-32"/>
      </symbol>
      <symbol id="sm-10a0">
         <name>xPortPendSVHandler</name>
         <value>0x2000b71d</value>
         <object_component_ref idref="oc-32"/>
      </symbol>
      <symbol id="sm-10a1">
         <name>vPortClearInterruptMask</name>
         <value>0x2000b70f</value>
         <object_component_ref idref="oc-32"/>
      </symbol>
      <symbol id="sm-10a2">
         <name>ulPortSetInterruptMask</name>
         <value>0x2000b6f9</value>
         <object_component_ref idref="oc-32"/>
      </symbol>
      <symbol id="sm-10a3">
         <name>prvPortStartFirstTask</name>
         <value>0x2000b791</value>
         <object_component_ref idref="oc-32"/>
      </symbol>
      <symbol id="sm-10a4">
         <name>vPortSVCHandler</name>
         <value>0x2000b769</value>
         <object_component_ref idref="oc-32"/>
      </symbol>
      <symbol id="sm-1153">
         <name>xQueuePeekFromISR</name>
         <value>0x20008451</value>
         <object_component_ref idref="oc-3e2"/>
      </symbol>
      <symbol id="sm-1154">
         <name>xQueueIsQueueEmptyFromISR</name>
         <value>0x200086d7</value>
         <object_component_ref idref="oc-3e2"/>
      </symbol>
      <symbol id="sm-1155">
         <name>xQueueGenericSendFromISR</name>
         <value>0x200081fb</value>
         <object_component_ref idref="oc-3e2"/>
      </symbol>
      <symbol id="sm-1156">
         <name>uxQueueMessagesWaiting</name>
         <value>0x20008495</value>
         <object_component_ref idref="oc-3e2"/>
      </symbol>
      <symbol id="sm-1157">
         <name>vQueueAddToRegistry</name>
         <value>0x2000873b</value>
         <object_component_ref idref="oc-3e2"/>
      </symbol>
      <symbol id="sm-1158">
         <name>xQueueIsQueueFullFromISR</name>
         <value>0x20008719</value>
         <object_component_ref idref="oc-3e2"/>
      </symbol>
      <symbol id="sm-1159">
         <name>xQueueSelectFromSet</name>
         <value>0x20008841</value>
         <object_component_ref idref="oc-3e2"/>
      </symbol>
      <symbol id="sm-115a">
         <name>xQueueGenericCreate</name>
         <value>0x20007e31</value>
         <object_component_ref idref="oc-3e2"/>
      </symbol>
      <symbol id="sm-115b">
         <name>xQueueSelectFromSetFromISR</name>
         <value>0x2000885b</value>
         <object_component_ref idref="oc-3e2"/>
      </symbol>
      <symbol id="sm-115c">
         <name>xQueueCreateMutex</name>
         <value>0x20007ea7</value>
         <object_component_ref idref="oc-3e2"/>
      </symbol>
      <symbol id="sm-115d">
         <name>vQueueSetQueueNumber</name>
         <value>0x2000850f</value>
         <object_component_ref idref="oc-3e2"/>
      </symbol>
      <symbol id="sm-115e">
         <name>xQueueGenericSend</name>
         <value>0x20007f45</value>
         <object_component_ref idref="oc-3e2"/>
      </symbol>
      <symbol id="sm-115f">
         <name>xQueueGenericReset</name>
         <value>0x20007da1</value>
         <object_component_ref idref="oc-3e2"/>
      </symbol>
      <symbol id="sm-1160">
         <name>xQueueReceiveFromISR</name>
         <value>0x200083d9</value>
         <object_component_ref idref="oc-3e2"/>
      </symbol>
      <symbol id="sm-1161">
         <name>uxQueueSpacesAvailable</name>
         <value>0x200084ab</value>
         <object_component_ref idref="oc-3e2"/>
      </symbol>
      <symbol id="sm-1162">
         <name>xQueueRegistry</name>
         <value>0x20020004</value>
         <object_component_ref idref="oc-5b4"/>
      </symbol>
      <symbol id="sm-1163">
         <name>vQueueUnregisterQueue</name>
         <value>0x2000877d</value>
         <object_component_ref idref="oc-3e2"/>
      </symbol>
      <symbol id="sm-1164">
         <name>xQueueAltGenericReceive</name>
         <value>0x200080fd</value>
         <object_component_ref idref="oc-3e2"/>
      </symbol>
      <symbol id="sm-1165">
         <name>uxQueueMessagesWaitingFromISR</name>
         <value>0x200084cb</value>
         <object_component_ref idref="oc-3e2"/>
      </symbol>
      <symbol id="sm-1166">
         <name>uxQueueGetQueueNumber</name>
         <value>0x20008501</value>
         <object_component_ref idref="oc-3e2"/>
      </symbol>
      <symbol id="sm-1167">
         <name>xQueueGenericReceive</name>
         <value>0x20008297</value>
         <object_component_ref idref="oc-3e2"/>
      </symbol>
      <symbol id="sm-1168">
         <name>xQueueCreateCountingSemaphore</name>
         <value>0x20007f25</value>
         <object_component_ref idref="oc-3e2"/>
      </symbol>
      <symbol id="sm-1169">
         <name>vQueueDelete</name>
         <value>0x200084dd</value>
         <object_component_ref idref="oc-3e2"/>
      </symbol>
      <symbol id="sm-116a">
         <name>xQueueAddToSet</name>
         <value>0x200087cb</value>
         <object_component_ref idref="oc-3e2"/>
      </symbol>
      <symbol id="sm-116b">
         <name>xQueueAltGenericSend</name>
         <value>0x20008051</value>
         <object_component_ref idref="oc-3e2"/>
      </symbol>
      <symbol id="sm-116c">
         <name>xQueueCreateSet</name>
         <value>0x200087b7</value>
         <object_component_ref idref="oc-3e2"/>
      </symbol>
      <symbol id="sm-116d">
         <name>xQueueRemoveFromSet</name>
         <value>0x200087ff</value>
         <object_component_ref idref="oc-3e2"/>
      </symbol>
      <symbol id="sm-116e">
         <name>ucQueueGetQueueType</name>
         <value>0x20008521</value>
         <object_component_ref idref="oc-3e2"/>
      </symbol>
      <symbol id="sm-12de">
         <name>vTaskDelay</name>
         <value>0x20005ec3</value>
         <object_component_ref idref="oc-7a"/>
      </symbol>
      <symbol id="sm-12df">
         <name>vTaskSuspendAll</name>
         <value>0x20006327</value>
         <object_component_ref idref="oc-7a"/>
      </symbol>
      <symbol id="sm-12e0">
         <name>vTaskPriorityInherit</name>
         <value>0x20006d65</value>
         <object_component_ref idref="oc-7a"/>
      </symbol>
      <symbol id="sm-12e1">
         <name>vTaskPlaceOnEventList</name>
         <value>0x200066d9</value>
         <object_component_ref idref="oc-7a"/>
      </symbol>
      <symbol id="sm-12e2">
         <name>vTaskSetTaskNumber</name>
         <value>0x20006971</value>
         <object_component_ref idref="oc-7a"/>
      </symbol>
      <symbol id="sm-12e3">
         <name>xTaskCheckForTimeOut</name>
         <value>0x200068c9</value>
         <object_component_ref idref="oc-7a"/>
      </symbol>
      <symbol id="sm-12e4">
         <name>xTaskRemoveFromUnorderedEventList</name>
         <value>0x20006835</value>
         <object_component_ref idref="oc-7a"/>
      </symbol>
      <symbol id="sm-12e5">
         <name>vTaskPrioritySet</name>
         <value>0x20005fe5</value>
         <object_component_ref idref="oc-7a"/>
      </symbol>
      <symbol id="sm-12e6">
         <name>vTaskStartScheduler</name>
         <value>0x200062cb</value>
         <object_component_ref idref="oc-7a"/>
      </symbol>
      <symbol id="sm-12e7">
         <name>pcTaskGetTaskName</name>
         <value>0x2000643d</value>
         <object_component_ref idref="oc-7a"/>
      </symbol>
      <symbol id="sm-12e8">
         <name>vTaskPriorityDisinherit</name>
         <value>0x20006e1f</value>
         <object_component_ref idref="oc-7a"/>
      </symbol>
      <symbol id="sm-12e9">
         <name>vTaskDelayUntil</name>
         <value>0x20005e27</value>
         <object_component_ref idref="oc-7a"/>
      </symbol>
      <symbol id="sm-12ea">
         <name>uxTaskGetTaskNumber</name>
         <value>0x20006951</value>
         <object_component_ref idref="oc-7a"/>
      </symbol>
      <symbol id="sm-12eb">
         <name>vTaskEndScheduler</name>
         <value>0x20006315</value>
         <object_component_ref idref="oc-7a"/>
      </symbol>
      <symbol id="sm-12ec">
         <name>vTaskMissedYield</name>
         <value>0x20006943</value>
         <object_component_ref idref="oc-7a"/>
      </symbol>
      <symbol id="sm-12ed">
         <name>uxTaskGetNumberOfTasks</name>
         <value>0x20006431</value>
         <object_component_ref idref="oc-7a"/>
      </symbol>
      <symbol id="sm-12ee">
         <name>uxTaskPriorityGet</name>
         <value>0x20005fad</value>
         <object_component_ref idref="oc-7a"/>
      </symbol>
      <symbol id="sm-12ef">
         <name>xTaskResumeAll</name>
         <value>0x20006339</value>
         <object_component_ref idref="oc-7a"/>
      </symbol>
      <symbol id="sm-12f0">
         <name>xTaskGetTickCount</name>
         <value>0x20006405</value>
         <object_component_ref idref="oc-7a"/>
      </symbol>
      <symbol id="sm-12f1">
         <name>xTaskGenericCreate</name>
         <value>0x20005c89</value>
         <object_component_ref idref="oc-7a"/>
      </symbol>
      <symbol id="sm-12f2">
         <name>uxTaskGetSystemState</name>
         <value>0x20006461</value>
         <object_component_ref idref="oc-7a"/>
      </symbol>
      <symbol id="sm-12f3">
         <name>vTaskDelete</name>
         <value>0x20005d97</value>
         <object_component_ref idref="oc-7a"/>
      </symbol>
      <symbol id="sm-12f4">
         <name>pxCurrentTCB</name>
         <value>0x20020308</value>
         <object_component_ref idref="oc-80"/>
      </symbol>
      <symbol id="sm-12f5">
         <name>eTaskGetState</name>
         <value>0x20005f19</value>
         <object_component_ref idref="oc-7a"/>
      </symbol>
      <symbol id="sm-12f6">
         <name>vTaskSuspend</name>
         <value>0x200060e9</value>
         <object_component_ref idref="oc-7a"/>
      </symbol>
      <symbol id="sm-12f7">
         <name>xTaskGetIdleTaskHandle</name>
         <value>0x2000651f</value>
         <object_component_ref idref="oc-7a"/>
      </symbol>
      <symbol id="sm-12f8">
         <name>xTaskGetTickCountFromISR</name>
         <value>0x20006419</value>
         <object_component_ref idref="oc-7a"/>
      </symbol>
      <symbol id="sm-12f9">
         <name>vTaskResume</name>
         <value>0x200061dd</value>
         <object_component_ref idref="oc-7a"/>
      </symbol>
      <symbol id="sm-12fa">
         <name>vTaskSetTimeOutState</name>
         <value>0x200068a3</value>
         <object_component_ref idref="oc-7a"/>
      </symbol>
      <symbol id="sm-12fb">
         <name>xTaskIncrementTick</name>
         <value>0x2000653d</value>
         <object_component_ref idref="oc-7a"/>
      </symbol>
      <symbol id="sm-12fc">
         <name>vTaskSwitchContext</name>
         <value>0x20006659</value>
         <object_component_ref idref="oc-7a"/>
      </symbol>
      <symbol id="sm-12fd">
         <name>uxTaskResetEventItemValue</name>
         <value>0x20006ea9</value>
         <object_component_ref idref="oc-7a"/>
      </symbol>
      <symbol id="sm-12fe">
         <name>xTaskGetSchedulerState</name>
         <value>0x20006d2d</value>
         <object_component_ref idref="oc-7a"/>
      </symbol>
      <symbol id="sm-12ff">
         <name>xTaskResumeFromISR</name>
         <value>0x20006251</value>
         <object_component_ref idref="oc-7a"/>
      </symbol>
      <symbol id="sm-1300">
         <name>xTaskGetCurrentTaskHandle</name>
         <value>0x20006d19</value>
         <object_component_ref idref="oc-7a"/>
      </symbol>
      <symbol id="sm-1301">
         <name>vTaskPlaceOnUnorderedEventList</name>
         <value>0x2000673d</value>
         <object_component_ref idref="oc-7a"/>
      </symbol>
      <symbol id="sm-1302">
         <name>xTaskRemoveFromEventList</name>
         <value>0x200067ad</value>
         <object_component_ref idref="oc-7a"/>
      </symbol>
      <symbol id="sm-1312">
         <name>pvPortMalloc</name>
         <value>0x2000d49d</value>
         <object_component_ref idref="oc-e8"/>
      </symbol>
      <symbol id="sm-1313">
         <name>vPortFree</name>
         <value>0x2000d4bd</value>
         <object_component_ref idref="oc-e8"/>
      </symbol>
      <symbol id="sm-1329">
         <name>uxListRemove</name>
         <value>0x2000abab</value>
         <object_component_ref idref="oc-d2"/>
      </symbol>
      <symbol id="sm-132a">
         <name>vListInsert</name>
         <value>0x2000ab45</value>
         <object_component_ref idref="oc-d2"/>
      </symbol>
      <symbol id="sm-132b">
         <name>vListInitialiseItem</name>
         <value>0x2000aaf9</value>
         <object_component_ref idref="oc-d2"/>
      </symbol>
      <symbol id="sm-132c">
         <name>vListInsertEnd</name>
         <value>0x2000ab09</value>
         <object_component_ref idref="oc-d2"/>
      </symbol>
      <symbol id="sm-132d">
         <name>vListInitialise</name>
         <value>0x2000aac9</value>
         <object_component_ref idref="oc-d2"/>
      </symbol>
      <symbol id="sm-132f">
         <name>__TI_static_base__</name>
         <value>0x2000e3c0</value>
      </symbol>
      <symbol id="sm-1330">
         <name>__TI_args_main</name>
         <value>0x1</value>
      </symbol>
      <symbol id="sm-1331">
         <name>SHT$$INIT_ARRAY$$Limit</name>
         <value>0x0</value>
      </symbol>
      <symbol id="sm-1332">
         <name>SHT$$INIT_ARRAY$$Base</name>
         <value>0x0</value>
      </symbol>
   </symbol_table>
   <title>Link successful</title>
</link_info>
